******************************************************************************
                  TI ARM Linker Unix v20.2.1                   
******************************************************************************
>> Linked Mon Mar 22 02:18:26 2021

OUTPUT FILE NAME:   <IOT_project1.out>
ENTRY POINT SYMBOL: "_c_int00_noargs"  address: 00004ba5


MEMORY CONFIGURATION

         name            origin    length      used     unused   attr    fill
----------------------  --------  ---------  --------  --------  ----  --------
  FLASH                 00000000   00040000  00004e7d  0003b183  R  X
  SRAM                  20000000   00008000  000010a4  00006f5c  RW X


SEGMENT ALLOCATION MAP

run origin  load origin   length   init length attrs members
----------  ----------- ---------- ----------- ----- -------
00000000    00000000    00004e80   00004e80    r-x
  00000000    00000000    0000026c   0000026c    r-- .intvecs
  0000026c    0000026c    00004ac0   00004ac0    r-x .text
  00004d2c    00004d2c    00000109   00000109    r-- .const
  00004e38    00004e38    00000048   00000048    r-- .cinit
20000000    20000000    000010a4   00000000    rw-
  20000000    20000000    00001000   00000000    rw- .stack
  20001000    20001000    00000068   00000000    rw- .bss
  20001068    20001068    0000003c   00000000    rw- .data


SECTION ALLOCATION MAP

 output                                  attributes/
section   page    origin      length       input sections
--------  ----  ----------  ----------   ----------------
.intvecs   0    00000000    0000026c     
                  00000000    0000026c     tm4c123gh6pm_startup_ccs.obj (.intvecs)

.text      0    0000026c    00004ac0     
                  0000026c    000013b8     eth0.obj (.text)
                  00001624    00000a4e     rtsv7M4_T_le_v4SPD16_eabi.lib : _printfi.c.obj (.text:__TI_printfi)
                  00002072    00000002                                   : div0.asm.obj (.text)
                  00002074    00000988     ethernet.obj (.text)
                  000029fc    000007c0     gpio.obj (.text)
                  000031bc    00000450     uart_input.obj (.text)
                  0000360c    00000270     rtsv7M4_T_le_v4SPD16_eabi.lib : _printfi.c.obj (.text:_pconv_a)
                  0000387c    000001d0                                   : _printfi.c.obj (.text:_pconv_g)
                  00003a4c    000001b6                                   : fd_add_t2.asm.obj (.text)
                  00003c02    00000002     --HOLE-- [fill = 0]
                  00003c04    00000160     spi0.obj (.text)
                  00003d64    0000013c     rtsv7M4_T_le_v4SPD16_eabi.lib : _printfi.c.obj (.text:_pconv_e)
                  00003ea0    00000136                                   : fd_div_t2.asm.obj (.text)
                  00003fd6    00000002     --HOLE-- [fill = 0]
                  00003fd8    00000124                                   : _printfi.c.obj (.text:fcvt)
                  000040fc    00000124     uart0.obj (.text)
                  00004220    00000110     rtsv7M4_T_le_v4SPD16_eabi.lib : s_scalbn.c.obj (.text:scalbn)
                  00004330    000000fc                                   : fd_mul_t2.asm.obj (.text)
                  0000442c    000000b1                                   : _printfi.c.obj (.text:_ltostr)
                  000044dd    00000001     --HOLE-- [fill = 0]
                  000044de    0000009c                                   : memcpy_t2.asm.obj (.text)
                  0000457a    00000096                                   : ull_div_t2.asm.obj (.text)
                  00004610    00000086                                   : fd_cmp_t2.asm.obj (.text:__aeabi_cdcmple)
                  00004696    00000086                                   : fd_cmp_t2.asm.obj (.text:__aeabi_cdrcmple)
                  0000471c    00000080     eeprom.obj (.text)
                  0000479c    0000007a     rtsv7M4_T_le_v4SPD16_eabi.lib : memset_t2.asm.obj (.text)
                  00004816    0000006e                                   : _printfi.c.obj (.text:_mcpy)
                  00004884    00000068                                   : copy_decompress_lzss.c.obj (.text:decompress:lzss:__TI_decompress_lzss)
                  000048ec    00000064                                   : s_frexp.c.obj (.text:frexp)
                  00004950    00000056                                   : _printfi.c.obj (.text:_pconv_f)
                  000049a6    00000054                                   : _ltoa.c.obj (.text:__TI_ltoa)
                  000049fa    00000052                                   : _printfi.c.obj (.text:_ecpy)
                  00004a4c    0000004c                                   : atoi.c.obj (.text:atoi)
                  00004a98    00000048                                   : fd_toi_t2.asm.obj (.text)
                  00004ae0    00000044                                   : autoinit.c.obj (.text:__TI_auto_init_nobinit_nopinit:__TI_auto_init_nobinit_nopinit)
                  00004b24    00000040                                   : sprintf.c.obj (.text:sprintf)
                  00004b64    0000003e                                   : _printfi.c.obj (.text:_fcpy)
                  00004ba2    00000002     --HOLE-- [fill = 0]
                  00004ba4    00000034                                   : boot_cortex_m.c.obj (.text:_c_int00_noargs:_c_int00_noargs)
                  00004bd8    0000002e                                   : i_tofd_t2.asm.obj (.text)
                  00004c06    00000024     wait.obj (.text)
                  00004c2a    0000001c     rtsv7M4_T_le_v4SPD16_eabi.lib : copy_zero_init.c.obj (.text:decompress:ZI:__TI_zero_init_nomemset:__TI_zero_init_nomemset)
                  00004c46    0000001c                                   : memccpy.c.obj (.text:memccpy)
                  00004c62    0000001a                                   : s_copysign.c.obj (.text:copysign)
                  00004c7c    00000018                                   : sprintf.c.obj (.text:_outs)
                  00004c94    00000018                                   : strcmp.c.obj (.text:strcmp)
                  00004cac    00000016                                   : strchr.c.obj (.text:strchr)
                  00004cc2    00000014                                   : strlen.c.obj (.text:strlen)
                  00004cd6    00000012                                   : wcslen.c.obj (.text:wcslen)
                  00004ce8    00000010     clock.obj (.text)
                  00004cf8    0000000e     rtsv7M4_T_le_v4SPD16_eabi.lib : copy_decompress_none.c.obj (.text:decompress:none:__TI_decompress_none)
                  00004d06    0000000c     tm4c123gh6pm_startup_ccs.obj (.text)
                  00004d12    0000000a     rtsv7M4_T_le_v4SPD16_eabi.lib : sprintf.c.obj (.text:_outc)
                  00004d1c    00000008                                   : errno.c.obj (.text:__aeabi_errno_addr)
                  00004d24    00000004                                   : pre_init.c.obj (.text:_system_pre_init)
                  00004d28    00000004                                   : exit.c.obj (.text:abort:abort)

.const     0    00004d2c    00000109     
                  00004d2c    00000101     rtsv7M4_T_le_v4SPD16_eabi.lib : ctype.c.obj (.const:.string:_ctypes_)
                  00004e2d    00000004     ethernet.obj (.const:.string:$P$T0$1)
                  00004e31    00000004     ethernet.obj (.const:.string:$P$T1$2)

.cinit     0    00004e38    00000048     
                  00004e38    00000023     (.cinit..data.load) [load image, compression = lzss]
                  00004e5b    00000001     --HOLE-- [fill = 0]
                  00004e5c    0000000c     (__TI_handler_table)
                  00004e68    00000008     (.cinit..bss.load) [load image, compression = zero_init]
                  00004e70    00000010     (__TI_cinit_table)

.init_array 
*          0    00000000    00000000     UNINITIALIZED

.bss       0    20001000    00000068     UNINITIALIZED
                  20001000    00000064     (.common:chartxBuffer)
                  20001064    00000004     (.common:mqtt_ip)

.data      0    20001068    0000003c     UNINITIALIZED
                  20001068    00000020     ethernet.obj (.data)
                  20001088    00000006     eth0.obj (.data:macAddress)
                  2000108e    00000004     eth0.obj (.data)
                  20001092    00000004     eth0.obj (.data:ipAddress)
                  20001096    00000004     eth0.obj (.data:ipGwAddress)
                  2000109a    00000004     eth0.obj (.data:ipSubnetMask)
                  2000109e    00000001     uart_input.obj (.data)
                  2000109f    00000001     --HOLE--
                  200010a0    00000004     rtsv7M4_T_le_v4SPD16_eabi.lib : errno.c.obj (.data)

.stack     0    20000000    00001000     UNINITIALIZED
                  20000000    00000004     rtsv7M4_T_le_v4SPD16_eabi.lib : boot_cortex_m.c.obj (.stack)
                  20000004    00000ffc     --HOLE--

__llvm_prf_cnts 
*          0    20000000    00000000     UNINITIALIZED

MODULE SUMMARY

       Module                         code    ro data   rw data
       ------                         ----    -------   -------
    ./
       eth0.obj                       5048    0         22     
       ethernet.obj                   2440    8         136    
       gpio.obj                       1984    0         0      
       uart_input.obj                 1104    0         1      
       tm4c123gh6pm_startup_ccs.obj   12      620       0      
       spi0.obj                       352     0         0      
       uart0.obj                      292     0         0      
       eeprom.obj                     128     0         0      
       wait.obj                       36      0         0      
       clock.obj                      16      0         0      
    +--+------------------------------+-------+---------+---------+
       Total:                         11412   628       159    
                                                               
    /Applications/ti/ccs1011/ccs/tools/compiler/ti-cgt-arm_20.2.1.LTS/lib/rtsv7M4_T_le_v4SPD16_eabi.lib
       _printfi.c.obj                 4851    0         0      
       fd_add_t2.asm.obj              438     0         0      
       fd_div_t2.asm.obj              310     0         0      
       s_scalbn.c.obj                 272     0         0      
       fd_cmp_t2.asm.obj              268     0         0      
       ctype.c.obj                    0       257       0      
       fd_mul_t2.asm.obj              252     0         0      
       memcpy_t2.asm.obj              156     0         0      
       ull_div_t2.asm.obj             150     0         0      
       memset_t2.asm.obj              122     0         0      
       copy_decompress_lzss.c.obj     104     0         0      
       s_frexp.c.obj                  100     0         0      
       sprintf.c.obj                  98      0         0      
       _ltoa.c.obj                    84      0         0      
       atoi.c.obj                     76      0         0      
       fd_toi_t2.asm.obj              72      0         0      
       autoinit.c.obj                 68      0         0      
       boot_cortex_m.c.obj            52      0         0      
       i_tofd_t2.asm.obj              46      0         0      
       copy_zero_init.c.obj           28      0         0      
       memccpy.c.obj                  28      0         0      
       s_copysign.c.obj               26      0         0      
       strcmp.c.obj                   24      0         0      
       strchr.c.obj                   22      0         0      
       strlen.c.obj                   20      0         0      
       wcslen.c.obj                   18      0         0      
       copy_decompress_none.c.obj     14      0         0      
       errno.c.obj                    8       0         4      
       exit.c.obj                     4       0         0      
       pre_init.c.obj                 4       0         0      
       div0.asm.obj                   2       0         0      
    +--+------------------------------+-------+---------+---------+
       Total:                         7717    257       4      
                                                               
       Stack:                         0       0         4096   
       Linker Generated:              0       71        0      
    +--+------------------------------+-------+---------+---------+
       Grand Total:                   19129   956       4259   


LINKER GENERATED COPY TABLES

__TI_cinit_table @ 00004e70 records: 2, size/record: 8, table size: 16
	.data: load addr=00004e38, load size=00000023 bytes, run addr=20001068, run size=0000003c bytes, compression=lzss
	.bss: load addr=00004e68, load size=00000008 bytes, run addr=20001000, run size=00000068 bytes, compression=zero_init


LINKER GENERATED HANDLER TABLE

__TI_handler_table @ 00004e5c records: 3, size/record: 4, table size: 12
	index: 0, handler: __TI_decompress_lzss
	index: 1, handler: __TI_decompress_none
	index: 2, handler: __TI_zero_init


GLOBAL SYMBOLS: SORTED ALPHABETICALLY BY Name 

address   name                          
-------   ----                          
20001070  BUFFER_LENGTH                 
00004d29  C$$EXIT                       
0000234f  MQTTremaininglength           
20001068  ReadIndex                     
00004d07  ResetISR                      
20001080  SENDACK                       
2000106c  WriteIndex                    
20001000  __STACK_END                   
00001000  __STACK_SIZE                  
20000200  __STACK_TOP                   
00004e70  __TI_CINIT_Base               
00004e80  __TI_CINIT_Limit              
00004e5c  __TI_Handler_Table_Base       
00004e68  __TI_Handler_Table_Limit      
00004ae1  __TI_auto_init_nobinit_nopinit
00004885  __TI_decompress_lzss          
00004cf9  __TI_decompress_none          
000049a7  __TI_ltoa                     
ffffffff  __TI_pprof_out_hndl           
00001625  __TI_printfi                  
ffffffff  __TI_prof_data_size           
ffffffff  __TI_prof_data_start          
00000000  __TI_static_base__            
00004c2b  __TI_zero_init_nomemset       
00004611  __aeabi_cdcmpeq               
00004611  __aeabi_cdcmple               
00004697  __aeabi_cdrcmple              
00004a99  __aeabi_d2iz                  
00003a57  __aeabi_dadd                  
00003ea1  __aeabi_ddiv                  
00004331  __aeabi_dmul                  
00003a4d  __aeabi_dsub                  
00004d1d  __aeabi_errno_addr            
00004bd9  __aeabi_i2d                   
00002073  __aeabi_idiv0                 
00002073  __aeabi_ldiv0                 
0000479d  __aeabi_memclr                
0000479d  __aeabi_memclr4               
0000479d  __aeabi_memclr8               
000044df  __aeabi_memcpy                
000044df  __aeabi_memcpy4               
000044df  __aeabi_memcpy8               
0000479f  __aeabi_memset                
0000479f  __aeabi_memset4               
0000479f  __aeabi_memset8               
0000457b  __aeabi_uldivmod              
ffffffff  __binit__                     
ffffffff  __c_args__                    
UNDEFED   __mpu_init                    
20000000  __stack                       
20000000  __start___llvm_prf_cnts       
20000000  __stop___llvm_prf_cnts        
00004ba5  _c_int00_noargs               
00004d2c  _ctypes_                      
UNDEFED   _system_post_cinit            
00004d25  _system_pre_init              
00004d29  abort                         
20001078  acknum                        
00004a4d  atoi                          
ffffffff  binit                         
20001000  chartxBuffer                  
000022e9  checkCommand                  
00004c63  copysign                      
00004c63  copysignl                     
20001084  data_length                   
20001091  dhcpEnabled                   
0000302d  disablePinInterrupt           
00002d65  disablePinPulldown            
00002d1d  disablePinPullup              
00002ab9  disablePort                   
000020a9  displayConnectionInfo         
0000224b  displayUart0                  
20001086  eeprom_address                
00003009  enablePinInterrupt            
00002d41  enablePinPulldown             
00002cef  enablePinPullup               
000029fd  enablePort                    
0000238f  encodeUTF                     
2000109e  enterispressed                
200010a0  errno                         
00000b51  etherCalcIpChecksum           
00000539  etherClearReg                 
00000491  etherCsOff                    
0000047b  etherCsOn                     
000013c7  etherDisableDhcpMode          
000013bf  etherEnableDhcpMode           
000013a9  etherGetId                    
00001439  etherGetIpAddress             
0000151d  etherGetIpGatewayAddress      
000014ab  etherGetIpSubnetMask          
00001599  etherGetMacAddress            
000008b7  etherGetPacket                
000011db  etherGetUdpData               
000013b5  etherIncId                    
00000689  etherInit                     
00000e15  etherIsArpRequest             
00000eb3  etherIsArpResponse            
0000086d  etherIsDataAvailable          
000013cf  etherIsDhcpEnabled            
00000be5  etherIsIp                     
00000c55  etherIsIpUnicast              
000013d5  etherIsIpValid                
00000853  etherIsLinkUp                 
00000887  etherIsOverflow               
00000cb9  etherIsPingRequest            
00001133  etherIsUdp                    
000009a9  etherPutPacket                
00000671  etherReadMem                  
0000065f  etherReadMemStart             
00000681  etherReadMemStop              
000005c5  etherReadPhy                  
000004d3  etherReadReg                  
00001025  etherSendArpRequest           
00000f55  etherSendArpResponse          
00000d05  etherSendPingResponse         
0000120d  etherSendUdpResponse          
0000056d  etherSetBank                  
00001401  etherSetIpAddress             
000014e5  etherSetIpGatewayAddress      
00001473  etherSetIpSubnetMask          
00001557  etherSetMacAddress            
00000505  etherSetReg                   
00000a8f  etherSumWords                 
00000643  etherWriteMem                 
00000631  etherWriteMemStart            
00000657  etherWriteMemStop             
00000589  etherWritePhy                 
0000049f  etherWriteReg                 
2000107c  flag                          
000048ed  frexp                         
000048ed  frexpl                        
00000000  g_pfnVectors                  
00000b15  getEtherChecksum              
000032a5  getFieldInteger               
00003239  getFieldString                
00003077  getPinValue                   
0000312d  getPortValue                  
000041cf  getcUart0                     
00003597  getsUart0                     
00000bad  htonl                         
00000b89  htons                         
0000471d  initEeprom                    
00002075  initHw                        
00003c05  initSpi0                      
00004ce9  initSystemClockTo40Mhz        
000040fd  initUart0                     
20001092  ipAddress                     
20001096  ipGwAddress                   
2000109a  ipSubnetMask                  
000031bd  isCommand                     
000041e3  kbhitUart0                    
00004221  ldexp                         
00004221  ldexpl                        
20001088  macAddress                    
00002475  main                          
00004c47  memccpy                       
000044df  memcpy                        
000047a5  memset                        
20001064  mqtt_ip                       
2000108e  nextPacketLsb                 
2000108f  nextPacketMsb                 
0000331f  parseFields                   
00004187  putcUart0                     
000041a3  putsUart0                     
00004761  readEeprom                    
00003d3d  readSpi0Data                  
00004221  scalbn                        
00004221  scalbnl                       
00002c23  selectPinAnalogInput          
00002bd5  selectPinDigitalInput         
00002f3f  selectPinInterruptBothEdges   
00002eef  selectPinInterruptFallingEdge 
00002f95  selectPinInterruptHighLevel   
00002fcf  selectPinInterruptLowLevel    
00002e9f  selectPinInterruptRisingEdge  
00002b87  selectPinOpenDrainOutput      
00002b39  selectPinPushPullOutput       
0000026d  sendTCP                       
20001090  sequenceId                    
20001074  sequencenum                   
00002d8d  setPinAuxFunction             
00002c73  setPinCommitControl           
00003051  setPinValue                   
000030a9  setPortValue                  
00003ca1  setSpi0BaudRate               
00003cd7  setSpi0Mode                   
00004147  setUart0BaudRate              
00004b25  sprintf                       
00004cad  strchr                        
00004c95  strcmp                        
00004cc3  strlen                        
00004c07  waitMicrosecond               
00004cd7  wcslen                        
00004733  writeEeprom                   
00003d25  writeSpi0Data                 


GLOBAL SYMBOLS: SORTED BY Symbol Address 

address   name                          
-------   ----                          
00000000  __TI_static_base__            
00000000  g_pfnVectors                  
0000026d  sendTCP                       
0000047b  etherCsOn                     
00000491  etherCsOff                    
0000049f  etherWriteReg                 
000004d3  etherReadReg                  
00000505  etherSetReg                   
00000539  etherClearReg                 
0000056d  etherSetBank                  
00000589  etherWritePhy                 
000005c5  etherReadPhy                  
00000631  etherWriteMemStart            
00000643  etherWriteMem                 
00000657  etherWriteMemStop             
0000065f  etherReadMemStart             
00000671  etherReadMem                  
00000681  etherReadMemStop              
00000689  etherInit                     
00000853  etherIsLinkUp                 
0000086d  etherIsDataAvailable          
00000887  etherIsOverflow               
000008b7  etherGetPacket                
000009a9  etherPutPacket                
00000a8f  etherSumWords                 
00000b15  getEtherChecksum              
00000b51  etherCalcIpChecksum           
00000b89  htons                         
00000bad  htonl                         
00000be5  etherIsIp                     
00000c55  etherIsIpUnicast              
00000cb9  etherIsPingRequest            
00000d05  etherSendPingResponse         
00000e15  etherIsArpRequest             
00000eb3  etherIsArpResponse            
00000f55  etherSendArpResponse          
00001000  __STACK_SIZE                  
00001025  etherSendArpRequest           
00001133  etherIsUdp                    
000011db  etherGetUdpData               
0000120d  etherSendUdpResponse          
000013a9  etherGetId                    
000013b5  etherIncId                    
000013bf  etherEnableDhcpMode           
000013c7  etherDisableDhcpMode          
000013cf  etherIsDhcpEnabled            
000013d5  etherIsIpValid                
00001401  etherSetIpAddress             
00001439  etherGetIpAddress             
00001473  etherSetIpSubnetMask          
000014ab  etherGetIpSubnetMask          
000014e5  etherSetIpGatewayAddress      
0000151d  etherGetIpGatewayAddress      
00001557  etherSetMacAddress            
00001599  etherGetMacAddress            
00001625  __TI_printfi                  
00002073  __aeabi_idiv0                 
00002073  __aeabi_ldiv0                 
00002075  initHw                        
000020a9  displayConnectionInfo         
0000224b  displayUart0                  
000022e9  checkCommand                  
0000234f  MQTTremaininglength           
0000238f  encodeUTF                     
00002475  main                          
000029fd  enablePort                    
00002ab9  disablePort                   
00002b39  selectPinPushPullOutput       
00002b87  selectPinOpenDrainOutput      
00002bd5  selectPinDigitalInput         
00002c23  selectPinAnalogInput          
00002c73  setPinCommitControl           
00002cef  enablePinPullup               
00002d1d  disablePinPullup              
00002d41  enablePinPulldown             
00002d65  disablePinPulldown            
00002d8d  setPinAuxFunction             
00002e9f  selectPinInterruptRisingEdge  
00002eef  selectPinInterruptFallingEdge 
00002f3f  selectPinInterruptBothEdges   
00002f95  selectPinInterruptHighLevel   
00002fcf  selectPinInterruptLowLevel    
00003009  enablePinInterrupt            
0000302d  disablePinInterrupt           
00003051  setPinValue                   
00003077  getPinValue                   
000030a9  setPortValue                  
0000312d  getPortValue                  
000031bd  isCommand                     
00003239  getFieldString                
000032a5  getFieldInteger               
0000331f  parseFields                   
00003597  getsUart0                     
00003a4d  __aeabi_dsub                  
00003a57  __aeabi_dadd                  
00003c05  initSpi0                      
00003ca1  setSpi0BaudRate               
00003cd7  setSpi0Mode                   
00003d25  writeSpi0Data                 
00003d3d  readSpi0Data                  
00003ea1  __aeabi_ddiv                  
000040fd  initUart0                     
00004147  setUart0BaudRate              
00004187  putcUart0                     
000041a3  putsUart0                     
000041cf  getcUart0                     
000041e3  kbhitUart0                    
00004221  ldexp                         
00004221  ldexpl                        
00004221  scalbn                        
00004221  scalbnl                       
00004331  __aeabi_dmul                  
000044df  __aeabi_memcpy                
000044df  __aeabi_memcpy4               
000044df  __aeabi_memcpy8               
000044df  memcpy                        
0000457b  __aeabi_uldivmod              
00004611  __aeabi_cdcmpeq               
00004611  __aeabi_cdcmple               
00004697  __aeabi_cdrcmple              
0000471d  initEeprom                    
00004733  writeEeprom                   
00004761  readEeprom                    
0000479d  __aeabi_memclr                
0000479d  __aeabi_memclr4               
0000479d  __aeabi_memclr8               
0000479f  __aeabi_memset                
0000479f  __aeabi_memset4               
0000479f  __aeabi_memset8               
000047a5  memset                        
00004885  __TI_decompress_lzss          
000048ed  frexp                         
000048ed  frexpl                        
000049a7  __TI_ltoa                     
00004a4d  atoi                          
00004a99  __aeabi_d2iz                  
00004ae1  __TI_auto_init_nobinit_nopinit
00004b25  sprintf                       
00004ba5  _c_int00_noargs               
00004bd9  __aeabi_i2d                   
00004c07  waitMicrosecond               
00004c2b  __TI_zero_init_nomemset       
00004c47  memccpy                       
00004c63  copysign                      
00004c63  copysignl                     
00004c95  strcmp                        
00004cad  strchr                        
00004cc3  strlen                        
00004cd7  wcslen                        
00004ce9  initSystemClockTo40Mhz        
00004cf9  __TI_decompress_none          
00004d07  ResetISR                      
00004d1d  __aeabi_errno_addr            
00004d25  _system_pre_init              
00004d29  C$$EXIT                       
00004d29  abort                         
00004d2c  _ctypes_                      
00004e5c  __TI_Handler_Table_Base       
00004e68  __TI_Handler_Table_Limit      
00004e70  __TI_CINIT_Base               
00004e80  __TI_CINIT_Limit              
20000000  __stack                       
20000000  __start___llvm_prf_cnts       
20000000  __stop___llvm_prf_cnts        
20000200  __STACK_TOP                   
20001000  __STACK_END                   
20001000  chartxBuffer                  
20001064  mqtt_ip                       
20001068  ReadIndex                     
2000106c  WriteIndex                    
20001070  BUFFER_LENGTH                 
20001074  sequencenum                   
20001078  acknum                        
2000107c  flag                          
20001080  SENDACK                       
20001084  data_length                   
20001086  eeprom_address                
20001088  macAddress                    
2000108e  nextPacketLsb                 
2000108f  nextPacketMsb                 
20001090  sequenceId                    
20001091  dhcpEnabled                   
20001092  ipAddress                     
20001096  ipGwAddress                   
2000109a  ipSubnetMask                  
2000109e  enterispressed                
200010a0  errno                         
ffffffff  __TI_pprof_out_hndl           
ffffffff  __TI_prof_data_size           
ffffffff  __TI_prof_data_start          
ffffffff  __binit__                     
ffffffff  __c_args__                    
ffffffff  binit                         
UNDEFED   __mpu_init                    
UNDEFED   _system_post_cinit            

[195 symbols]
