******************************************************************************
                  TI ARM Linker Unix v20.2.1                   
******************************************************************************
>> Linked Sun Mar 14 23:46:09 2021

OUTPUT FILE NAME:   <IOT_project1.out>
ENTRY POINT SYMBOL: "_c_int00_noargs"  address: 00004755


MEMORY CONFIGURATION

         name            origin    length      used     unused   attr    fill
----------------------  --------  ---------  --------  --------  ----  --------
  FLASH                 00000000   00040000  00004a25  0003b5db  R  X
  SRAM                  20000000   00008000  00001090  00006f70  RW X


SEGMENT ALLOCATION MAP

run origin  load origin   length   init length attrs members
----------  ----------- ---------- ----------- ----- -------
00000000    00000000    00004a28   00004a28    r-x
  00000000    00000000    0000026c   0000026c    r-- .intvecs
  0000026c    0000026c    00004670   00004670    r-x .text
  000048dc    000048dc    00000101   00000101    r-- .const
  000049e0    000049e0    00000048   00000048    r-- .cinit
20000000    20000000    00001090   00000000    rw-
  20000000    20000000    00001000   00000000    rw- .stack
  20001000    20001000    00000068   00000000    rw- .bss
  20001068    20001068    00000028   00000000    rw- .data


SECTION ALLOCATION MAP

 output                                  attributes/
section   page    origin      length       input sections
--------  ----  ----------  ----------   ----------------
.intvecs   0    00000000    0000026c     
                  00000000    0000026c     tm4c123gh6pm_startup_ccs.obj (.intvecs)

.text      0    0000026c    00004670     
                  0000026c    000012cc     eth0.obj (.text)
                  00001538    00000a4e     rtsv7M4_T_le_v4SPD16_eabi.lib : _printfi.c.obj (.text:__TI_printfi)
                  00001f86    00000002                                   : div0.asm.obj (.text)
                  00001f88    000007c0     gpio.obj (.text)
                  00002748    000006b4     ethernet.obj (.text)
                  00002dfc    00000440     uart_input.obj (.text)
                  0000323c    00000270     rtsv7M4_T_le_v4SPD16_eabi.lib : _printfi.c.obj (.text:_pconv_a)
                  000034ac    000001d0                                   : _printfi.c.obj (.text:_pconv_g)
                  0000367c    000001b6                                   : fd_add_t2.asm.obj (.text)
                  00003832    00000002     --HOLE-- [fill = 0]
                  00003834    00000160     spi0.obj (.text)
                  00003994    0000013c     rtsv7M4_T_le_v4SPD16_eabi.lib : _printfi.c.obj (.text:_pconv_e)
                  00003ad0    00000136                                   : fd_div_t2.asm.obj (.text)
                  00003c06    00000002     --HOLE-- [fill = 0]
                  00003c08    00000124                                   : _printfi.c.obj (.text:fcvt)
                  00003d2c    00000124     uart0.obj (.text)
                  00003e50    00000110     rtsv7M4_T_le_v4SPD16_eabi.lib : s_scalbn.c.obj (.text:scalbn)
                  00003f60    000000fc                                   : fd_mul_t2.asm.obj (.text)
                  0000405c    000000b1                                   : _printfi.c.obj (.text:_ltostr)
                  0000410d    00000001     --HOLE-- [fill = 0]
                  0000410e    0000009c                                   : memcpy_t2.asm.obj (.text)
                  000041aa    00000096                                   : ull_div_t2.asm.obj (.text)
                  00004240    00000086                                   : fd_cmp_t2.asm.obj (.text:__aeabi_cdcmple)
                  000042c6    00000086                                   : fd_cmp_t2.asm.obj (.text:__aeabi_cdrcmple)
                  0000434c    0000007a                                   : memset_t2.asm.obj (.text)
                  000043c6    0000006e                                   : _printfi.c.obj (.text:_mcpy)
                  00004434    00000068                                   : copy_decompress_lzss.c.obj (.text:decompress:lzss:__TI_decompress_lzss)
                  0000449c    00000064                                   : s_frexp.c.obj (.text:frexp)
                  00004500    00000056                                   : _printfi.c.obj (.text:_pconv_f)
                  00004556    00000054                                   : _ltoa.c.obj (.text:__TI_ltoa)
                  000045aa    00000052                                   : _printfi.c.obj (.text:_ecpy)
                  000045fc    0000004c                                   : atoi.c.obj (.text:atoi)
                  00004648    00000048                                   : fd_toi_t2.asm.obj (.text)
                  00004690    00000044                                   : autoinit.c.obj (.text:__TI_auto_init_nobinit_nopinit:__TI_auto_init_nobinit_nopinit)
                  000046d4    00000040                                   : sprintf.c.obj (.text:sprintf)
                  00004714    0000003e                                   : _printfi.c.obj (.text:_fcpy)
                  00004752    00000002     --HOLE-- [fill = 0]
                  00004754    00000034                                   : boot_cortex_m.c.obj (.text:_c_int00_noargs:_c_int00_noargs)
                  00004788    0000002e                                   : i_tofd_t2.asm.obj (.text)
                  000047b6    00000024     wait.obj (.text)
                  000047da    0000001c     rtsv7M4_T_le_v4SPD16_eabi.lib : copy_zero_init.c.obj (.text:decompress:ZI:__TI_zero_init_nomemset:__TI_zero_init_nomemset)
                  000047f6    0000001c                                   : memccpy.c.obj (.text:memccpy)
                  00004812    0000001a                                   : s_copysign.c.obj (.text:copysign)
                  0000482c    00000018                                   : sprintf.c.obj (.text:_outs)
                  00004844    00000018                                   : strcmp.c.obj (.text:strcmp)
                  0000485c    00000016                                   : strchr.c.obj (.text:strchr)
                  00004872    00000014                                   : strlen.c.obj (.text:strlen)
                  00004886    00000012                                   : wcslen.c.obj (.text:wcslen)
                  00004898    00000010     clock.obj (.text)
                  000048a8    0000000e     rtsv7M4_T_le_v4SPD16_eabi.lib : copy_decompress_none.c.obj (.text:decompress:none:__TI_decompress_none)
                  000048b6    0000000c     tm4c123gh6pm_startup_ccs.obj (.text)
                  000048c2    0000000a     rtsv7M4_T_le_v4SPD16_eabi.lib : sprintf.c.obj (.text:_outc)
                  000048cc    00000008                                   : errno.c.obj (.text:__aeabi_errno_addr)
                  000048d4    00000004                                   : pre_init.c.obj (.text:_system_pre_init)
                  000048d8    00000004                                   : exit.c.obj (.text:abort:abort)

.const     0    000048dc    00000101     
                  000048dc    00000101     rtsv7M4_T_le_v4SPD16_eabi.lib : ctype.c.obj (.const:.string:_ctypes_)

.cinit     0    000049e0    00000048     
                  000049e0    0000001d     (.cinit..data.load) [load image, compression = lzss]
                  000049fd    00000003     --HOLE-- [fill = 0]
                  00004a00    0000000c     (__TI_handler_table)
                  00004a0c    00000004     --HOLE-- [fill = 0]
                  00004a10    00000008     (.cinit..bss.load) [load image, compression = zero_init]
                  00004a18    00000010     (__TI_cinit_table)

.init_array 
*          0    00000000    00000000     UNINITIALIZED

.bss       0    20001000    00000068     UNINITIALIZED
                  20001000    00000064     (.common:chartxBuffer)
                  20001064    00000004     (.common:mqtt_ip)

.data      0    20001068    00000028     UNINITIALIZED
                  20001068    0000000c     ethernet.obj (.data)
                  20001074    00000006     eth0.obj (.data:macAddress)
                  2000107a    00000004     eth0.obj (.data)
                  2000107e    00000004     eth0.obj (.data:ipAddress)
                  20001082    00000004     eth0.obj (.data:ipGwAddress)
                  20001086    00000004     eth0.obj (.data:ipSubnetMask)
                  2000108a    00000002     --HOLE--
                  2000108c    00000004     rtsv7M4_T_le_v4SPD16_eabi.lib : errno.c.obj (.data)

.stack     0    20000000    00001000     UNINITIALIZED
                  20000000    00000004     rtsv7M4_T_le_v4SPD16_eabi.lib : boot_cortex_m.c.obj (.stack)
                  20000004    00000ffc     --HOLE--

__llvm_prf_cnts 
*          0    20000000    00000000     UNINITIALIZED

MODULE SUMMARY

       Module                         code    ro data   rw data
       ------                         ----    -------   -------
    ./
       eth0.obj                       4812    0         22     
       gpio.obj                       1984    0         0      
       ethernet.obj                   1716    0         116    
       uart_input.obj                 1088    0         0      
       tm4c123gh6pm_startup_ccs.obj   12      620       0      
       spi0.obj                       352     0         0      
       uart0.obj                      292     0         0      
       wait.obj                       36      0         0      
       clock.obj                      16      0         0      
    +--+------------------------------+-------+---------+---------+
       Total:                         10308   620       138    
                                                               
    /Applications/ti/ccs1011/ccs/tools/compiler/ti-cgt-arm_20.2.1.LTS/lib/rtsv7M4_T_le_v4SPD16_eabi.lib
       _printfi.c.obj                 4851    0         0      
       fd_add_t2.asm.obj              438     0         0      
       fd_div_t2.asm.obj              310     0         0      
       s_scalbn.c.obj                 272     0         0      
       fd_cmp_t2.asm.obj              268     0         0      
       ctype.c.obj                    0       257       0      
       fd_mul_t2.asm.obj              252     0         0      
       memcpy_t2.asm.obj              156     0         0      
       ull_div_t2.asm.obj             150     0         0      
       memset_t2.asm.obj              122     0         0      
       copy_decompress_lzss.c.obj     104     0         0      
       s_frexp.c.obj                  100     0         0      
       sprintf.c.obj                  98      0         0      
       _ltoa.c.obj                    84      0         0      
       atoi.c.obj                     76      0         0      
       fd_toi_t2.asm.obj              72      0         0      
       autoinit.c.obj                 68      0         0      
       boot_cortex_m.c.obj            52      0         0      
       i_tofd_t2.asm.obj              46      0         0      
       copy_zero_init.c.obj           28      0         0      
       memccpy.c.obj                  28      0         0      
       s_copysign.c.obj               26      0         0      
       strcmp.c.obj                   24      0         0      
       strchr.c.obj                   22      0         0      
       strlen.c.obj                   20      0         0      
       wcslen.c.obj                   18      0         0      
       copy_decompress_none.c.obj     14      0         0      
       errno.c.obj                    8       0         4      
       exit.c.obj                     4       0         0      
       pre_init.c.obj                 4       0         0      
       div0.asm.obj                   2       0         0      
    +--+------------------------------+-------+---------+---------+
       Total:                         7717    257       4      
                                                               
       Stack:                         0       0         4096   
       Linker Generated:              0       65        0      
    +--+------------------------------+-------+---------+---------+
       Grand Total:                   18025   942       4238   


LINKER GENERATED COPY TABLES

__TI_cinit_table @ 00004a18 records: 2, size/record: 8, table size: 16
	.data: load addr=000049e0, load size=0000001d bytes, run addr=20001068, run size=00000028 bytes, compression=lzss
	.bss: load addr=00004a10, load size=00000008 bytes, run addr=20001000, run size=00000068 bytes, compression=zero_init


LINKER GENERATED HANDLER TABLE

__TI_handler_table @ 00004a00 records: 3, size/record: 4, table size: 12
	index: 0, handler: __TI_decompress_lzss
	index: 1, handler: __TI_decompress_none
	index: 2, handler: __TI_zero_init


GLOBAL SYMBOLS: SORTED ALPHABETICALLY BY Name 

address   name                          
-------   ----                          
20001070  BUFFER_LENGTH                 
000048d9  C$$EXIT                       
20001068  ReadIndex                     
000048b7  ResetISR                      
2000106c  WriteIndex                    
20001000  __STACK_END                   
00001000  __STACK_SIZE                  
20000200  __STACK_TOP                   
00004a18  __TI_CINIT_Base               
00004a28  __TI_CINIT_Limit              
00004a00  __TI_Handler_Table_Base       
00004a0c  __TI_Handler_Table_Limit      
00004691  __TI_auto_init_nobinit_nopinit
00004435  __TI_decompress_lzss          
000048a9  __TI_decompress_none          
00004557  __TI_ltoa                     
ffffffff  __TI_pprof_out_hndl           
00001539  __TI_printfi                  
ffffffff  __TI_prof_data_size           
ffffffff  __TI_prof_data_start          
00000000  __TI_static_base__            
000047db  __TI_zero_init_nomemset       
00004241  __aeabi_cdcmpeq               
00004241  __aeabi_cdcmple               
000042c7  __aeabi_cdrcmple              
00004649  __aeabi_d2iz                  
00003687  __aeabi_dadd                  
00003ad1  __aeabi_ddiv                  
00003f61  __aeabi_dmul                  
0000367d  __aeabi_dsub                  
000048cd  __aeabi_errno_addr            
00004789  __aeabi_i2d                   
00001f87  __aeabi_idiv0                 
00001f87  __aeabi_ldiv0                 
0000434d  __aeabi_memclr                
0000434d  __aeabi_memclr4               
0000434d  __aeabi_memclr8               
0000410f  __aeabi_memcpy                
0000410f  __aeabi_memcpy4               
0000410f  __aeabi_memcpy8               
0000434f  __aeabi_memset                
0000434f  __aeabi_memset4               
0000434f  __aeabi_memset8               
000041ab  __aeabi_uldivmod              
ffffffff  __binit__                     
ffffffff  __c_args__                    
UNDEFED   __mpu_init                    
20000000  __stack                       
20000000  __start___llvm_prf_cnts       
20000000  __stop___llvm_prf_cnts        
00004755  _c_int00_noargs               
000048dc  _ctypes_                      
UNDEFED   _system_post_cinit            
000048d5  _system_pre_init              
000048d9  abort                         
000045fd  atoi                          
ffffffff  binit                         
20001000  chartxBuffer                  
000029bd  checkCommand                  
00004813  copysign                      
00004813  copysignl                     
2000107d  dhcpEnabled                   
000025b9  disablePinInterrupt           
000022f1  disablePinPulldown            
000022a9  disablePinPullup              
00002045  disablePort                   
0000277d  displayConnectionInfo         
0000291f  displayUart0                  
00002595  enablePinInterrupt            
000022cd  enablePinPulldown             
0000227b  enablePinPullup               
00001f89  enablePort                    
2000108c  errno                         
00000a95  etherCalcIpChecksum           
0000047d  etherClearReg                 
000003d5  etherCsOff                    
000003bf  etherCsOn                     
000012db  etherDisableDhcpMode          
000012d3  etherEnableDhcpMode           
000012bd  etherGetId                    
0000134f  etherGetIpAddress             
00001433  etherGetIpGatewayAddress      
000013c1  etherGetIpSubnetMask          
000014af  etherGetMacAddress            
000007fb  etherGetPacket                
000010ef  etherGetUdpData               
000012c9  etherIncId                    
000005cd  etherInit                     
00000d29  etherIsArpRequest             
00000dc7  etherIsArpResponse            
000007b1  etherIsDataAvailable          
000012e3  etherIsDhcpEnabled            
00000af1  etherIsIp                     
00000b69  etherIsIpUnicast              
000012e9  etherIsIpValid                
00000797  etherIsLinkUp                 
000007cb  etherIsOverflow               
00000bcd  etherIsPingRequest            
00001047  etherIsUdp                    
000008ed  etherPutPacket                
000005b1  etherReadMem                  
0000059f  etherReadMemStart             
000005c1  etherReadMemStop              
00000505  etherReadPhy                  
00000417  etherReadReg                  
00000f39  etherSendArpRequest           
00000e69  etherSendArpResponse          
00000c19  etherSendPingResponse         
00001121  etherSendUdpResponse          
000004b1  etherSetBank                  
00001317  etherSetIpAddress             
000013fb  etherSetIpGatewayAddress      
00001389  etherSetIpSubnetMask          
0000146d  etherSetMacAddress            
00000449  etherSetReg                   
000009d3  etherSumWords                 
00000583  etherWriteMem                 
00000571  etherWriteMemStart            
00000597  etherWriteMemStop             
000004cd  etherWritePhy                 
000003e3  etherWriteReg                 
0000449d  frexp                         
0000449d  frexpl                        
00000000  g_pfnVectors                  
00000a59  getEtherChecksum              
00002ee5  getFieldInteger               
00002e79  getFieldString                
00002603  getPinValue                   
000026b9  getPortValue                  
00003dff  getcUart0                     
000031d7  getsUart0                     
00000acd  htons                         
00002749  initHw                        
00003835  initSpi0                      
00004899  initSystemClockTo40Mhz        
00003d2d  initUart0                     
2000107e  ipAddress                     
20001082  ipGwAddress                   
20001086  ipSubnetMask                  
00002dfd  isCommand                     
00003e13  kbhitUart0                    
00003e51  ldexp                         
00003e51  ldexpl                        
20001074  macAddress                    
00002b05  main                          
000047f7  memccpy                       
0000410f  memcpy                        
00004355  memset                        
20001064  mqtt_ip                       
2000107a  nextPacketLsb                 
2000107b  nextPacketMsb                 
00002f5f  parseFields                   
00003db7  putcUart0                     
00003dd3  putsUart0                     
0000396d  readSpi0Data                  
00003e51  scalbn                        
00003e51  scalbnl                       
000021af  selectPinAnalogInput          
00002161  selectPinDigitalInput         
000024cb  selectPinInterruptBothEdges   
0000247b  selectPinInterruptFallingEdge 
00002521  selectPinInterruptHighLevel   
0000255b  selectPinInterruptLowLevel    
0000242b  selectPinInterruptRisingEdge  
00002113  selectPinOpenDrainOutput      
000020c5  selectPinPushPullOutput       
0000026d  sendTCP                       
2000107c  sequenceId                    
00002319  setPinAuxFunction             
000021ff  setPinCommitControl           
000025dd  setPinValue                   
00002635  setPortValue                  
000038d1  setSpi0BaudRate               
00003907  setSpi0Mode                   
00003d77  setUart0BaudRate              
000046d5  sprintf                       
0000485d  strchr                        
00004845  strcmp                        
00004873  strlen                        
000047b7  waitMicrosecond               
00004887  wcslen                        
00003955  writeSpi0Data                 


GLOBAL SYMBOLS: SORTED BY Symbol Address 

address   name                          
-------   ----                          
00000000  __TI_static_base__            
00000000  g_pfnVectors                  
0000026d  sendTCP                       
000003bf  etherCsOn                     
000003d5  etherCsOff                    
000003e3  etherWriteReg                 
00000417  etherReadReg                  
00000449  etherSetReg                   
0000047d  etherClearReg                 
000004b1  etherSetBank                  
000004cd  etherWritePhy                 
00000505  etherReadPhy                  
00000571  etherWriteMemStart            
00000583  etherWriteMem                 
00000597  etherWriteMemStop             
0000059f  etherReadMemStart             
000005b1  etherReadMem                  
000005c1  etherReadMemStop              
000005cd  etherInit                     
00000797  etherIsLinkUp                 
000007b1  etherIsDataAvailable          
000007cb  etherIsOverflow               
000007fb  etherGetPacket                
000008ed  etherPutPacket                
000009d3  etherSumWords                 
00000a59  getEtherChecksum              
00000a95  etherCalcIpChecksum           
00000acd  htons                         
00000af1  etherIsIp                     
00000b69  etherIsIpUnicast              
00000bcd  etherIsPingRequest            
00000c19  etherSendPingResponse         
00000d29  etherIsArpRequest             
00000dc7  etherIsArpResponse            
00000e69  etherSendArpResponse          
00000f39  etherSendArpRequest           
00001000  __STACK_SIZE                  
00001047  etherIsUdp                    
000010ef  etherGetUdpData               
00001121  etherSendUdpResponse          
000012bd  etherGetId                    
000012c9  etherIncId                    
000012d3  etherEnableDhcpMode           
000012db  etherDisableDhcpMode          
000012e3  etherIsDhcpEnabled            
000012e9  etherIsIpValid                
00001317  etherSetIpAddress             
0000134f  etherGetIpAddress             
00001389  etherSetIpSubnetMask          
000013c1  etherGetIpSubnetMask          
000013fb  etherSetIpGatewayAddress      
00001433  etherGetIpGatewayAddress      
0000146d  etherSetMacAddress            
000014af  etherGetMacAddress            
00001539  __TI_printfi                  
00001f87  __aeabi_idiv0                 
00001f87  __aeabi_ldiv0                 
00001f89  enablePort                    
00002045  disablePort                   
000020c5  selectPinPushPullOutput       
00002113  selectPinOpenDrainOutput      
00002161  selectPinDigitalInput         
000021af  selectPinAnalogInput          
000021ff  setPinCommitControl           
0000227b  enablePinPullup               
000022a9  disablePinPullup              
000022cd  enablePinPulldown             
000022f1  disablePinPulldown            
00002319  setPinAuxFunction             
0000242b  selectPinInterruptRisingEdge  
0000247b  selectPinInterruptFallingEdge 
000024cb  selectPinInterruptBothEdges   
00002521  selectPinInterruptHighLevel   
0000255b  selectPinInterruptLowLevel    
00002595  enablePinInterrupt            
000025b9  disablePinInterrupt           
000025dd  setPinValue                   
00002603  getPinValue                   
00002635  setPortValue                  
000026b9  getPortValue                  
00002749  initHw                        
0000277d  displayConnectionInfo         
0000291f  displayUart0                  
000029bd  checkCommand                  
00002b05  main                          
00002dfd  isCommand                     
00002e79  getFieldString                
00002ee5  getFieldInteger               
00002f5f  parseFields                   
000031d7  getsUart0                     
0000367d  __aeabi_dsub                  
00003687  __aeabi_dadd                  
00003835  initSpi0                      
000038d1  setSpi0BaudRate               
00003907  setSpi0Mode                   
00003955  writeSpi0Data                 
0000396d  readSpi0Data                  
00003ad1  __aeabi_ddiv                  
00003d2d  initUart0                     
00003d77  setUart0BaudRate              
00003db7  putcUart0                     
00003dd3  putsUart0                     
00003dff  getcUart0                     
00003e13  kbhitUart0                    
00003e51  ldexp                         
00003e51  ldexpl                        
00003e51  scalbn                        
00003e51  scalbnl                       
00003f61  __aeabi_dmul                  
0000410f  __aeabi_memcpy                
0000410f  __aeabi_memcpy4               
0000410f  __aeabi_memcpy8               
0000410f  memcpy                        
000041ab  __aeabi_uldivmod              
00004241  __aeabi_cdcmpeq               
00004241  __aeabi_cdcmple               
000042c7  __aeabi_cdrcmple              
0000434d  __aeabi_memclr                
0000434d  __aeabi_memclr4               
0000434d  __aeabi_memclr8               
0000434f  __aeabi_memset                
0000434f  __aeabi_memset4               
0000434f  __aeabi_memset8               
00004355  memset                        
00004435  __TI_decompress_lzss          
0000449d  frexp                         
0000449d  frexpl                        
00004557  __TI_ltoa                     
000045fd  atoi                          
00004649  __aeabi_d2iz                  
00004691  __TI_auto_init_nobinit_nopinit
000046d5  sprintf                       
00004755  _c_int00_noargs               
00004789  __aeabi_i2d                   
000047b7  waitMicrosecond               
000047db  __TI_zero_init_nomemset       
000047f7  memccpy                       
00004813  copysign                      
00004813  copysignl                     
00004845  strcmp                        
0000485d  strchr                        
00004873  strlen                        
00004887  wcslen                        
00004899  initSystemClockTo40Mhz        
000048a9  __TI_decompress_none          
000048b7  ResetISR                      
000048cd  __aeabi_errno_addr            
000048d5  _system_pre_init              
000048d9  C$$EXIT                       
000048d9  abort                         
000048dc  _ctypes_                      
00004a00  __TI_Handler_Table_Base       
00004a0c  __TI_Handler_Table_Limit      
00004a18  __TI_CINIT_Base               
00004a28  __TI_CINIT_Limit              
20000000  __stack                       
20000000  __start___llvm_prf_cnts       
20000000  __stop___llvm_prf_cnts        
20000200  __STACK_TOP                   
20001000  __STACK_END                   
20001000  chartxBuffer                  
20001064  mqtt_ip                       
20001068  ReadIndex                     
2000106c  WriteIndex                    
20001070  BUFFER_LENGTH                 
20001074  macAddress                    
2000107a  nextPacketLsb                 
2000107b  nextPacketMsb                 
2000107c  sequenceId                    
2000107d  dhcpEnabled                   
2000107e  ipAddress                     
20001082  ipGwAddress                   
20001086  ipSubnetMask                  
2000108c  errno                         
ffffffff  __TI_pprof_out_hndl           
ffffffff  __TI_prof_data_size           
ffffffff  __TI_prof_data_start          
ffffffff  __binit__                     
ffffffff  __c_args__                    
ffffffff  binit                         
UNDEFED   __mpu_init                    
UNDEFED   _system_post_cinit            

[182 symbols]
