******************************************************************************
                  TI ARM Linker Unix v20.2.1                   
******************************************************************************
>> Linked Tue Mar 16 13:08:01 2021

OUTPUT FILE NAME:   <IOT_project1.out>
ENTRY POINT SYMBOL: "_c_int00_noargs"  address: 00004879


MEMORY CONFIGURATION

         name            origin    length      used     unused   attr    fill
----------------------  --------  ---------  --------  --------  ----  --------
  FLASH                 00000000   00040000  00004b49  0003b4b7  R  X
  SRAM                  20000000   00008000  000010a0  00006f60  RW X


SEGMENT ALLOCATION MAP

run origin  load origin   length   init length attrs members
----------  ----------- ---------- ----------- ----- -------
00000000    00000000    00004b50   00004b50    r-x
  00000000    00000000    0000026c   0000026c    r-- .intvecs
  0000026c    0000026c    00004794   00004794    r-x .text
  00004a00    00004a00    00000101   00000101    r-- .const
  00004b08    00004b08    00000048   00000048    r-- .cinit
20000000    20000000    000010a0   00000000    rw-
  20000000    20000000    00001000   00000000    rw- .stack
  20001000    20001000    00000068   00000000    rw- .bss
  20001068    20001068    00000038   00000000    rw- .data


SECTION ALLOCATION MAP

 output                                  attributes/
section   page    origin      length       input sections
--------  ----  ----------  ----------   ----------------
.intvecs   0    00000000    0000026c     
                  00000000    0000026c     tm4c123gh6pm_startup_ccs.obj (.intvecs)

.text      0    0000026c    00004794     
                  0000026c    00001374     eth0.obj (.text)
                  000015e0    00000a4e     rtsv7M4_T_le_v4SPD16_eabi.lib : _printfi.c.obj (.text:__TI_printfi)
                  0000202e    00000002                                   : div0.asm.obj (.text)
                  00002030    000007c0     gpio.obj (.text)
                  000027f0    00000730     ethernet.obj (.text)
                  00002f20    00000440     uart_input.obj (.text)
                  00003360    00000270     rtsv7M4_T_le_v4SPD16_eabi.lib : _printfi.c.obj (.text:_pconv_a)
                  000035d0    000001d0                                   : _printfi.c.obj (.text:_pconv_g)
                  000037a0    000001b6                                   : fd_add_t2.asm.obj (.text)
                  00003956    00000002     --HOLE-- [fill = 0]
                  00003958    00000160     spi0.obj (.text)
                  00003ab8    0000013c     rtsv7M4_T_le_v4SPD16_eabi.lib : _printfi.c.obj (.text:_pconv_e)
                  00003bf4    00000136                                   : fd_div_t2.asm.obj (.text)
                  00003d2a    00000002     --HOLE-- [fill = 0]
                  00003d2c    00000124                                   : _printfi.c.obj (.text:fcvt)
                  00003e50    00000124     uart0.obj (.text)
                  00003f74    00000110     rtsv7M4_T_le_v4SPD16_eabi.lib : s_scalbn.c.obj (.text:scalbn)
                  00004084    000000fc                                   : fd_mul_t2.asm.obj (.text)
                  00004180    000000b1                                   : _printfi.c.obj (.text:_ltostr)
                  00004231    00000001     --HOLE-- [fill = 0]
                  00004232    0000009c                                   : memcpy_t2.asm.obj (.text)
                  000042ce    00000096                                   : ull_div_t2.asm.obj (.text)
                  00004364    00000086                                   : fd_cmp_t2.asm.obj (.text:__aeabi_cdcmple)
                  000043ea    00000086                                   : fd_cmp_t2.asm.obj (.text:__aeabi_cdrcmple)
                  00004470    0000007a                                   : memset_t2.asm.obj (.text)
                  000044ea    0000006e                                   : _printfi.c.obj (.text:_mcpy)
                  00004558    00000068                                   : copy_decompress_lzss.c.obj (.text:decompress:lzss:__TI_decompress_lzss)
                  000045c0    00000064                                   : s_frexp.c.obj (.text:frexp)
                  00004624    00000056                                   : _printfi.c.obj (.text:_pconv_f)
                  0000467a    00000054                                   : _ltoa.c.obj (.text:__TI_ltoa)
                  000046ce    00000052                                   : _printfi.c.obj (.text:_ecpy)
                  00004720    0000004c                                   : atoi.c.obj (.text:atoi)
                  0000476c    00000048                                   : fd_toi_t2.asm.obj (.text)
                  000047b4    00000044                                   : autoinit.c.obj (.text:__TI_auto_init_nobinit_nopinit:__TI_auto_init_nobinit_nopinit)
                  000047f8    00000040                                   : sprintf.c.obj (.text:sprintf)
                  00004838    0000003e                                   : _printfi.c.obj (.text:_fcpy)
                  00004876    00000002     --HOLE-- [fill = 0]
                  00004878    00000034                                   : boot_cortex_m.c.obj (.text:_c_int00_noargs:_c_int00_noargs)
                  000048ac    0000002e                                   : i_tofd_t2.asm.obj (.text)
                  000048da    00000024     wait.obj (.text)
                  000048fe    0000001c     rtsv7M4_T_le_v4SPD16_eabi.lib : copy_zero_init.c.obj (.text:decompress:ZI:__TI_zero_init_nomemset:__TI_zero_init_nomemset)
                  0000491a    0000001c                                   : memccpy.c.obj (.text:memccpy)
                  00004936    0000001a                                   : s_copysign.c.obj (.text:copysign)
                  00004950    00000018                                   : sprintf.c.obj (.text:_outs)
                  00004968    00000018                                   : strcmp.c.obj (.text:strcmp)
                  00004980    00000016                                   : strchr.c.obj (.text:strchr)
                  00004996    00000014                                   : strlen.c.obj (.text:strlen)
                  000049aa    00000012                                   : wcslen.c.obj (.text:wcslen)
                  000049bc    00000010     clock.obj (.text)
                  000049cc    0000000e     rtsv7M4_T_le_v4SPD16_eabi.lib : copy_decompress_none.c.obj (.text:decompress:none:__TI_decompress_none)
                  000049da    0000000c     tm4c123gh6pm_startup_ccs.obj (.text)
                  000049e6    0000000a     rtsv7M4_T_le_v4SPD16_eabi.lib : sprintf.c.obj (.text:_outc)
                  000049f0    00000008                                   : errno.c.obj (.text:__aeabi_errno_addr)
                  000049f8    00000004                                   : pre_init.c.obj (.text:_system_pre_init)
                  000049fc    00000004                                   : exit.c.obj (.text:abort:abort)

.const     0    00004a00    00000101     
                  00004a00    00000101     rtsv7M4_T_le_v4SPD16_eabi.lib : ctype.c.obj (.const:.string:_ctypes_)

.cinit     0    00004b08    00000048     
                  00004b08    00000023     (.cinit..data.load) [load image, compression = lzss]
                  00004b2b    00000001     --HOLE-- [fill = 0]
                  00004b2c    0000000c     (__TI_handler_table)
                  00004b38    00000008     (.cinit..bss.load) [load image, compression = zero_init]
                  00004b40    00000010     (__TI_cinit_table)

.init_array 
*          0    00000000    00000000     UNINITIALIZED

.bss       0    20001000    00000068     UNINITIALIZED
                  20001000    00000064     (.common:chartxBuffer)
                  20001064    00000004     (.common:mqtt_ip)

.data      0    20001068    00000038     UNINITIALIZED
                  20001068    0000001c     ethernet.obj (.data)
                  20001084    00000006     eth0.obj (.data:macAddress)
                  2000108a    00000004     eth0.obj (.data)
                  2000108e    00000004     eth0.obj (.data:ipAddress)
                  20001092    00000004     eth0.obj (.data:ipGwAddress)
                  20001096    00000004     eth0.obj (.data:ipSubnetMask)
                  2000109a    00000002     --HOLE--
                  2000109c    00000004     rtsv7M4_T_le_v4SPD16_eabi.lib : errno.c.obj (.data)

.stack     0    20000000    00001000     UNINITIALIZED
                  20000000    00000004     rtsv7M4_T_le_v4SPD16_eabi.lib : boot_cortex_m.c.obj (.stack)
                  20000004    00000ffc     --HOLE--

__llvm_prf_cnts 
*          0    20000000    00000000     UNINITIALIZED

MODULE SUMMARY

       Module                         code    ro data   rw data
       ------                         ----    -------   -------
    ./
       eth0.obj                       4980    0         22     
       gpio.obj                       1984    0         0      
       ethernet.obj                   1840    0         132    
       uart_input.obj                 1088    0         0      
       tm4c123gh6pm_startup_ccs.obj   12      620       0      
       spi0.obj                       352     0         0      
       uart0.obj                      292     0         0      
       wait.obj                       36      0         0      
       clock.obj                      16      0         0      
    +--+------------------------------+-------+---------+---------+
       Total:                         10600   620       154    
                                                               
    /Applications/ti/ccs1011/ccs/tools/compiler/ti-cgt-arm_20.2.1.LTS/lib/rtsv7M4_T_le_v4SPD16_eabi.lib
       _printfi.c.obj                 4851    0         0      
       fd_add_t2.asm.obj              438     0         0      
       fd_div_t2.asm.obj              310     0         0      
       s_scalbn.c.obj                 272     0         0      
       fd_cmp_t2.asm.obj              268     0         0      
       ctype.c.obj                    0       257       0      
       fd_mul_t2.asm.obj              252     0         0      
       memcpy_t2.asm.obj              156     0         0      
       ull_div_t2.asm.obj             150     0         0      
       memset_t2.asm.obj              122     0         0      
       copy_decompress_lzss.c.obj     104     0         0      
       s_frexp.c.obj                  100     0         0      
       sprintf.c.obj                  98      0         0      
       _ltoa.c.obj                    84      0         0      
       atoi.c.obj                     76      0         0      
       fd_toi_t2.asm.obj              72      0         0      
       autoinit.c.obj                 68      0         0      
       boot_cortex_m.c.obj            52      0         0      
       i_tofd_t2.asm.obj              46      0         0      
       copy_zero_init.c.obj           28      0         0      
       memccpy.c.obj                  28      0         0      
       s_copysign.c.obj               26      0         0      
       strcmp.c.obj                   24      0         0      
       strchr.c.obj                   22      0         0      
       strlen.c.obj                   20      0         0      
       wcslen.c.obj                   18      0         0      
       copy_decompress_none.c.obj     14      0         0      
       errno.c.obj                    8       0         4      
       exit.c.obj                     4       0         0      
       pre_init.c.obj                 4       0         0      
       div0.asm.obj                   2       0         0      
    +--+------------------------------+-------+---------+---------+
       Total:                         7717    257       4      
                                                               
       Stack:                         0       0         4096   
       Linker Generated:              0       71        0      
    +--+------------------------------+-------+---------+---------+
       Grand Total:                   18317   948       4254   


LINKER GENERATED COPY TABLES

__TI_cinit_table @ 00004b40 records: 2, size/record: 8, table size: 16
	.data: load addr=00004b08, load size=00000023 bytes, run addr=20001068, run size=00000038 bytes, compression=lzss
	.bss: load addr=00004b38, load size=00000008 bytes, run addr=20001000, run size=00000068 bytes, compression=zero_init


LINKER GENERATED HANDLER TABLE

__TI_handler_table @ 00004b2c records: 3, size/record: 4, table size: 12
	index: 0, handler: __TI_decompress_lzss
	index: 1, handler: __TI_decompress_none
	index: 2, handler: __TI_zero_init


GLOBAL SYMBOLS: SORTED ALPHABETICALLY BY Name 

address   name                          
-------   ----                          
20001070  BUFFER_LENGTH                 
000049fd  C$$EXIT                       
20001068  ReadIndex                     
000049db  ResetISR                      
2000106c  WriteIndex                    
20001000  __STACK_END                   
00001000  __STACK_SIZE                  
20000200  __STACK_TOP                   
00004b40  __TI_CINIT_Base               
00004b50  __TI_CINIT_Limit              
00004b2c  __TI_Handler_Table_Base       
00004b38  __TI_Handler_Table_Limit      
000047b5  __TI_auto_init_nobinit_nopinit
00004559  __TI_decompress_lzss          
000049cd  __TI_decompress_none          
0000467b  __TI_ltoa                     
ffffffff  __TI_pprof_out_hndl           
000015e1  __TI_printfi                  
ffffffff  __TI_prof_data_size           
ffffffff  __TI_prof_data_start          
00000000  __TI_static_base__            
000048ff  __TI_zero_init_nomemset       
00004365  __aeabi_cdcmpeq               
00004365  __aeabi_cdcmple               
000043eb  __aeabi_cdrcmple              
0000476d  __aeabi_d2iz                  
000037ab  __aeabi_dadd                  
00003bf5  __aeabi_ddiv                  
00004085  __aeabi_dmul                  
000037a1  __aeabi_dsub                  
000049f1  __aeabi_errno_addr            
000048ad  __aeabi_i2d                   
0000202f  __aeabi_idiv0                 
0000202f  __aeabi_ldiv0                 
00004471  __aeabi_memclr                
00004471  __aeabi_memclr4               
00004471  __aeabi_memclr8               
00004233  __aeabi_memcpy                
00004233  __aeabi_memcpy4               
00004233  __aeabi_memcpy8               
00004473  __aeabi_memset                
00004473  __aeabi_memset4               
00004473  __aeabi_memset8               
000042cf  __aeabi_uldivmod              
ffffffff  __binit__                     
ffffffff  __c_args__                    
UNDEFED   __mpu_init                    
20000000  __stack                       
20000000  __start___llvm_prf_cnts       
20000000  __stop___llvm_prf_cnts        
00004879  _c_int00_noargs               
00004a00  _ctypes_                      
UNDEFED   _system_post_cinit            
000049f9  _system_pre_init              
000049fd  abort                         
20001078  acknum                        
00004721  atoi                          
ffffffff  binit                         
20001000  chartxBuffer                  
00002a65  checkCommand                  
00004937  copysign                      
00004937  copysignl                     
2000108d  dhcpEnabled                   
00002661  disablePinInterrupt           
00002399  disablePinPulldown            
00002351  disablePinPullup              
000020ed  disablePort                   
00002825  displayConnectionInfo         
000029c7  displayUart0                  
0000263d  enablePinInterrupt            
00002375  enablePinPulldown             
00002323  enablePinPullup               
00002031  enablePort                    
2000109c  errno                         
00000b0d  etherCalcIpChecksum           
000004f7  etherClearReg                 
0000044f  etherCsOff                    
00000439  etherCsOn                     
00001383  etherDisableDhcpMode          
0000137b  etherEnableDhcpMode           
00001365  etherGetId                    
000013f5  etherGetIpAddress             
000014d9  etherGetIpGatewayAddress      
00001467  etherGetIpSubnetMask          
00001555  etherGetMacAddress            
00000873  etherGetPacket                
00001197  etherGetUdpData               
00001371  etherIncId                    
00000647  etherInit                     
00000dd1  etherIsArpRequest             
00000e6f  etherIsArpResponse            
00000829  etherIsDataAvailable          
0000138b  etherIsDhcpEnabled            
00000ba1  etherIsIp                     
00000c11  etherIsIpUnicast              
00001391  etherIsIpValid                
0000080f  etherIsLinkUp                 
00000843  etherIsOverflow               
00000c75  etherIsPingRequest            
000010ef  etherIsUdp                    
00000965  etherPutPacket                
0000062f  etherReadMem                  
0000061d  etherReadMemStart             
0000063f  etherReadMemStop              
0000057f  etherReadPhy                  
00000491  etherReadReg                  
00000fe1  etherSendArpRequest           
00000f11  etherSendArpResponse          
00000cc1  etherSendPingResponse         
000011c9  etherSendUdpResponse          
0000052b  etherSetBank                  
000013bd  etherSetIpAddress             
000014a1  etherSetIpGatewayAddress      
0000142f  etherSetIpSubnetMask          
00001513  etherSetMacAddress            
000004c3  etherSetReg                   
00000a4b  etherSumWords                 
00000601  etherWriteMem                 
000005eb  etherWriteMemStart            
00000615  etherWriteMemStop             
00000547  etherWritePhy                 
0000045d  etherWriteReg                 
2000107c  flag                          
000045c1  frexp                         
000045c1  frexpl                        
00000000  g_pfnVectors                  
00000ad1  getEtherChecksum              
00003009  getFieldInteger               
00002f9d  getFieldString                
000026ab  getPinValue                   
00002761  getPortValue                  
00003f23  getcUart0                     
000032fb  getsUart0                     
00000b69  htonl                         
00000b45  htons                         
000027f1  initHw                        
00003959  initSpi0                      
000049bd  initSystemClockTo40Mhz        
00003e51  initUart0                     
2000108e  ipAddress                     
20001092  ipGwAddress                   
20001096  ipSubnetMask                  
00002f21  isCommand                     
00003f37  kbhitUart0                    
00003f75  ldexp                         
00003f75  ldexpl                        
20001084  macAddress                    
00002be1  main                          
0000491b  memccpy                       
00004233  memcpy                        
00004479  memset                        
20001064  mqtt_ip                       
2000108a  nextPacketLsb                 
2000108b  nextPacketMsb                 
00003083  parseFields                   
00003edb  putcUart0                     
00003ef7  putsUart0                     
00003a91  readSpi0Data                  
20001080  recieve                       
00003f75  scalbn                        
00003f75  scalbnl                       
00002257  selectPinAnalogInput          
00002209  selectPinDigitalInput         
00002573  selectPinInterruptBothEdges   
00002523  selectPinInterruptFallingEdge 
000025c9  selectPinInterruptHighLevel   
00002603  selectPinInterruptLowLevel    
000024d3  selectPinInterruptRisingEdge  
000021bb  selectPinOpenDrainOutput      
0000216d  selectPinPushPullOutput       
0000026d  sendTCP                       
2000108c  sequenceId                    
20001074  sequencenum                   
000023c1  setPinAuxFunction             
000022a7  setPinCommitControl           
00002685  setPinValue                   
000026dd  setPortValue                  
000039f5  setSpi0BaudRate               
00003a2b  setSpi0Mode                   
00003e9b  setUart0BaudRate              
000047f9  sprintf                       
00004981  strchr                        
00004969  strcmp                        
00004997  strlen                        
000048db  waitMicrosecond               
000049ab  wcslen                        
00003a79  writeSpi0Data                 


GLOBAL SYMBOLS: SORTED BY Symbol Address 

address   name                          
-------   ----                          
00000000  __TI_static_base__            
00000000  g_pfnVectors                  
0000026d  sendTCP                       
00000439  etherCsOn                     
0000044f  etherCsOff                    
0000045d  etherWriteReg                 
00000491  etherReadReg                  
000004c3  etherSetReg                   
000004f7  etherClearReg                 
0000052b  etherSetBank                  
00000547  etherWritePhy                 
0000057f  etherReadPhy                  
000005eb  etherWriteMemStart            
00000601  etherWriteMem                 
00000615  etherWriteMemStop             
0000061d  etherReadMemStart             
0000062f  etherReadMem                  
0000063f  etherReadMemStop              
00000647  etherInit                     
0000080f  etherIsLinkUp                 
00000829  etherIsDataAvailable          
00000843  etherIsOverflow               
00000873  etherGetPacket                
00000965  etherPutPacket                
00000a4b  etherSumWords                 
00000ad1  getEtherChecksum              
00000b0d  etherCalcIpChecksum           
00000b45  htons                         
00000b69  htonl                         
00000ba1  etherIsIp                     
00000c11  etherIsIpUnicast              
00000c75  etherIsPingRequest            
00000cc1  etherSendPingResponse         
00000dd1  etherIsArpRequest             
00000e6f  etherIsArpResponse            
00000f11  etherSendArpResponse          
00000fe1  etherSendArpRequest           
00001000  __STACK_SIZE                  
000010ef  etherIsUdp                    
00001197  etherGetUdpData               
000011c9  etherSendUdpResponse          
00001365  etherGetId                    
00001371  etherIncId                    
0000137b  etherEnableDhcpMode           
00001383  etherDisableDhcpMode          
0000138b  etherIsDhcpEnabled            
00001391  etherIsIpValid                
000013bd  etherSetIpAddress             
000013f5  etherGetIpAddress             
0000142f  etherSetIpSubnetMask          
00001467  etherGetIpSubnetMask          
000014a1  etherSetIpGatewayAddress      
000014d9  etherGetIpGatewayAddress      
00001513  etherSetMacAddress            
00001555  etherGetMacAddress            
000015e1  __TI_printfi                  
0000202f  __aeabi_idiv0                 
0000202f  __aeabi_ldiv0                 
00002031  enablePort                    
000020ed  disablePort                   
0000216d  selectPinPushPullOutput       
000021bb  selectPinOpenDrainOutput      
00002209  selectPinDigitalInput         
00002257  selectPinAnalogInput          
000022a7  setPinCommitControl           
00002323  enablePinPullup               
00002351  disablePinPullup              
00002375  enablePinPulldown             
00002399  disablePinPulldown            
000023c1  setPinAuxFunction             
000024d3  selectPinInterruptRisingEdge  
00002523  selectPinInterruptFallingEdge 
00002573  selectPinInterruptBothEdges   
000025c9  selectPinInterruptHighLevel   
00002603  selectPinInterruptLowLevel    
0000263d  enablePinInterrupt            
00002661  disablePinInterrupt           
00002685  setPinValue                   
000026ab  getPinValue                   
000026dd  setPortValue                  
00002761  getPortValue                  
000027f1  initHw                        
00002825  displayConnectionInfo         
000029c7  displayUart0                  
00002a65  checkCommand                  
00002be1  main                          
00002f21  isCommand                     
00002f9d  getFieldString                
00003009  getFieldInteger               
00003083  parseFields                   
000032fb  getsUart0                     
000037a1  __aeabi_dsub                  
000037ab  __aeabi_dadd                  
00003959  initSpi0                      
000039f5  setSpi0BaudRate               
00003a2b  setSpi0Mode                   
00003a79  writeSpi0Data                 
00003a91  readSpi0Data                  
00003bf5  __aeabi_ddiv                  
00003e51  initUart0                     
00003e9b  setUart0BaudRate              
00003edb  putcUart0                     
00003ef7  putsUart0                     
00003f23  getcUart0                     
00003f37  kbhitUart0                    
00003f75  ldexp                         
00003f75  ldexpl                        
00003f75  scalbn                        
00003f75  scalbnl                       
00004085  __aeabi_dmul                  
00004233  __aeabi_memcpy                
00004233  __aeabi_memcpy4               
00004233  __aeabi_memcpy8               
00004233  memcpy                        
000042cf  __aeabi_uldivmod              
00004365  __aeabi_cdcmpeq               
00004365  __aeabi_cdcmple               
000043eb  __aeabi_cdrcmple              
00004471  __aeabi_memclr                
00004471  __aeabi_memclr4               
00004471  __aeabi_memclr8               
00004473  __aeabi_memset                
00004473  __aeabi_memset4               
00004473  __aeabi_memset8               
00004479  memset                        
00004559  __TI_decompress_lzss          
000045c1  frexp                         
000045c1  frexpl                        
0000467b  __TI_ltoa                     
00004721  atoi                          
0000476d  __aeabi_d2iz                  
000047b5  __TI_auto_init_nobinit_nopinit
000047f9  sprintf                       
00004879  _c_int00_noargs               
000048ad  __aeabi_i2d                   
000048db  waitMicrosecond               
000048ff  __TI_zero_init_nomemset       
0000491b  memccpy                       
00004937  copysign                      
00004937  copysignl                     
00004969  strcmp                        
00004981  strchr                        
00004997  strlen                        
000049ab  wcslen                        
000049bd  initSystemClockTo40Mhz        
000049cd  __TI_decompress_none          
000049db  ResetISR                      
000049f1  __aeabi_errno_addr            
000049f9  _system_pre_init              
000049fd  C$$EXIT                       
000049fd  abort                         
00004a00  _ctypes_                      
00004b2c  __TI_Handler_Table_Base       
00004b38  __TI_Handler_Table_Limit      
00004b40  __TI_CINIT_Base               
00004b50  __TI_CINIT_Limit              
20000000  __stack                       
20000000  __start___llvm_prf_cnts       
20000000  __stop___llvm_prf_cnts        
20000200  __STACK_TOP                   
20001000  __STACK_END                   
20001000  chartxBuffer                  
20001064  mqtt_ip                       
20001068  ReadIndex                     
2000106c  WriteIndex                    
20001070  BUFFER_LENGTH                 
20001074  sequencenum                   
20001078  acknum                        
2000107c  flag                          
20001080  recieve                       
20001084  macAddress                    
2000108a  nextPacketLsb                 
2000108b  nextPacketMsb                 
2000108c  sequenceId                    
2000108d  dhcpEnabled                   
2000108e  ipAddress                     
20001092  ipGwAddress                   
20001096  ipSubnetMask                  
2000109c  errno                         
ffffffff  __TI_pprof_out_hndl           
ffffffff  __TI_prof_data_size           
ffffffff  __TI_prof_data_start          
ffffffff  __binit__                     
ffffffff  __c_args__                    
ffffffff  binit                         
UNDEFED   __mpu_init                    
UNDEFED   _system_post_cinit            

[187 symbols]
