******************************************************************************
                  TI ARM Linker Unix v20.2.1                   
******************************************************************************
>> Linked Tue Mar 23 01:39:57 2021

OUTPUT FILE NAME:   <IOT_project1.out>
ENTRY POINT SYMBOL: "_c_int00_noargs"  address: 000053e9


MEMORY CONFIGURATION

         name            origin    length      used     unused   attr    fill
----------------------  --------  ---------  --------  --------  ----  --------
  FLASH                 00000000   00040000  000056dd  0003a923  R  X
  SRAM                  20000000   00008000  00001169  00006e97  RW X


SEGMENT ALLOCATION MAP

run origin  load origin   length   init length attrs members
----------  ----------- ---------- ----------- ----- -------
00000000    00000000    000056e0   000056e0    r-x
  00000000    00000000    0000026c   0000026c    r-- .intvecs
  0000026c    0000026c    00005318   00005318    r-x .text
  00005584    00005584    00000109   00000109    r-- .const
  00005690    00005690    00000050   00000050    r-- .cinit
20000000    20000000    0000116c   00000000    rw-
  20000000    20000000    00001000   00000000    rw- .stack
  20001000    20001000    00000125   00000000    rw- .bss
  20001128    20001128    00000044   00000000    rw- .data


SECTION ALLOCATION MAP

 output                                  attributes/
section   page    origin      length       input sections
--------  ----  ----------  ----------   ----------------
.intvecs   0    00000000    0000026c     
                  00000000    0000026c     tm4c123gh6pm_startup_ccs.obj (.intvecs)

.text      0    0000026c    00005318     
                  0000026c    000013b8     eth0.obj (.text)
                  00001624    000011bc     ethernet.obj (.text)
                  000027e0    00000a4e     rtsv7M4_T_le_v4SPD16_eabi.lib : _printfi.c.obj (.text:__TI_printfi)
                  0000322e    00000002                                   : div0.asm.obj (.text)
                  00003230    000007c0     gpio.obj (.text)
                  000039f0    0000045e     uart_input.obj (.text)
                  00003e4e    00000002     --HOLE-- [fill = 0]
                  00003e50    00000270     rtsv7M4_T_le_v4SPD16_eabi.lib : _printfi.c.obj (.text:_pconv_a)
                  000040c0    000001d0                                   : _printfi.c.obj (.text:_pconv_g)
                  00004290    000001b6                                   : fd_add_t2.asm.obj (.text)
                  00004446    00000002     --HOLE-- [fill = 0]
                  00004448    00000160     spi0.obj (.text)
                  000045a8    0000013c     rtsv7M4_T_le_v4SPD16_eabi.lib : _printfi.c.obj (.text:_pconv_e)
                  000046e4    00000136                                   : fd_div_t2.asm.obj (.text)
                  0000481a    00000002     --HOLE-- [fill = 0]
                  0000481c    00000124                                   : _printfi.c.obj (.text:fcvt)
                  00004940    00000124     uart0.obj (.text)
                  00004a64    00000110     rtsv7M4_T_le_v4SPD16_eabi.lib : s_scalbn.c.obj (.text:scalbn)
                  00004b74    000000fc                                   : fd_mul_t2.asm.obj (.text)
                  00004c70    000000b1                                   : _printfi.c.obj (.text:_ltostr)
                  00004d21    00000001     --HOLE-- [fill = 0]
                  00004d22    0000009c                                   : memcpy_t2.asm.obj (.text)
                  00004dbe    00000096                                   : ull_div_t2.asm.obj (.text)
                  00004e54    00000086                                   : fd_cmp_t2.asm.obj (.text:__aeabi_cdcmple)
                  00004eda    00000086                                   : fd_cmp_t2.asm.obj (.text:__aeabi_cdrcmple)
                  00004f60    00000080     eeprom.obj (.text)
                  00004fe0    0000007a     rtsv7M4_T_le_v4SPD16_eabi.lib : memset_t2.asm.obj (.text)
                  0000505a    0000006e                                   : _printfi.c.obj (.text:_mcpy)
                  000050c8    00000068                                   : copy_decompress_lzss.c.obj (.text:decompress:lzss:__TI_decompress_lzss)
                  00005130    00000064                                   : s_frexp.c.obj (.text:frexp)
                  00005194    00000056                                   : _printfi.c.obj (.text:_pconv_f)
                  000051ea    00000054                                   : _ltoa.c.obj (.text:__TI_ltoa)
                  0000523e    00000052                                   : _printfi.c.obj (.text:_ecpy)
                  00005290    0000004c                                   : atoi.c.obj (.text:atoi)
                  000052dc    00000048                                   : fd_toi_t2.asm.obj (.text)
                  00005324    00000044                                   : autoinit.c.obj (.text:__TI_auto_init_nobinit_nopinit:__TI_auto_init_nobinit_nopinit)
                  00005368    00000040                                   : sprintf.c.obj (.text:sprintf)
                  000053a8    0000003e                                   : _printfi.c.obj (.text:_fcpy)
                  000053e6    00000002     --HOLE-- [fill = 0]
                  000053e8    00000034                                   : boot_cortex_m.c.obj (.text:_c_int00_noargs:_c_int00_noargs)
                  0000541c    0000002e                                   : i_tofd_t2.asm.obj (.text)
                  0000544a    00000024     wait.obj (.text)
                  0000546e    0000001c     rtsv7M4_T_le_v4SPD16_eabi.lib : copy_zero_init.c.obj (.text:decompress:ZI:__TI_zero_init_nomemset:__TI_zero_init_nomemset)
                  0000548a    0000001c                                   : memccpy.c.obj (.text:memccpy)
                  000054a6    0000001a                                   : s_copysign.c.obj (.text:copysign)
                  000054c0    00000018                                   : sprintf.c.obj (.text:_outs)
                  000054d8    00000018                                   : strcmp.c.obj (.text:strcmp)
                  000054f0    00000016                                   : strchr.c.obj (.text:strchr)
                  00005506    00000014                                   : strcpy.c.obj (.text:strcpy)
                  0000551a    00000014                                   : strlen.c.obj (.text:strlen)
                  0000552e    00000012                                   : wcslen.c.obj (.text:wcslen)
                  00005540    00000010     clock.obj (.text)
                  00005550    0000000e     rtsv7M4_T_le_v4SPD16_eabi.lib : copy_decompress_none.c.obj (.text:decompress:none:__TI_decompress_none)
                  0000555e    0000000c     tm4c123gh6pm_startup_ccs.obj (.text)
                  0000556a    0000000a     rtsv7M4_T_le_v4SPD16_eabi.lib : sprintf.c.obj (.text:_outc)
                  00005574    00000008                                   : errno.c.obj (.text:__aeabi_errno_addr)
                  0000557c    00000004                                   : pre_init.c.obj (.text:_system_pre_init)
                  00005580    00000004                                   : exit.c.obj (.text:abort:abort)

.const     0    00005584    00000109     
                  00005584    00000101     rtsv7M4_T_le_v4SPD16_eabi.lib : ctype.c.obj (.const:.string:_ctypes_)
                  00005685    00000004     ethernet.obj (.const:.string:$P$T0$1)
                  00005689    00000004     ethernet.obj (.const:.string:$P$T1$2)

.cinit     0    00005690    00000050     
                  00005690    00000028     (.cinit..data.load) [load image, compression = lzss]
                  000056b8    0000000c     (__TI_handler_table)
                  000056c4    00000004     --HOLE-- [fill = 0]
                  000056c8    00000008     (.cinit..bss.load) [load image, compression = zero_init]
                  000056d0    00000010     (__TI_cinit_table)

.init_array 
*          0    00000000    00000000     UNINITIALIZED

.bss       0    20001000    00000125     UNINITIALIZED
                  20001000    00000064     (.common:chartxBuffer)
                  20001064    00000064     (.common:message)
                  200010c8    00000050     (.common:topic)
                  20001118    00000004     (.common:message1)
                  2000111c    00000004     (.common:mqtt_ip)
                  20001120    00000004     (.common:topic1)
                  20001124    00000001     (.common:check_state)

.data      0    20001128    00000044     UNINITIALIZED
                  20001128    00000028     ethernet.obj (.data)
                  20001150    00000006     eth0.obj (.data:macAddress)
                  20001156    00000004     eth0.obj (.data)
                  2000115a    00000004     eth0.obj (.data:ipAddress)
                  2000115e    00000004     eth0.obj (.data:ipGwAddress)
                  20001162    00000004     eth0.obj (.data:ipSubnetMask)
                  20001166    00000002     uart_input.obj (.data)
                  20001168    00000004     rtsv7M4_T_le_v4SPD16_eabi.lib : errno.c.obj (.data)

.stack     0    20000000    00001000     UNINITIALIZED
                  20000000    00000004     rtsv7M4_T_le_v4SPD16_eabi.lib : boot_cortex_m.c.obj (.stack)
                  20000004    00000ffc     --HOLE--

__llvm_prf_cnts 
*          0    20000000    00000000     UNINITIALIZED

MODULE SUMMARY

       Module                         code    ro data   rw data
       ------                         ----    -------   -------
    ./
       eth0.obj                       5048    0         22     
       ethernet.obj                   4540    8         333    
       gpio.obj                       1984    0         0      
       uart_input.obj                 1118    0         2      
       tm4c123gh6pm_startup_ccs.obj   12      620       0      
       spi0.obj                       352     0         0      
       uart0.obj                      292     0         0      
       eeprom.obj                     128     0         0      
       wait.obj                       36      0         0      
       clock.obj                      16      0         0      
    +--+------------------------------+-------+---------+---------+
       Total:                         13526   628       357    
                                                               
    /Applications/ti/ccs1011/ccs/tools/compiler/ti-cgt-arm_20.2.1.LTS/lib/rtsv7M4_T_le_v4SPD16_eabi.lib
       _printfi.c.obj                 4851    0         0      
       fd_add_t2.asm.obj              438     0         0      
       fd_div_t2.asm.obj              310     0         0      
       s_scalbn.c.obj                 272     0         0      
       fd_cmp_t2.asm.obj              268     0         0      
       ctype.c.obj                    0       257       0      
       fd_mul_t2.asm.obj              252     0         0      
       memcpy_t2.asm.obj              156     0         0      
       ull_div_t2.asm.obj             150     0         0      
       memset_t2.asm.obj              122     0         0      
       copy_decompress_lzss.c.obj     104     0         0      
       s_frexp.c.obj                  100     0         0      
       sprintf.c.obj                  98      0         0      
       _ltoa.c.obj                    84      0         0      
       atoi.c.obj                     76      0         0      
       fd_toi_t2.asm.obj              72      0         0      
       autoinit.c.obj                 68      0         0      
       boot_cortex_m.c.obj            52      0         0      
       i_tofd_t2.asm.obj              46      0         0      
       copy_zero_init.c.obj           28      0         0      
       memccpy.c.obj                  28      0         0      
       s_copysign.c.obj               26      0         0      
       strcmp.c.obj                   24      0         0      
       strchr.c.obj                   22      0         0      
       strcpy.c.obj                   20      0         0      
       strlen.c.obj                   20      0         0      
       wcslen.c.obj                   18      0         0      
       copy_decompress_none.c.obj     14      0         0      
       errno.c.obj                    8       0         4      
       exit.c.obj                     4       0         0      
       pre_init.c.obj                 4       0         0      
       div0.asm.obj                   2       0         0      
    +--+------------------------------+-------+---------+---------+
       Total:                         7737    257       4      
                                                               
       Stack:                         0       0         4096   
       Linker Generated:              0       76        0      
    +--+------------------------------+-------+---------+---------+
       Grand Total:                   21263   961       4457   


LINKER GENERATED COPY TABLES

__TI_cinit_table @ 000056d0 records: 2, size/record: 8, table size: 16
	.data: load addr=00005690, load size=00000028 bytes, run addr=20001128, run size=00000044 bytes, compression=lzss
	.bss: load addr=000056c8, load size=00000008 bytes, run addr=20001000, run size=00000125 bytes, compression=zero_init


LINKER GENERATED HANDLER TABLE

__TI_handler_table @ 000056b8 records: 3, size/record: 4, table size: 12
	index: 0, handler: __TI_decompress_lzss
	index: 1, handler: __TI_decompress_none
	index: 2, handler: __TI_zero_init


GLOBAL SYMBOLS: SORTED ALPHABETICALLY BY Name 

address   name                          
-------   ----                          
20001130  BUFFER_LENGTH                 
00005581  C$$EXIT                       
000018ff  MQTTremaininglength           
20001128  ReadIndex                     
0000555f  ResetISR                      
20001144  SENDACK                       
2000112c  WriteIndex                    
20001000  __STACK_END                   
00001000  __STACK_SIZE                  
20000200  __STACK_TOP                   
000056d0  __TI_CINIT_Base               
000056e0  __TI_CINIT_Limit              
000056b8  __TI_Handler_Table_Base       
000056c4  __TI_Handler_Table_Limit      
00005325  __TI_auto_init_nobinit_nopinit
000050c9  __TI_decompress_lzss          
00005551  __TI_decompress_none          
000051eb  __TI_ltoa                     
ffffffff  __TI_pprof_out_hndl           
000027e1  __TI_printfi                  
ffffffff  __TI_prof_data_size           
ffffffff  __TI_prof_data_start          
00000000  __TI_static_base__            
0000546f  __TI_zero_init_nomemset       
00004e55  __aeabi_cdcmpeq               
00004e55  __aeabi_cdcmple               
00004edb  __aeabi_cdrcmple              
000052dd  __aeabi_d2iz                  
0000429b  __aeabi_dadd                  
000046e5  __aeabi_ddiv                  
00004b75  __aeabi_dmul                  
00004291  __aeabi_dsub                  
00005575  __aeabi_errno_addr            
0000541d  __aeabi_i2d                   
0000322f  __aeabi_idiv0                 
0000322f  __aeabi_ldiv0                 
00004fe1  __aeabi_memclr                
00004fe1  __aeabi_memclr4               
00004fe1  __aeabi_memclr8               
00004d23  __aeabi_memcpy                
00004d23  __aeabi_memcpy4               
00004d23  __aeabi_memcpy8               
00004fe3  __aeabi_memset                
00004fe3  __aeabi_memset4               
00004fe3  __aeabi_memset8               
00004dbf  __aeabi_uldivmod              
ffffffff  __binit__                     
ffffffff  __c_args__                    
UNDEFED   __mpu_init                    
20000000  __stack                       
20000000  __start___llvm_prf_cnts       
20000000  __stop___llvm_prf_cnts        
000053e9  _c_int00_noargs               
00005584  _ctypes_                      
UNDEFED   _system_post_cinit            
0000557d  _system_pre_init              
00005581  abort                         
2000113c  acknum                        
00005291  atoi                          
ffffffff  binit                         
20001000  chartxBuffer                  
00001899  checkCommand                  
20001124  check_state                   
000054a7  copysign                      
000054a7  copysignl                     
20001148  data_length                   
20001159  dhcpEnabled                   
00003861  disablePinInterrupt           
00003599  disablePinPulldown            
00003551  disablePinPullup              
000032ed  disablePort                   
00001659  displayConnectionInfo         
000017fb  displayUart0                  
2000114a  eeprom_address                
0000383d  enablePinInterrupt            
00003575  enablePinPulldown             
00003523  enablePinPullup               
00003231  enablePort                    
20001168  errno                         
00000b51  etherCalcIpChecksum           
00000539  etherClearReg                 
00000491  etherCsOff                    
0000047b  etherCsOn                     
000013c7  etherDisableDhcpMode          
000013bf  etherEnableDhcpMode           
000013a9  etherGetId                    
00001439  etherGetIpAddress             
0000151d  etherGetIpGatewayAddress      
000014ab  etherGetIpSubnetMask          
00001599  etherGetMacAddress            
000008b7  etherGetPacket                
000011db  etherGetUdpData               
000013b5  etherIncId                    
00000689  etherInit                     
00000e15  etherIsArpRequest             
00000eb3  etherIsArpResponse            
0000086d  etherIsDataAvailable          
000013cf  etherIsDhcpEnabled            
00000be5  etherIsIp                     
00000c55  etherIsIpUnicast              
000013d5  etherIsIpValid                
00000853  etherIsLinkUp                 
00000887  etherIsOverflow               
00000cb9  etherIsPingRequest            
00001133  etherIsUdp                    
000009a9  etherPutPacket                
00000671  etherReadMem                  
0000065f  etherReadMemStart             
00000681  etherReadMemStop              
000005c5  etherReadPhy                  
000004d3  etherReadReg                  
00001025  etherSendArpRequest           
00000f55  etherSendArpResponse          
00000d05  etherSendPingResponse         
0000120d  etherSendUdpResponse          
0000056d  etherSetBank                  
00001401  etherSetIpAddress             
000014e5  etherSetIpGatewayAddress      
00001473  etherSetIpSubnetMask          
00001557  etherSetMacAddress            
00000505  etherSetReg                   
00000a8f  etherSumWords                 
00000643  etherWriteMem                 
00000631  etherWriteMemStart            
00000657  etherWriteMemStop             
00000589  etherWritePhy                 
0000049f  etherWriteReg                 
20001140  flag                          
00005131  frexp                         
00005131  frexpl                        
00000000  g_pfnVectors                  
00000b15  getEtherChecksum              
00003af3  getFieldInteger               
00003a6d  getFieldString                
000038ab  getPinValue                   
00003961  getPortValue                  
00004a13  getcUart0                     
00003de9  getsUart0                     
00000bad  htonl                         
00000b89  htons                         
00004f61  initEeprom                    
00001625  initHw                        
00004449  initSpi0                      
00005541  initSystemClockTo40Mhz        
00004941  initUart0                     
2000115a  ipAddress                     
2000115e  ipGwAddress                   
20001162  ipSubnetMask                  
000039f1  isCommand                     
00004a27  kbhitUart0                    
00004a65  ldexp                         
00004a65  ldexpl                        
20001150  macAddress                    
000019d1  main                          
0000548b  memccpy                       
00004d23  memcpy                        
00004fe9  memset                        
20001064  message                       
20001118  message1                      
20001136  message_size                  
2000111c  mqtt_ip                       
20001156  nextPacketLsb                 
20001157  nextPacketMsb                 
2000114e  packet_id                     
00003b71  parseFields                   
000049cb  putcUart0                     
000049e7  putsUart0                     
2000114c  qos                           
00004fa5  readEeprom                    
00004581  readSpi0Data                  
00004a65  scalbn                        
00004a65  scalbnl                       
00003457  selectPinAnalogInput          
00003409  selectPinDigitalInput         
00003773  selectPinInterruptBothEdges   
00003723  selectPinInterruptFallingEdge 
000037c9  selectPinInterruptHighLevel   
00003803  selectPinInterruptLowLevel    
000036d3  selectPinInterruptRisingEdge  
000033bb  selectPinOpenDrainOutput      
0000336d  selectPinPushPullOutput       
0000026d  sendTCP                       
20001158  sequenceId                    
20001138  sequencenum                   
000035c1  setPinAuxFunction             
000034a7  setPinCommitControl           
00003885  setPinValue                   
000038dd  setPortValue                  
000044e5  setSpi0BaudRate               
0000451b  setSpi0Mode                   
0000498b  setUart0BaudRate              
00005369  sprintf                       
20001166  strLength                     
000054f1  strchr                        
000054d9  strcmp                        
00005507  strcpy                        
0000551b  strlen                        
200010c8  topic                         
20001120  topic1                        
20001134  topic_size                    
0000544b  waitMicrosecond               
0000552f  wcslen                        
00004f77  writeEeprom                   
00004569  writeSpi0Data                 


GLOBAL SYMBOLS: SORTED BY Symbol Address 

address   name                          
-------   ----                          
00000000  __TI_static_base__            
00000000  g_pfnVectors                  
0000026d  sendTCP                       
0000047b  etherCsOn                     
00000491  etherCsOff                    
0000049f  etherWriteReg                 
000004d3  etherReadReg                  
00000505  etherSetReg                   
00000539  etherClearReg                 
0000056d  etherSetBank                  
00000589  etherWritePhy                 
000005c5  etherReadPhy                  
00000631  etherWriteMemStart            
00000643  etherWriteMem                 
00000657  etherWriteMemStop             
0000065f  etherReadMemStart             
00000671  etherReadMem                  
00000681  etherReadMemStop              
00000689  etherInit                     
00000853  etherIsLinkUp                 
0000086d  etherIsDataAvailable          
00000887  etherIsOverflow               
000008b7  etherGetPacket                
000009a9  etherPutPacket                
00000a8f  etherSumWords                 
00000b15  getEtherChecksum              
00000b51  etherCalcIpChecksum           
00000b89  htons                         
00000bad  htonl                         
00000be5  etherIsIp                     
00000c55  etherIsIpUnicast              
00000cb9  etherIsPingRequest            
00000d05  etherSendPingResponse         
00000e15  etherIsArpRequest             
00000eb3  etherIsArpResponse            
00000f55  etherSendArpResponse          
00001000  __STACK_SIZE                  
00001025  etherSendArpRequest           
00001133  etherIsUdp                    
000011db  etherGetUdpData               
0000120d  etherSendUdpResponse          
000013a9  etherGetId                    
000013b5  etherIncId                    
000013bf  etherEnableDhcpMode           
000013c7  etherDisableDhcpMode          
000013cf  etherIsDhcpEnabled            
000013d5  etherIsIpValid                
00001401  etherSetIpAddress             
00001439  etherGetIpAddress             
00001473  etherSetIpSubnetMask          
000014ab  etherGetIpSubnetMask          
000014e5  etherSetIpGatewayAddress      
0000151d  etherGetIpGatewayAddress      
00001557  etherSetMacAddress            
00001599  etherGetMacAddress            
00001625  initHw                        
00001659  displayConnectionInfo         
000017fb  displayUart0                  
00001899  checkCommand                  
000018ff  MQTTremaininglength           
000019d1  main                          
000027e1  __TI_printfi                  
0000322f  __aeabi_idiv0                 
0000322f  __aeabi_ldiv0                 
00003231  enablePort                    
000032ed  disablePort                   
0000336d  selectPinPushPullOutput       
000033bb  selectPinOpenDrainOutput      
00003409  selectPinDigitalInput         
00003457  selectPinAnalogInput          
000034a7  setPinCommitControl           
00003523  enablePinPullup               
00003551  disablePinPullup              
00003575  enablePinPulldown             
00003599  disablePinPulldown            
000035c1  setPinAuxFunction             
000036d3  selectPinInterruptRisingEdge  
00003723  selectPinInterruptFallingEdge 
00003773  selectPinInterruptBothEdges   
000037c9  selectPinInterruptHighLevel   
00003803  selectPinInterruptLowLevel    
0000383d  enablePinInterrupt            
00003861  disablePinInterrupt           
00003885  setPinValue                   
000038ab  getPinValue                   
000038dd  setPortValue                  
00003961  getPortValue                  
000039f1  isCommand                     
00003a6d  getFieldString                
00003af3  getFieldInteger               
00003b71  parseFields                   
00003de9  getsUart0                     
00004291  __aeabi_dsub                  
0000429b  __aeabi_dadd                  
00004449  initSpi0                      
000044e5  setSpi0BaudRate               
0000451b  setSpi0Mode                   
00004569  writeSpi0Data                 
00004581  readSpi0Data                  
000046e5  __aeabi_ddiv                  
00004941  initUart0                     
0000498b  setUart0BaudRate              
000049cb  putcUart0                     
000049e7  putsUart0                     
00004a13  getcUart0                     
00004a27  kbhitUart0                    
00004a65  ldexp                         
00004a65  ldexpl                        
00004a65  scalbn                        
00004a65  scalbnl                       
00004b75  __aeabi_dmul                  
00004d23  __aeabi_memcpy                
00004d23  __aeabi_memcpy4               
00004d23  __aeabi_memcpy8               
00004d23  memcpy                        
00004dbf  __aeabi_uldivmod              
00004e55  __aeabi_cdcmpeq               
00004e55  __aeabi_cdcmple               
00004edb  __aeabi_cdrcmple              
00004f61  initEeprom                    
00004f77  writeEeprom                   
00004fa5  readEeprom                    
00004fe1  __aeabi_memclr                
00004fe1  __aeabi_memclr4               
00004fe1  __aeabi_memclr8               
00004fe3  __aeabi_memset                
00004fe3  __aeabi_memset4               
00004fe3  __aeabi_memset8               
00004fe9  memset                        
000050c9  __TI_decompress_lzss          
00005131  frexp                         
00005131  frexpl                        
000051eb  __TI_ltoa                     
00005291  atoi                          
000052dd  __aeabi_d2iz                  
00005325  __TI_auto_init_nobinit_nopinit
00005369  sprintf                       
000053e9  _c_int00_noargs               
0000541d  __aeabi_i2d                   
0000544b  waitMicrosecond               
0000546f  __TI_zero_init_nomemset       
0000548b  memccpy                       
000054a7  copysign                      
000054a7  copysignl                     
000054d9  strcmp                        
000054f1  strchr                        
00005507  strcpy                        
0000551b  strlen                        
0000552f  wcslen                        
00005541  initSystemClockTo40Mhz        
00005551  __TI_decompress_none          
0000555f  ResetISR                      
00005575  __aeabi_errno_addr            
0000557d  _system_pre_init              
00005581  C$$EXIT                       
00005581  abort                         
00005584  _ctypes_                      
000056b8  __TI_Handler_Table_Base       
000056c4  __TI_Handler_Table_Limit      
000056d0  __TI_CINIT_Base               
000056e0  __TI_CINIT_Limit              
20000000  __stack                       
20000000  __start___llvm_prf_cnts       
20000000  __stop___llvm_prf_cnts        
20000200  __STACK_TOP                   
20001000  __STACK_END                   
20001000  chartxBuffer                  
20001064  message                       
200010c8  topic                         
20001118  message1                      
2000111c  mqtt_ip                       
20001120  topic1                        
20001124  check_state                   
20001128  ReadIndex                     
2000112c  WriteIndex                    
20001130  BUFFER_LENGTH                 
20001134  topic_size                    
20001136  message_size                  
20001138  sequencenum                   
2000113c  acknum                        
20001140  flag                          
20001144  SENDACK                       
20001148  data_length                   
2000114a  eeprom_address                
2000114c  qos                           
2000114e  packet_id                     
20001150  macAddress                    
20001156  nextPacketLsb                 
20001157  nextPacketMsb                 
20001158  sequenceId                    
20001159  dhcpEnabled                   
2000115a  ipAddress                     
2000115e  ipGwAddress                   
20001162  ipSubnetMask                  
20001166  strLength                     
20001168  errno                         
ffffffff  __TI_pprof_out_hndl           
ffffffff  __TI_prof_data_size           
ffffffff  __TI_prof_data_start          
ffffffff  __binit__                     
ffffffff  __c_args__                    
ffffffff  binit                         
UNDEFED   __mpu_init                    
UNDEFED   _system_post_cinit            

[204 symbols]
