******************************************************************************
                  TI ARM Linker Unix v20.2.1                   
******************************************************************************
>> Linked Tue Mar 16 14:34:15 2021

OUTPUT FILE NAME:   <IOT_project1.out>
ENTRY POINT SYMBOL: "_c_int00_noargs"  address: 000048dd


MEMORY CONFIGURATION

         name            origin    length      used     unused   attr    fill
----------------------  --------  ---------  --------  --------  ----  --------
  FLASH                 00000000   00040000  00004bad  0003b453  R  X
  SRAM                  20000000   00008000  000010a0  00006f60  RW X


SEGMENT ALLOCATION MAP

run origin  load origin   length   init length attrs members
----------  ----------- ---------- ----------- ----- -------
00000000    00000000    00004bb0   00004bb0    r-x
  00000000    00000000    0000026c   0000026c    r-- .intvecs
  0000026c    0000026c    000047f8   000047f8    r-x .text
  00004a64    00004a64    00000101   00000101    r-- .const
  00004b68    00004b68    00000048   00000048    r-- .cinit
20000000    20000000    000010a0   00000000    rw-
  20000000    20000000    00001000   00000000    rw- .stack
  20001000    20001000    00000068   00000000    rw- .bss
  20001068    20001068    00000038   00000000    rw- .data


SECTION ALLOCATION MAP

 output                                  attributes/
section   page    origin      length       input sections
--------  ----  ----------  ----------   ----------------
.intvecs   0    00000000    0000026c     
                  00000000    0000026c     tm4c123gh6pm_startup_ccs.obj (.intvecs)

.text      0    0000026c    000047f8     
                  0000026c    00001374     eth0.obj (.text)
                  000015e0    00000a4e     rtsv7M4_T_le_v4SPD16_eabi.lib : _printfi.c.obj (.text:__TI_printfi)
                  0000202e    00000002                                   : div0.asm.obj (.text)
                  00002030    000007c0     gpio.obj (.text)
                  000027f0    00000794     ethernet.obj (.text)
                  00002f84    00000440     uart_input.obj (.text)
                  000033c4    00000270     rtsv7M4_T_le_v4SPD16_eabi.lib : _printfi.c.obj (.text:_pconv_a)
                  00003634    000001d0                                   : _printfi.c.obj (.text:_pconv_g)
                  00003804    000001b6                                   : fd_add_t2.asm.obj (.text)
                  000039ba    00000002     --HOLE-- [fill = 0]
                  000039bc    00000160     spi0.obj (.text)
                  00003b1c    0000013c     rtsv7M4_T_le_v4SPD16_eabi.lib : _printfi.c.obj (.text:_pconv_e)
                  00003c58    00000136                                   : fd_div_t2.asm.obj (.text)
                  00003d8e    00000002     --HOLE-- [fill = 0]
                  00003d90    00000124                                   : _printfi.c.obj (.text:fcvt)
                  00003eb4    00000124     uart0.obj (.text)
                  00003fd8    00000110     rtsv7M4_T_le_v4SPD16_eabi.lib : s_scalbn.c.obj (.text:scalbn)
                  000040e8    000000fc                                   : fd_mul_t2.asm.obj (.text)
                  000041e4    000000b1                                   : _printfi.c.obj (.text:_ltostr)
                  00004295    00000001     --HOLE-- [fill = 0]
                  00004296    0000009c                                   : memcpy_t2.asm.obj (.text)
                  00004332    00000096                                   : ull_div_t2.asm.obj (.text)
                  000043c8    00000086                                   : fd_cmp_t2.asm.obj (.text:__aeabi_cdcmple)
                  0000444e    00000086                                   : fd_cmp_t2.asm.obj (.text:__aeabi_cdrcmple)
                  000044d4    0000007a                                   : memset_t2.asm.obj (.text)
                  0000454e    0000006e                                   : _printfi.c.obj (.text:_mcpy)
                  000045bc    00000068                                   : copy_decompress_lzss.c.obj (.text:decompress:lzss:__TI_decompress_lzss)
                  00004624    00000064                                   : s_frexp.c.obj (.text:frexp)
                  00004688    00000056                                   : _printfi.c.obj (.text:_pconv_f)
                  000046de    00000054                                   : _ltoa.c.obj (.text:__TI_ltoa)
                  00004732    00000052                                   : _printfi.c.obj (.text:_ecpy)
                  00004784    0000004c                                   : atoi.c.obj (.text:atoi)
                  000047d0    00000048                                   : fd_toi_t2.asm.obj (.text)
                  00004818    00000044                                   : autoinit.c.obj (.text:__TI_auto_init_nobinit_nopinit:__TI_auto_init_nobinit_nopinit)
                  0000485c    00000040                                   : sprintf.c.obj (.text:sprintf)
                  0000489c    0000003e                                   : _printfi.c.obj (.text:_fcpy)
                  000048da    00000002     --HOLE-- [fill = 0]
                  000048dc    00000034                                   : boot_cortex_m.c.obj (.text:_c_int00_noargs:_c_int00_noargs)
                  00004910    0000002e                                   : i_tofd_t2.asm.obj (.text)
                  0000493e    00000024     wait.obj (.text)
                  00004962    0000001c     rtsv7M4_T_le_v4SPD16_eabi.lib : copy_zero_init.c.obj (.text:decompress:ZI:__TI_zero_init_nomemset:__TI_zero_init_nomemset)
                  0000497e    0000001c                                   : memccpy.c.obj (.text:memccpy)
                  0000499a    0000001a                                   : s_copysign.c.obj (.text:copysign)
                  000049b4    00000018                                   : sprintf.c.obj (.text:_outs)
                  000049cc    00000018                                   : strcmp.c.obj (.text:strcmp)
                  000049e4    00000016                                   : strchr.c.obj (.text:strchr)
                  000049fa    00000014                                   : strlen.c.obj (.text:strlen)
                  00004a0e    00000012                                   : wcslen.c.obj (.text:wcslen)
                  00004a20    00000010     clock.obj (.text)
                  00004a30    0000000e     rtsv7M4_T_le_v4SPD16_eabi.lib : copy_decompress_none.c.obj (.text:decompress:none:__TI_decompress_none)
                  00004a3e    0000000c     tm4c123gh6pm_startup_ccs.obj (.text)
                  00004a4a    0000000a     rtsv7M4_T_le_v4SPD16_eabi.lib : sprintf.c.obj (.text:_outc)
                  00004a54    00000008                                   : errno.c.obj (.text:__aeabi_errno_addr)
                  00004a5c    00000004                                   : pre_init.c.obj (.text:_system_pre_init)
                  00004a60    00000004                                   : exit.c.obj (.text:abort:abort)

.const     0    00004a64    00000101     
                  00004a64    00000101     rtsv7M4_T_le_v4SPD16_eabi.lib : ctype.c.obj (.const:.string:_ctypes_)

.cinit     0    00004b68    00000048     
                  00004b68    00000023     (.cinit..data.load) [load image, compression = lzss]
                  00004b8b    00000001     --HOLE-- [fill = 0]
                  00004b8c    0000000c     (__TI_handler_table)
                  00004b98    00000008     (.cinit..bss.load) [load image, compression = zero_init]
                  00004ba0    00000010     (__TI_cinit_table)

.init_array 
*          0    00000000    00000000     UNINITIALIZED

.bss       0    20001000    00000068     UNINITIALIZED
                  20001000    00000064     (.common:chartxBuffer)
                  20001064    00000004     (.common:mqtt_ip)

.data      0    20001068    00000038     UNINITIALIZED
                  20001068    0000001c     ethernet.obj (.data)
                  20001084    00000006     eth0.obj (.data:macAddress)
                  2000108a    00000004     eth0.obj (.data)
                  2000108e    00000004     eth0.obj (.data:ipAddress)
                  20001092    00000004     eth0.obj (.data:ipGwAddress)
                  20001096    00000004     eth0.obj (.data:ipSubnetMask)
                  2000109a    00000002     --HOLE--
                  2000109c    00000004     rtsv7M4_T_le_v4SPD16_eabi.lib : errno.c.obj (.data)

.stack     0    20000000    00001000     UNINITIALIZED
                  20000000    00000004     rtsv7M4_T_le_v4SPD16_eabi.lib : boot_cortex_m.c.obj (.stack)
                  20000004    00000ffc     --HOLE--

__llvm_prf_cnts 
*          0    20000000    00000000     UNINITIALIZED

MODULE SUMMARY

       Module                         code    ro data   rw data
       ------                         ----    -------   -------
    ./
       eth0.obj                       4980    0         22     
       ethernet.obj                   1940    0         132    
       gpio.obj                       1984    0         0      
       uart_input.obj                 1088    0         0      
       tm4c123gh6pm_startup_ccs.obj   12      620       0      
       spi0.obj                       352     0         0      
       uart0.obj                      292     0         0      
       wait.obj                       36      0         0      
       clock.obj                      16      0         0      
    +--+------------------------------+-------+---------+---------+
       Total:                         10700   620       154    
                                                               
    /Applications/ti/ccs1011/ccs/tools/compiler/ti-cgt-arm_20.2.1.LTS/lib/rtsv7M4_T_le_v4SPD16_eabi.lib
       _printfi.c.obj                 4851    0         0      
       fd_add_t2.asm.obj              438     0         0      
       fd_div_t2.asm.obj              310     0         0      
       s_scalbn.c.obj                 272     0         0      
       fd_cmp_t2.asm.obj              268     0         0      
       ctype.c.obj                    0       257       0      
       fd_mul_t2.asm.obj              252     0         0      
       memcpy_t2.asm.obj              156     0         0      
       ull_div_t2.asm.obj             150     0         0      
       memset_t2.asm.obj              122     0         0      
       copy_decompress_lzss.c.obj     104     0         0      
       s_frexp.c.obj                  100     0         0      
       sprintf.c.obj                  98      0         0      
       _ltoa.c.obj                    84      0         0      
       atoi.c.obj                     76      0         0      
       fd_toi_t2.asm.obj              72      0         0      
       autoinit.c.obj                 68      0         0      
       boot_cortex_m.c.obj            52      0         0      
       i_tofd_t2.asm.obj              46      0         0      
       copy_zero_init.c.obj           28      0         0      
       memccpy.c.obj                  28      0         0      
       s_copysign.c.obj               26      0         0      
       strcmp.c.obj                   24      0         0      
       strchr.c.obj                   22      0         0      
       strlen.c.obj                   20      0         0      
       wcslen.c.obj                   18      0         0      
       copy_decompress_none.c.obj     14      0         0      
       errno.c.obj                    8       0         4      
       exit.c.obj                     4       0         0      
       pre_init.c.obj                 4       0         0      
       div0.asm.obj                   2       0         0      
    +--+------------------------------+-------+---------+---------+
       Total:                         7717    257       4      
                                                               
       Stack:                         0       0         4096   
       Linker Generated:              0       71        0      
    +--+------------------------------+-------+---------+---------+
       Grand Total:                   18417   948       4254   


LINKER GENERATED COPY TABLES

__TI_cinit_table @ 00004ba0 records: 2, size/record: 8, table size: 16
	.data: load addr=00004b68, load size=00000023 bytes, run addr=20001068, run size=00000038 bytes, compression=lzss
	.bss: load addr=00004b98, load size=00000008 bytes, run addr=20001000, run size=00000068 bytes, compression=zero_init


LINKER GENERATED HANDLER TABLE

__TI_handler_table @ 00004b8c records: 3, size/record: 4, table size: 12
	index: 0, handler: __TI_decompress_lzss
	index: 1, handler: __TI_decompress_none
	index: 2, handler: __TI_zero_init


GLOBAL SYMBOLS: SORTED ALPHABETICALLY BY Name 

address   name                          
-------   ----                          
20001070  BUFFER_LENGTH                 
00004a61  C$$EXIT                       
20001068  ReadIndex                     
00004a3f  ResetISR                      
20001080  SENDACK                       
2000106c  WriteIndex                    
20001000  __STACK_END                   
00001000  __STACK_SIZE                  
20000200  __STACK_TOP                   
00004ba0  __TI_CINIT_Base               
00004bb0  __TI_CINIT_Limit              
00004b8c  __TI_Handler_Table_Base       
00004b98  __TI_Handler_Table_Limit      
00004819  __TI_auto_init_nobinit_nopinit
000045bd  __TI_decompress_lzss          
00004a31  __TI_decompress_none          
000046df  __TI_ltoa                     
ffffffff  __TI_pprof_out_hndl           
000015e1  __TI_printfi                  
ffffffff  __TI_prof_data_size           
ffffffff  __TI_prof_data_start          
00000000  __TI_static_base__            
00004963  __TI_zero_init_nomemset       
000043c9  __aeabi_cdcmpeq               
000043c9  __aeabi_cdcmple               
0000444f  __aeabi_cdrcmple              
000047d1  __aeabi_d2iz                  
0000380f  __aeabi_dadd                  
00003c59  __aeabi_ddiv                  
000040e9  __aeabi_dmul                  
00003805  __aeabi_dsub                  
00004a55  __aeabi_errno_addr            
00004911  __aeabi_i2d                   
0000202f  __aeabi_idiv0                 
0000202f  __aeabi_ldiv0                 
000044d5  __aeabi_memclr                
000044d5  __aeabi_memclr4               
000044d5  __aeabi_memclr8               
00004297  __aeabi_memcpy                
00004297  __aeabi_memcpy4               
00004297  __aeabi_memcpy8               
000044d7  __aeabi_memset                
000044d7  __aeabi_memset4               
000044d7  __aeabi_memset8               
00004333  __aeabi_uldivmod              
ffffffff  __binit__                     
ffffffff  __c_args__                    
UNDEFED   __mpu_init                    
20000000  __stack                       
20000000  __start___llvm_prf_cnts       
20000000  __stop___llvm_prf_cnts        
000048dd  _c_int00_noargs               
00004a64  _ctypes_                      
UNDEFED   _system_post_cinit            
00004a5d  _system_pre_init              
00004a61  abort                         
20001078  acknum                        
00004785  atoi                          
ffffffff  binit                         
20001000  chartxBuffer                  
00002a65  checkCommand                  
0000499b  copysign                      
0000499b  copysignl                     
2000108d  dhcpEnabled                   
00002661  disablePinInterrupt           
00002399  disablePinPulldown            
00002351  disablePinPullup              
000020ed  disablePort                   
00002825  displayConnectionInfo         
000029c7  displayUart0                  
0000263d  enablePinInterrupt            
00002375  enablePinPulldown             
00002323  enablePinPullup               
00002031  enablePort                    
2000109c  errno                         
00000b0d  etherCalcIpChecksum           
000004f7  etherClearReg                 
0000044f  etherCsOff                    
00000439  etherCsOn                     
00001383  etherDisableDhcpMode          
0000137b  etherEnableDhcpMode           
00001365  etherGetId                    
000013f5  etherGetIpAddress             
000014d9  etherGetIpGatewayAddress      
00001467  etherGetIpSubnetMask          
00001555  etherGetMacAddress            
00000873  etherGetPacket                
00001197  etherGetUdpData               
00001371  etherIncId                    
00000647  etherInit                     
00000dd1  etherIsArpRequest             
00000e6f  etherIsArpResponse            
00000829  etherIsDataAvailable          
0000138b  etherIsDhcpEnabled            
00000ba1  etherIsIp                     
00000c11  etherIsIpUnicast              
00001391  etherIsIpValid                
0000080f  etherIsLinkUp                 
00000843  etherIsOverflow               
00000c75  etherIsPingRequest            
000010ef  etherIsUdp                    
00000965  etherPutPacket                
0000062f  etherReadMem                  
0000061d  etherReadMemStart             
0000063f  etherReadMemStop              
0000057f  etherReadPhy                  
00000491  etherReadReg                  
00000fe1  etherSendArpRequest           
00000f11  etherSendArpResponse          
00000cc1  etherSendPingResponse         
000011c9  etherSendUdpResponse          
0000052b  etherSetBank                  
000013bd  etherSetIpAddress             
000014a1  etherSetIpGatewayAddress      
0000142f  etherSetIpSubnetMask          
00001513  etherSetMacAddress            
000004c3  etherSetReg                   
00000a4b  etherSumWords                 
00000601  etherWriteMem                 
000005eb  etherWriteMemStart            
00000615  etherWriteMemStop             
00000547  etherWritePhy                 
0000045d  etherWriteReg                 
2000107c  flag                          
00004625  frexp                         
00004625  frexpl                        
00000000  g_pfnVectors                  
00000ad1  getEtherChecksum              
0000306d  getFieldInteger               
00003001  getFieldString                
000026ab  getPinValue                   
00002761  getPortValue                  
00003f87  getcUart0                     
0000335f  getsUart0                     
00000b69  htonl                         
00000b45  htons                         
000027f1  initHw                        
000039bd  initSpi0                      
00004a21  initSystemClockTo40Mhz        
00003eb5  initUart0                     
2000108e  ipAddress                     
20001092  ipGwAddress                   
20001096  ipSubnetMask                  
00002f85  isCommand                     
00003f9b  kbhitUart0                    
00003fd9  ldexp                         
00003fd9  ldexpl                        
20001084  macAddress                    
00002be1  main                          
0000497f  memccpy                       
00004297  memcpy                        
000044dd  memset                        
20001064  mqtt_ip                       
2000108a  nextPacketLsb                 
2000108b  nextPacketMsb                 
000030e7  parseFields                   
00003f3f  putcUart0                     
00003f5b  putsUart0                     
00003af5  readSpi0Data                  
00003fd9  scalbn                        
00003fd9  scalbnl                       
00002257  selectPinAnalogInput          
00002209  selectPinDigitalInput         
00002573  selectPinInterruptBothEdges   
00002523  selectPinInterruptFallingEdge 
000025c9  selectPinInterruptHighLevel   
00002603  selectPinInterruptLowLevel    
000024d3  selectPinInterruptRisingEdge  
000021bb  selectPinOpenDrainOutput      
0000216d  selectPinPushPullOutput       
0000026d  sendTCP                       
2000108c  sequenceId                    
20001074  sequencenum                   
000023c1  setPinAuxFunction             
000022a7  setPinCommitControl           
00002685  setPinValue                   
000026dd  setPortValue                  
00003a59  setSpi0BaudRate               
00003a8f  setSpi0Mode                   
00003eff  setUart0BaudRate              
0000485d  sprintf                       
000049e5  strchr                        
000049cd  strcmp                        
000049fb  strlen                        
0000493f  waitMicrosecond               
00004a0f  wcslen                        
00003add  writeSpi0Data                 


GLOBAL SYMBOLS: SORTED BY Symbol Address 

address   name                          
-------   ----                          
00000000  __TI_static_base__            
00000000  g_pfnVectors                  
0000026d  sendTCP                       
00000439  etherCsOn                     
0000044f  etherCsOff                    
0000045d  etherWriteReg                 
00000491  etherReadReg                  
000004c3  etherSetReg                   
000004f7  etherClearReg                 
0000052b  etherSetBank                  
00000547  etherWritePhy                 
0000057f  etherReadPhy                  
000005eb  etherWriteMemStart            
00000601  etherWriteMem                 
00000615  etherWriteMemStop             
0000061d  etherReadMemStart             
0000062f  etherReadMem                  
0000063f  etherReadMemStop              
00000647  etherInit                     
0000080f  etherIsLinkUp                 
00000829  etherIsDataAvailable          
00000843  etherIsOverflow               
00000873  etherGetPacket                
00000965  etherPutPacket                
00000a4b  etherSumWords                 
00000ad1  getEtherChecksum              
00000b0d  etherCalcIpChecksum           
00000b45  htons                         
00000b69  htonl                         
00000ba1  etherIsIp                     
00000c11  etherIsIpUnicast              
00000c75  etherIsPingRequest            
00000cc1  etherSendPingResponse         
00000dd1  etherIsArpRequest             
00000e6f  etherIsArpResponse            
00000f11  etherSendArpResponse          
00000fe1  etherSendArpRequest           
00001000  __STACK_SIZE                  
000010ef  etherIsUdp                    
00001197  etherGetUdpData               
000011c9  etherSendUdpResponse          
00001365  etherGetId                    
00001371  etherIncId                    
0000137b  etherEnableDhcpMode           
00001383  etherDisableDhcpMode          
0000138b  etherIsDhcpEnabled            
00001391  etherIsIpValid                
000013bd  etherSetIpAddress             
000013f5  etherGetIpAddress             
0000142f  etherSetIpSubnetMask          
00001467  etherGetIpSubnetMask          
000014a1  etherSetIpGatewayAddress      
000014d9  etherGetIpGatewayAddress      
00001513  etherSetMacAddress            
00001555  etherGetMacAddress            
000015e1  __TI_printfi                  
0000202f  __aeabi_idiv0                 
0000202f  __aeabi_ldiv0                 
00002031  enablePort                    
000020ed  disablePort                   
0000216d  selectPinPushPullOutput       
000021bb  selectPinOpenDrainOutput      
00002209  selectPinDigitalInput         
00002257  selectPinAnalogInput          
000022a7  setPinCommitControl           
00002323  enablePinPullup               
00002351  disablePinPullup              
00002375  enablePinPulldown             
00002399  disablePinPulldown            
000023c1  setPinAuxFunction             
000024d3  selectPinInterruptRisingEdge  
00002523  selectPinInterruptFallingEdge 
00002573  selectPinInterruptBothEdges   
000025c9  selectPinInterruptHighLevel   
00002603  selectPinInterruptLowLevel    
0000263d  enablePinInterrupt            
00002661  disablePinInterrupt           
00002685  setPinValue                   
000026ab  getPinValue                   
000026dd  setPortValue                  
00002761  getPortValue                  
000027f1  initHw                        
00002825  displayConnectionInfo         
000029c7  displayUart0                  
00002a65  checkCommand                  
00002be1  main                          
00002f85  isCommand                     
00003001  getFieldString                
0000306d  getFieldInteger               
000030e7  parseFields                   
0000335f  getsUart0                     
00003805  __aeabi_dsub                  
0000380f  __aeabi_dadd                  
000039bd  initSpi0                      
00003a59  setSpi0BaudRate               
00003a8f  setSpi0Mode                   
00003add  writeSpi0Data                 
00003af5  readSpi0Data                  
00003c59  __aeabi_ddiv                  
00003eb5  initUart0                     
00003eff  setUart0BaudRate              
00003f3f  putcUart0                     
00003f5b  putsUart0                     
00003f87  getcUart0                     
00003f9b  kbhitUart0                    
00003fd9  ldexp                         
00003fd9  ldexpl                        
00003fd9  scalbn                        
00003fd9  scalbnl                       
000040e9  __aeabi_dmul                  
00004297  __aeabi_memcpy                
00004297  __aeabi_memcpy4               
00004297  __aeabi_memcpy8               
00004297  memcpy                        
00004333  __aeabi_uldivmod              
000043c9  __aeabi_cdcmpeq               
000043c9  __aeabi_cdcmple               
0000444f  __aeabi_cdrcmple              
000044d5  __aeabi_memclr                
000044d5  __aeabi_memclr4               
000044d5  __aeabi_memclr8               
000044d7  __aeabi_memset                
000044d7  __aeabi_memset4               
000044d7  __aeabi_memset8               
000044dd  memset                        
000045bd  __TI_decompress_lzss          
00004625  frexp                         
00004625  frexpl                        
000046df  __TI_ltoa                     
00004785  atoi                          
000047d1  __aeabi_d2iz                  
00004819  __TI_auto_init_nobinit_nopinit
0000485d  sprintf                       
000048dd  _c_int00_noargs               
00004911  __aeabi_i2d                   
0000493f  waitMicrosecond               
00004963  __TI_zero_init_nomemset       
0000497f  memccpy                       
0000499b  copysign                      
0000499b  copysignl                     
000049cd  strcmp                        
000049e5  strchr                        
000049fb  strlen                        
00004a0f  wcslen                        
00004a21  initSystemClockTo40Mhz        
00004a31  __TI_decompress_none          
00004a3f  ResetISR                      
00004a55  __aeabi_errno_addr            
00004a5d  _system_pre_init              
00004a61  C$$EXIT                       
00004a61  abort                         
00004a64  _ctypes_                      
00004b8c  __TI_Handler_Table_Base       
00004b98  __TI_Handler_Table_Limit      
00004ba0  __TI_CINIT_Base               
00004bb0  __TI_CINIT_Limit              
20000000  __stack                       
20000000  __start___llvm_prf_cnts       
20000000  __stop___llvm_prf_cnts        
20000200  __STACK_TOP                   
20001000  __STACK_END                   
20001000  chartxBuffer                  
20001064  mqtt_ip                       
20001068  ReadIndex                     
2000106c  WriteIndex                    
20001070  BUFFER_LENGTH                 
20001074  sequencenum                   
20001078  acknum                        
2000107c  flag                          
20001080  SENDACK                       
20001084  macAddress                    
2000108a  nextPacketLsb                 
2000108b  nextPacketMsb                 
2000108c  sequenceId                    
2000108d  dhcpEnabled                   
2000108e  ipAddress                     
20001092  ipGwAddress                   
20001096  ipSubnetMask                  
2000109c  errno                         
ffffffff  __TI_pprof_out_hndl           
ffffffff  __TI_prof_data_size           
ffffffff  __TI_prof_data_start          
ffffffff  __binit__                     
ffffffff  __c_args__                    
ffffffff  binit                         
UNDEFED   __mpu_init                    
UNDEFED   _system_post_cinit            

[187 symbols]
