******************************************************************************
                  TI ARM Linker Unix v20.2.1                   
******************************************************************************
>> Linked Tue Mar 23 03:41:32 2021

OUTPUT FILE NAME:   <IOT_project1.out>
ENTRY POINT SYMBOL: "_c_int00_noargs"  address: 00005561


MEMORY CONFIGURATION

         name            origin    length      used     unused   attr    fill
----------------------  --------  ---------  --------  --------  ----  --------
  FLASH                 00000000   00040000  0000584d  0003a7b3  R  X
  SRAM                  20000000   00008000  00001167  00006e99  RW X


SEGMENT ALLOCATION MAP

run origin  load origin   length   init length attrs members
----------  ----------- ---------- ----------- ----- -------
00000000    00000000    00005850   00005850    r-x
  00000000    00000000    0000026c   0000026c    r-- .intvecs
  0000026c    0000026c    00005490   00005490    r-x .text
  000056fc    000056fc    00000109   00000109    r-- .const
  00005808    00005808    00000048   00000048    r-- .cinit
20000000    20000000    00001167   00000000    rw-
  20000000    20000000    00001000   00000000    rw- .stack
  20001000    20001000    00000128   00000000    rw- .bss
  20001128    20001128    0000003f   00000000    rw- .data


SECTION ALLOCATION MAP

 output                                  attributes/
section   page    origin      length       input sections
--------  ----  ----------  ----------   ----------------
.intvecs   0    00000000    0000026c     
                  00000000    0000026c     tm4c123gh6pm_startup_ccs.obj (.intvecs)

.text      0    0000026c    00005490     
                  0000026c    000013b8     eth0.obj (.text)
                  00001624    00001324     ethernet.obj (.text)
                  00002948    00000a4e     rtsv7M4_T_le_v4SPD16_eabi.lib : _printfi.c.obj (.text:__TI_printfi)
                  00003396    00000002                                   : div0.asm.obj (.text)
                  00003398    000007c0     gpio.obj (.text)
                  00003b58    00000470     uart_input.obj (.text)
                  00003fc8    00000270     rtsv7M4_T_le_v4SPD16_eabi.lib : _printfi.c.obj (.text:_pconv_a)
                  00004238    000001d0                                   : _printfi.c.obj (.text:_pconv_g)
                  00004408    000001b6                                   : fd_add_t2.asm.obj (.text)
                  000045be    00000002     --HOLE-- [fill = 0]
                  000045c0    00000160     spi0.obj (.text)
                  00004720    0000013c     rtsv7M4_T_le_v4SPD16_eabi.lib : _printfi.c.obj (.text:_pconv_e)
                  0000485c    00000136                                   : fd_div_t2.asm.obj (.text)
                  00004992    00000002     --HOLE-- [fill = 0]
                  00004994    00000124                                   : _printfi.c.obj (.text:fcvt)
                  00004ab8    00000124     uart0.obj (.text)
                  00004bdc    00000110     rtsv7M4_T_le_v4SPD16_eabi.lib : s_scalbn.c.obj (.text:scalbn)
                  00004cec    000000fc                                   : fd_mul_t2.asm.obj (.text)
                  00004de8    000000b1                                   : _printfi.c.obj (.text:_ltostr)
                  00004e99    00000001     --HOLE-- [fill = 0]
                  00004e9a    0000009c                                   : memcpy_t2.asm.obj (.text)
                  00004f36    00000096                                   : ull_div_t2.asm.obj (.text)
                  00004fcc    00000086                                   : fd_cmp_t2.asm.obj (.text:__aeabi_cdcmple)
                  00005052    00000086                                   : fd_cmp_t2.asm.obj (.text:__aeabi_cdrcmple)
                  000050d8    00000080     eeprom.obj (.text)
                  00005158    0000007a     rtsv7M4_T_le_v4SPD16_eabi.lib : memset_t2.asm.obj (.text)
                  000051d2    0000006e                                   : _printfi.c.obj (.text:_mcpy)
                  00005240    00000068                                   : copy_decompress_lzss.c.obj (.text:decompress:lzss:__TI_decompress_lzss)
                  000052a8    00000064                                   : s_frexp.c.obj (.text:frexp)
                  0000530c    00000056                                   : _printfi.c.obj (.text:_pconv_f)
                  00005362    00000054                                   : _ltoa.c.obj (.text:__TI_ltoa)
                  000053b6    00000052                                   : _printfi.c.obj (.text:_ecpy)
                  00005408    0000004c                                   : atoi.c.obj (.text:atoi)
                  00005454    00000048                                   : fd_toi_t2.asm.obj (.text)
                  0000549c    00000044                                   : autoinit.c.obj (.text:__TI_auto_init_nobinit_nopinit:__TI_auto_init_nobinit_nopinit)
                  000054e0    00000040                                   : sprintf.c.obj (.text:sprintf)
                  00005520    0000003e                                   : _printfi.c.obj (.text:_fcpy)
                  0000555e    00000002     --HOLE-- [fill = 0]
                  00005560    00000034                                   : boot_cortex_m.c.obj (.text:_c_int00_noargs:_c_int00_noargs)
                  00005594    0000002e                                   : i_tofd_t2.asm.obj (.text)
                  000055c2    00000024     wait.obj (.text)
                  000055e6    0000001c     rtsv7M4_T_le_v4SPD16_eabi.lib : copy_zero_init.c.obj (.text:decompress:ZI:__TI_zero_init_nomemset:__TI_zero_init_nomemset)
                  00005602    0000001c                                   : memccpy.c.obj (.text:memccpy)
                  0000561e    0000001a                                   : s_copysign.c.obj (.text:copysign)
                  00005638    00000018                                   : sprintf.c.obj (.text:_outs)
                  00005650    00000018                                   : strcmp.c.obj (.text:strcmp)
                  00005668    00000016                                   : strchr.c.obj (.text:strchr)
                  0000567e    00000014                                   : strcpy.c.obj (.text:strcpy)
                  00005692    00000014                                   : strlen.c.obj (.text:strlen)
                  000056a6    00000012                                   : wcslen.c.obj (.text:wcslen)
                  000056b8    00000010     clock.obj (.text)
                  000056c8    0000000e     rtsv7M4_T_le_v4SPD16_eabi.lib : copy_decompress_none.c.obj (.text:decompress:none:__TI_decompress_none)
                  000056d6    0000000c     tm4c123gh6pm_startup_ccs.obj (.text)
                  000056e2    0000000a     rtsv7M4_T_le_v4SPD16_eabi.lib : sprintf.c.obj (.text:_outc)
                  000056ec    00000008                                   : errno.c.obj (.text:__aeabi_errno_addr)
                  000056f4    00000004                                   : pre_init.c.obj (.text:_system_pre_init)
                  000056f8    00000004                                   : exit.c.obj (.text:abort:abort)

.const     0    000056fc    00000109     
                  000056fc    00000101     rtsv7M4_T_le_v4SPD16_eabi.lib : ctype.c.obj (.const:.string:_ctypes_)
                  000057fd    00000004     ethernet.obj (.const:.string:$P$T0$1)
                  00005801    00000004     ethernet.obj (.const:.string:$P$T1$2)

.cinit     0    00005808    00000048     
                  00005808    00000024     (.cinit..data.load) [load image, compression = lzss]
                  0000582c    0000000c     (__TI_handler_table)
                  00005838    00000008     (.cinit..bss.load) [load image, compression = zero_init]
                  00005840    00000010     (__TI_cinit_table)

.init_array 
*          0    00000000    00000000     UNINITIALIZED

.bss       0    20001000    00000128     UNINITIALIZED
                  20001000    00000064     (.common:chartxBuffer)
                  20001064    00000064     (.common:message)
                  200010c8    00000050     (.common:topic)
                  20001118    00000004     (.common:client_ip)
                  2000111c    00000004     (.common:message1)
                  20001120    00000004     (.common:server_ip)
                  20001124    00000004     (.common:topic1)

.data      0    20001128    0000003f     UNINITIALIZED
                  20001128    00000022     ethernet.obj (.data)
                  2000114a    00000006     eth0.obj (.data:macAddress)
                  20001150    00000004     eth0.obj (.data)
                  20001154    00000004     eth0.obj (.data:ipAddress)
                  20001158    00000004     eth0.obj (.data:ipGwAddress)
                  2000115c    00000004     eth0.obj (.data:ipSubnetMask)
                  20001160    00000004     rtsv7M4_T_le_v4SPD16_eabi.lib : errno.c.obj (.data)
                  20001164    00000003     uart_input.obj (.data)

.stack     0    20000000    00001000     UNINITIALIZED
                  20000000    00000004     rtsv7M4_T_le_v4SPD16_eabi.lib : boot_cortex_m.c.obj (.stack)
                  20000004    00000ffc     --HOLE--

__llvm_prf_cnts 
*          0    20000000    00000000     UNINITIALIZED

MODULE SUMMARY

       Module                         code    ro data   rw data
       ------                         ----    -------   -------
    ./
       ethernet.obj                   4900    8         330    
       eth0.obj                       5048    0         22     
       gpio.obj                       1984    0         0      
       uart_input.obj                 1136    0         3      
       tm4c123gh6pm_startup_ccs.obj   12      620       0      
       spi0.obj                       352     0         0      
       uart0.obj                      292     0         0      
       eeprom.obj                     128     0         0      
       wait.obj                       36      0         0      
       clock.obj                      16      0         0      
    +--+------------------------------+-------+---------+---------+
       Total:                         13904   628       355    
                                                               
    /Applications/ti/ccs1011/ccs/tools/compiler/ti-cgt-arm_20.2.1.LTS/lib/rtsv7M4_T_le_v4SPD16_eabi.lib
       _printfi.c.obj                 4851    0         0      
       fd_add_t2.asm.obj              438     0         0      
       fd_div_t2.asm.obj              310     0         0      
       s_scalbn.c.obj                 272     0         0      
       fd_cmp_t2.asm.obj              268     0         0      
       ctype.c.obj                    0       257       0      
       fd_mul_t2.asm.obj              252     0         0      
       memcpy_t2.asm.obj              156     0         0      
       ull_div_t2.asm.obj             150     0         0      
       memset_t2.asm.obj              122     0         0      
       copy_decompress_lzss.c.obj     104     0         0      
       s_frexp.c.obj                  100     0         0      
       sprintf.c.obj                  98      0         0      
       _ltoa.c.obj                    84      0         0      
       atoi.c.obj                     76      0         0      
       fd_toi_t2.asm.obj              72      0         0      
       autoinit.c.obj                 68      0         0      
       boot_cortex_m.c.obj            52      0         0      
       i_tofd_t2.asm.obj              46      0         0      
       copy_zero_init.c.obj           28      0         0      
       memccpy.c.obj                  28      0         0      
       s_copysign.c.obj               26      0         0      
       strcmp.c.obj                   24      0         0      
       strchr.c.obj                   22      0         0      
       strcpy.c.obj                   20      0         0      
       strlen.c.obj                   20      0         0      
       wcslen.c.obj                   18      0         0      
       copy_decompress_none.c.obj     14      0         0      
       errno.c.obj                    8       0         4      
       exit.c.obj                     4       0         0      
       pre_init.c.obj                 4       0         0      
       div0.asm.obj                   2       0         0      
    +--+------------------------------+-------+---------+---------+
       Total:                         7737    257       4      
                                                               
       Stack:                         0       0         4096   
       Linker Generated:              0       72        0      
    +--+------------------------------+-------+---------+---------+
       Grand Total:                   21641   957       4455   


LINKER GENERATED COPY TABLES

__TI_cinit_table @ 00005840 records: 2, size/record: 8, table size: 16
	.data: load addr=00005808, load size=00000024 bytes, run addr=20001128, run size=0000003f bytes, compression=lzss
	.bss: load addr=00005838, load size=00000008 bytes, run addr=20001000, run size=00000128 bytes, compression=zero_init


LINKER GENERATED HANDLER TABLE

__TI_handler_table @ 0000582c records: 3, size/record: 4, table size: 12
	index: 0, handler: __TI_decompress_lzss
	index: 1, handler: __TI_decompress_none
	index: 2, handler: __TI_zero_init


GLOBAL SYMBOLS: SORTED ALPHABETICALLY BY Name 

address   name                          
-------   ----                          
20001130  BUFFER_LENGTH                 
000056f9  C$$EXIT                       
000018ff  MQTTremaininglength           
20001128  ReadIndex                     
000056d7  ResetISR                      
2000112c  WriteIndex                    
20001000  __STACK_END                   
00001000  __STACK_SIZE                  
20000200  __STACK_TOP                   
00005840  __TI_CINIT_Base               
00005850  __TI_CINIT_Limit              
0000582c  __TI_Handler_Table_Base       
00005838  __TI_Handler_Table_Limit      
0000549d  __TI_auto_init_nobinit_nopinit
00005241  __TI_decompress_lzss          
000056c9  __TI_decompress_none          
00005363  __TI_ltoa                     
ffffffff  __TI_pprof_out_hndl           
00002949  __TI_printfi                  
ffffffff  __TI_prof_data_size           
ffffffff  __TI_prof_data_start          
00000000  __TI_static_base__            
000055e7  __TI_zero_init_nomemset       
00004fcd  __aeabi_cdcmpeq               
00004fcd  __aeabi_cdcmple               
00005053  __aeabi_cdrcmple              
00005455  __aeabi_d2iz                  
00004413  __aeabi_dadd                  
0000485d  __aeabi_ddiv                  
00004ced  __aeabi_dmul                  
00004409  __aeabi_dsub                  
000056ed  __aeabi_errno_addr            
00005595  __aeabi_i2d                   
00003397  __aeabi_idiv0                 
00003397  __aeabi_ldiv0                 
00005159  __aeabi_memclr                
00005159  __aeabi_memclr4               
00005159  __aeabi_memclr8               
00004e9b  __aeabi_memcpy                
00004e9b  __aeabi_memcpy4               
00004e9b  __aeabi_memcpy8               
0000515b  __aeabi_memset                
0000515b  __aeabi_memset4               
0000515b  __aeabi_memset8               
00004f37  __aeabi_uldivmod              
ffffffff  __binit__                     
ffffffff  __c_args__                    
UNDEFED   __mpu_init                    
20000000  __stack                       
20000000  __start___llvm_prf_cnts       
20000000  __stop___llvm_prf_cnts        
00005561  _c_int00_noargs               
000056fc  _ctypes_                      
UNDEFED   _system_post_cinit            
000056f5  _system_pre_init              
000056f9  abort                         
2000113c  acknum                        
00005409  atoi                          
ffffffff  binit                         
20001000  chartxBuffer                  
00001899  checkCommand                  
20001166  check_return                  
20001118  client_ip                     
0000561f  copysign                      
0000561f  copysignl                     
20001142  data_length                   
20001153  dhcpEnabled                   
000039c9  disablePinInterrupt           
00003701  disablePinPulldown            
000036b9  disablePinPullup              
00003455  disablePort                   
00001659  displayConnectionInfo         
000017fb  displayUart0                  
20001144  eeprom_address                
000039a5  enablePinInterrupt            
000036dd  enablePinPulldown             
0000368b  enablePinPullup               
00003399  enablePort                    
20001160  errno                         
00000b51  etherCalcIpChecksum           
00000539  etherClearReg                 
00000491  etherCsOff                    
0000047b  etherCsOn                     
000013c7  etherDisableDhcpMode          
000013bf  etherEnableDhcpMode           
000013a9  etherGetId                    
00001439  etherGetIpAddress             
0000151d  etherGetIpGatewayAddress      
000014ab  etherGetIpSubnetMask          
00001599  etherGetMacAddress            
000008b7  etherGetPacket                
000011db  etherGetUdpData               
000013b5  etherIncId                    
00000689  etherInit                     
00000e15  etherIsArpRequest             
00000eb3  etherIsArpResponse            
0000086d  etherIsDataAvailable          
000013cf  etherIsDhcpEnabled            
00000be5  etherIsIp                     
00000c55  etherIsIpUnicast              
000013d5  etherIsIpValid                
00000853  etherIsLinkUp                 
00000887  etherIsOverflow               
00000cb9  etherIsPingRequest            
00001133  etherIsUdp                    
000009a9  etherPutPacket                
00000671  etherReadMem                  
0000065f  etherReadMemStart             
00000681  etherReadMemStop              
000005c5  etherReadPhy                  
000004d3  etherReadReg                  
00001025  etherSendArpRequest           
00000f55  etherSendArpResponse          
00000d05  etherSendPingResponse         
0000120d  etherSendUdpResponse          
0000056d  etherSetBank                  
00001401  etherSetIpAddress             
000014e5  etherSetIpGatewayAddress      
00001473  etherSetIpSubnetMask          
00001557  etherSetMacAddress            
00000505  etherSetReg                   
00000a8f  etherSumWords                 
00000643  etherWriteMem                 
00000631  etherWriteMemStart            
00000657  etherWriteMemStop             
00000589  etherWritePhy                 
0000049f  etherWriteReg                 
20001140  flag                          
000052a9  frexp                         
000052a9  frexpl                        
00000000  g_pfnVectors                  
00000b15  getEtherChecksum              
00003c5b  getFieldInteger               
00003bd5  getFieldString                
00003a13  getPinValue                   
00003ac9  getPortValue                  
00004b8b  getcUart0                     
00003f51  getsUart0                     
00000bad  htonl                         
00000b89  htons                         
000050d9  initEeprom                    
00001625  initHw                        
000045c1  initSpi0                      
000056b9  initSystemClockTo40Mhz        
00004ab9  initUart0                     
20001154  ipAddress                     
20001158  ipGwAddress                   
2000115c  ipSubnetMask                  
00003b59  isCommand                     
00004b9f  kbhitUart0                    
00004bdd  ldexp                         
00004bdd  ldexpl                        
2000114a  macAddress                    
000019d9  main                          
00005603  memccpy                       
00004e9b  memcpy                        
00005161  memset                        
20001064  message                       
2000111c  message1                      
20001136  message_size                  
20001150  nextPacketLsb                 
20001151  nextPacketMsb                 
20001148  packet_id                     
00003cd9  parseFields                   
00004b43  putcUart0                     
00004b5f  putsUart0                     
20001146  qos                           
0000511d  readEeprom                    
000046f9  readSpi0Data                  
00004bdd  scalbn                        
00004bdd  scalbnl                       
000035bf  selectPinAnalogInput          
00003571  selectPinDigitalInput         
000038db  selectPinInterruptBothEdges   
0000388b  selectPinInterruptFallingEdge 
00003931  selectPinInterruptHighLevel   
0000396b  selectPinInterruptLowLevel    
0000383b  selectPinInterruptRisingEdge  
00003523  selectPinOpenDrainOutput      
000034d5  selectPinPushPullOutput       
0000026d  sendTCP                       
20001152  sequenceId                    
20001138  sequencenum                   
20001120  server_ip                     
00003729  setPinAuxFunction             
0000360f  setPinCommitControl           
000039ed  setPinValue                   
00003a45  setPortValue                  
0000465d  setSpi0BaudRate               
00004693  setSpi0Mode                   
00004b03  setUart0BaudRate              
000054e1  sprintf                       
20001164  strLength                     
00005669  strchr                        
00005651  strcmp                        
0000567f  strcpy                        
00005693  strlen                        
200010c8  topic                         
20001124  topic1                        
20001134  topic_size                    
000055c3  waitMicrosecond               
000056a7  wcslen                        
000050ef  writeEeprom                   
000046e1  writeSpi0Data                 


GLOBAL SYMBOLS: SORTED BY Symbol Address 

address   name                          
-------   ----                          
00000000  __TI_static_base__            
00000000  g_pfnVectors                  
0000026d  sendTCP                       
0000047b  etherCsOn                     
00000491  etherCsOff                    
0000049f  etherWriteReg                 
000004d3  etherReadReg                  
00000505  etherSetReg                   
00000539  etherClearReg                 
0000056d  etherSetBank                  
00000589  etherWritePhy                 
000005c5  etherReadPhy                  
00000631  etherWriteMemStart            
00000643  etherWriteMem                 
00000657  etherWriteMemStop             
0000065f  etherReadMemStart             
00000671  etherReadMem                  
00000681  etherReadMemStop              
00000689  etherInit                     
00000853  etherIsLinkUp                 
0000086d  etherIsDataAvailable          
00000887  etherIsOverflow               
000008b7  etherGetPacket                
000009a9  etherPutPacket                
00000a8f  etherSumWords                 
00000b15  getEtherChecksum              
00000b51  etherCalcIpChecksum           
00000b89  htons                         
00000bad  htonl                         
00000be5  etherIsIp                     
00000c55  etherIsIpUnicast              
00000cb9  etherIsPingRequest            
00000d05  etherSendPingResponse         
00000e15  etherIsArpRequest             
00000eb3  etherIsArpResponse            
00000f55  etherSendArpResponse          
00001000  __STACK_SIZE                  
00001025  etherSendArpRequest           
00001133  etherIsUdp                    
000011db  etherGetUdpData               
0000120d  etherSendUdpResponse          
000013a9  etherGetId                    
000013b5  etherIncId                    
000013bf  etherEnableDhcpMode           
000013c7  etherDisableDhcpMode          
000013cf  etherIsDhcpEnabled            
000013d5  etherIsIpValid                
00001401  etherSetIpAddress             
00001439  etherGetIpAddress             
00001473  etherSetIpSubnetMask          
000014ab  etherGetIpSubnetMask          
000014e5  etherSetIpGatewayAddress      
0000151d  etherGetIpGatewayAddress      
00001557  etherSetMacAddress            
00001599  etherGetMacAddress            
00001625  initHw                        
00001659  displayConnectionInfo         
000017fb  displayUart0                  
00001899  checkCommand                  
000018ff  MQTTremaininglength           
000019d9  main                          
00002949  __TI_printfi                  
00003397  __aeabi_idiv0                 
00003397  __aeabi_ldiv0                 
00003399  enablePort                    
00003455  disablePort                   
000034d5  selectPinPushPullOutput       
00003523  selectPinOpenDrainOutput      
00003571  selectPinDigitalInput         
000035bf  selectPinAnalogInput          
0000360f  setPinCommitControl           
0000368b  enablePinPullup               
000036b9  disablePinPullup              
000036dd  enablePinPulldown             
00003701  disablePinPulldown            
00003729  setPinAuxFunction             
0000383b  selectPinInterruptRisingEdge  
0000388b  selectPinInterruptFallingEdge 
000038db  selectPinInterruptBothEdges   
00003931  selectPinInterruptHighLevel   
0000396b  selectPinInterruptLowLevel    
000039a5  enablePinInterrupt            
000039c9  disablePinInterrupt           
000039ed  setPinValue                   
00003a13  getPinValue                   
00003a45  setPortValue                  
00003ac9  getPortValue                  
00003b59  isCommand                     
00003bd5  getFieldString                
00003c5b  getFieldInteger               
00003cd9  parseFields                   
00003f51  getsUart0                     
00004409  __aeabi_dsub                  
00004413  __aeabi_dadd                  
000045c1  initSpi0                      
0000465d  setSpi0BaudRate               
00004693  setSpi0Mode                   
000046e1  writeSpi0Data                 
000046f9  readSpi0Data                  
0000485d  __aeabi_ddiv                  
00004ab9  initUart0                     
00004b03  setUart0BaudRate              
00004b43  putcUart0                     
00004b5f  putsUart0                     
00004b8b  getcUart0                     
00004b9f  kbhitUart0                    
00004bdd  ldexp                         
00004bdd  ldexpl                        
00004bdd  scalbn                        
00004bdd  scalbnl                       
00004ced  __aeabi_dmul                  
00004e9b  __aeabi_memcpy                
00004e9b  __aeabi_memcpy4               
00004e9b  __aeabi_memcpy8               
00004e9b  memcpy                        
00004f37  __aeabi_uldivmod              
00004fcd  __aeabi_cdcmpeq               
00004fcd  __aeabi_cdcmple               
00005053  __aeabi_cdrcmple              
000050d9  initEeprom                    
000050ef  writeEeprom                   
0000511d  readEeprom                    
00005159  __aeabi_memclr                
00005159  __aeabi_memclr4               
00005159  __aeabi_memclr8               
0000515b  __aeabi_memset                
0000515b  __aeabi_memset4               
0000515b  __aeabi_memset8               
00005161  memset                        
00005241  __TI_decompress_lzss          
000052a9  frexp                         
000052a9  frexpl                        
00005363  __TI_ltoa                     
00005409  atoi                          
00005455  __aeabi_d2iz                  
0000549d  __TI_auto_init_nobinit_nopinit
000054e1  sprintf                       
00005561  _c_int00_noargs               
00005595  __aeabi_i2d                   
000055c3  waitMicrosecond               
000055e7  __TI_zero_init_nomemset       
00005603  memccpy                       
0000561f  copysign                      
0000561f  copysignl                     
00005651  strcmp                        
00005669  strchr                        
0000567f  strcpy                        
00005693  strlen                        
000056a7  wcslen                        
000056b9  initSystemClockTo40Mhz        
000056c9  __TI_decompress_none          
000056d7  ResetISR                      
000056ed  __aeabi_errno_addr            
000056f5  _system_pre_init              
000056f9  C$$EXIT                       
000056f9  abort                         
000056fc  _ctypes_                      
0000582c  __TI_Handler_Table_Base       
00005838  __TI_Handler_Table_Limit      
00005840  __TI_CINIT_Base               
00005850  __TI_CINIT_Limit              
20000000  __stack                       
20000000  __start___llvm_prf_cnts       
20000000  __stop___llvm_prf_cnts        
20000200  __STACK_TOP                   
20001000  __STACK_END                   
20001000  chartxBuffer                  
20001064  message                       
200010c8  topic                         
20001118  client_ip                     
2000111c  message1                      
20001120  server_ip                     
20001124  topic1                        
20001128  ReadIndex                     
2000112c  WriteIndex                    
20001130  BUFFER_LENGTH                 
20001134  topic_size                    
20001136  message_size                  
20001138  sequencenum                   
2000113c  acknum                        
20001140  flag                          
20001142  data_length                   
20001144  eeprom_address                
20001146  qos                           
20001148  packet_id                     
2000114a  macAddress                    
20001150  nextPacketLsb                 
20001151  nextPacketMsb                 
20001152  sequenceId                    
20001153  dhcpEnabled                   
20001154  ipAddress                     
20001158  ipGwAddress                   
2000115c  ipSubnetMask                  
20001160  errno                         
20001164  strLength                     
20001166  check_return                  
ffffffff  __TI_pprof_out_hndl           
ffffffff  __TI_prof_data_size           
ffffffff  __TI_prof_data_start          
ffffffff  __binit__                     
ffffffff  __c_args__                    
ffffffff  binit                         
UNDEFED   __mpu_init                    
UNDEFED   _system_post_cinit            

[204 symbols]
