<?xml version="1.0" encoding="ISO-8859-1" ?>
<link_info>
   <banner>TI ARM Linker Unix v20.2.1.LTS</banner>
   <copyright>Copyright (c) 1996-2018 Texas Instruments Incorporated</copyright>
   <link_time>0x60510837</link_time>
   <link_errors>0x0</link_errors>
   <output_file>IOT_project1.out</output_file>
   <entry_point>
      <name>_c_int00_noargs</name>
      <address>0x48dd</address>
   </entry_point>
   <input_file_list>
      <input_file id="fl-1">
         <path>./</path>
         <kind>object</kind>
         <file>clock.obj</file>
         <name>clock.obj</name>
      </input_file>
      <input_file id="fl-2">
         <path>./</path>
         <kind>object</kind>
         <file>eeprom.obj</file>
         <name>eeprom.obj</name>
      </input_file>
      <input_file id="fl-3">
         <path>./</path>
         <kind>object</kind>
         <file>eth0.obj</file>
         <name>eth0.obj</name>
      </input_file>
      <input_file id="fl-4">
         <path>./</path>
         <kind>object</kind>
         <file>ethernet.obj</file>
         <name>ethernet.obj</name>
      </input_file>
      <input_file id="fl-5">
         <path>./</path>
         <kind>object</kind>
         <file>gpio.obj</file>
         <name>gpio.obj</name>
      </input_file>
      <input_file id="fl-6">
         <path>./</path>
         <kind>object</kind>
         <file>spi0.obj</file>
         <name>spi0.obj</name>
      </input_file>
      <input_file id="fl-7">
         <path>./</path>
         <kind>object</kind>
         <file>tm4c123gh6pm_startup_ccs.obj</file>
         <name>tm4c123gh6pm_startup_ccs.obj</name>
      </input_file>
      <input_file id="fl-8">
         <path>./</path>
         <kind>object</kind>
         <file>uart0.obj</file>
         <name>uart0.obj</name>
      </input_file>
      <input_file id="fl-9">
         <path>./</path>
         <kind>object</kind>
         <file>uart_input.obj</file>
         <name>uart_input.obj</name>
      </input_file>
      <input_file id="fl-a">
         <path>./</path>
         <kind>object</kind>
         <file>wait.obj</file>
         <name>wait.obj</name>
      </input_file>
      <input_file id="fl-e">
         <kind>object</kind>
         <file>&lt;internal&gt;</file>
         <name>&lt;internal&gt;</name>
      </input_file>
      <input_file id="fl-c4">
         <path>/Applications/ti/ccs1011/ccs/tools/compiler/ti-cgt-arm_20.2.1.LTS/lib/</path>
         <kind>archive</kind>
         <file>rtsv7M4_T_le_v4SPD16_eabi.lib</file>
         <name>sprintf.c.obj</name>
      </input_file>
      <input_file id="fl-c5">
         <path>/Applications/ti/ccs1011/ccs/tools/compiler/ti-cgt-arm_20.2.1.LTS/lib/</path>
         <kind>archive</kind>
         <file>rtsv7M4_T_le_v4SPD16_eabi.lib</file>
         <name>memcpy_t2.asm.obj</name>
      </input_file>
      <input_file id="fl-c6">
         <path>/Applications/ti/ccs1011/ccs/tools/compiler/ti-cgt-arm_20.2.1.LTS/lib/</path>
         <kind>archive</kind>
         <file>rtsv7M4_T_le_v4SPD16_eabi.lib</file>
         <name>copy_zero_init.c.obj</name>
      </input_file>
      <input_file id="fl-c7">
         <path>/Applications/ti/ccs1011/ccs/tools/compiler/ti-cgt-arm_20.2.1.LTS/lib/</path>
         <kind>archive</kind>
         <file>rtsv7M4_T_le_v4SPD16_eabi.lib</file>
         <name>copy_decompress_none.c.obj</name>
      </input_file>
      <input_file id="fl-c8">
         <path>/Applications/ti/ccs1011/ccs/tools/compiler/ti-cgt-arm_20.2.1.LTS/lib/</path>
         <kind>archive</kind>
         <file>rtsv7M4_T_le_v4SPD16_eabi.lib</file>
         <name>copy_decompress_lzss.c.obj</name>
      </input_file>
      <input_file id="fl-c9">
         <path>/Applications/ti/ccs1011/ccs/tools/compiler/ti-cgt-arm_20.2.1.LTS/lib/</path>
         <kind>archive</kind>
         <file>rtsv7M4_T_le_v4SPD16_eabi.lib</file>
         <name>atoi.c.obj</name>
      </input_file>
      <input_file id="fl-ca">
         <path>/Applications/ti/ccs1011/ccs/tools/compiler/ti-cgt-arm_20.2.1.LTS/lib/</path>
         <kind>archive</kind>
         <file>rtsv7M4_T_le_v4SPD16_eabi.lib</file>
         <name>ctype.c.obj</name>
      </input_file>
      <input_file id="fl-cb">
         <path>/Applications/ti/ccs1011/ccs/tools/compiler/ti-cgt-arm_20.2.1.LTS/lib/</path>
         <kind>archive</kind>
         <file>rtsv7M4_T_le_v4SPD16_eabi.lib</file>
         <name>strcmp.c.obj</name>
      </input_file>
      <input_file id="fl-cc">
         <path>/Applications/ti/ccs1011/ccs/tools/compiler/ti-cgt-arm_20.2.1.LTS/lib/</path>
         <kind>archive</kind>
         <file>rtsv7M4_T_le_v4SPD16_eabi.lib</file>
         <name>boot_cortex_m.c.obj</name>
      </input_file>
      <input_file id="fl-cd">
         <path>/Applications/ti/ccs1011/ccs/tools/compiler/ti-cgt-arm_20.2.1.LTS/lib/</path>
         <kind>archive</kind>
         <file>rtsv7M4_T_le_v4SPD16_eabi.lib</file>
         <name>_printfi.c.obj</name>
      </input_file>
      <input_file id="fl-ce">
         <path>/Applications/ti/ccs1011/ccs/tools/compiler/ti-cgt-arm_20.2.1.LTS/lib/</path>
         <kind>archive</kind>
         <file>rtsv7M4_T_le_v4SPD16_eabi.lib</file>
         <name>memset_t2.asm.obj</name>
      </input_file>
      <input_file id="fl-cf">
         <path>/Applications/ti/ccs1011/ccs/tools/compiler/ti-cgt-arm_20.2.1.LTS/lib/</path>
         <kind>archive</kind>
         <file>rtsv7M4_T_le_v4SPD16_eabi.lib</file>
         <name>fd_add_t2.asm.obj</name>
      </input_file>
      <input_file id="fl-d0">
         <path>/Applications/ti/ccs1011/ccs/tools/compiler/ti-cgt-arm_20.2.1.LTS/lib/</path>
         <kind>archive</kind>
         <file>rtsv7M4_T_le_v4SPD16_eabi.lib</file>
         <name>fd_cmp_t2.asm.obj</name>
      </input_file>
      <input_file id="fl-d1">
         <path>/Applications/ti/ccs1011/ccs/tools/compiler/ti-cgt-arm_20.2.1.LTS/lib/</path>
         <kind>archive</kind>
         <file>rtsv7M4_T_le_v4SPD16_eabi.lib</file>
         <name>fd_div_t2.asm.obj</name>
      </input_file>
      <input_file id="fl-d2">
         <path>/Applications/ti/ccs1011/ccs/tools/compiler/ti-cgt-arm_20.2.1.LTS/lib/</path>
         <kind>archive</kind>
         <file>rtsv7M4_T_le_v4SPD16_eabi.lib</file>
         <name>fd_mul_t2.asm.obj</name>
      </input_file>
      <input_file id="fl-d3">
         <path>/Applications/ti/ccs1011/ccs/tools/compiler/ti-cgt-arm_20.2.1.LTS/lib/</path>
         <kind>archive</kind>
         <file>rtsv7M4_T_le_v4SPD16_eabi.lib</file>
         <name>fd_toi_t2.asm.obj</name>
      </input_file>
      <input_file id="fl-d4">
         <path>/Applications/ti/ccs1011/ccs/tools/compiler/ti-cgt-arm_20.2.1.LTS/lib/</path>
         <kind>archive</kind>
         <file>rtsv7M4_T_le_v4SPD16_eabi.lib</file>
         <name>i_tofd_t2.asm.obj</name>
      </input_file>
      <input_file id="fl-d5">
         <path>/Applications/ti/ccs1011/ccs/tools/compiler/ti-cgt-arm_20.2.1.LTS/lib/</path>
         <kind>archive</kind>
         <file>rtsv7M4_T_le_v4SPD16_eabi.lib</file>
         <name>ull_div_t2.asm.obj</name>
      </input_file>
      <input_file id="fl-d6">
         <path>/Applications/ti/ccs1011/ccs/tools/compiler/ti-cgt-arm_20.2.1.LTS/lib/</path>
         <kind>archive</kind>
         <file>rtsv7M4_T_le_v4SPD16_eabi.lib</file>
         <name>autoinit.c.obj</name>
      </input_file>
      <input_file id="fl-d7">
         <path>/Applications/ti/ccs1011/ccs/tools/compiler/ti-cgt-arm_20.2.1.LTS/lib/</path>
         <kind>archive</kind>
         <file>rtsv7M4_T_le_v4SPD16_eabi.lib</file>
         <name>pre_init.c.obj</name>
      </input_file>
      <input_file id="fl-d8">
         <path>/Applications/ti/ccs1011/ccs/tools/compiler/ti-cgt-arm_20.2.1.LTS/lib/</path>
         <kind>archive</kind>
         <file>rtsv7M4_T_le_v4SPD16_eabi.lib</file>
         <name>cpy_tbl.c.obj</name>
      </input_file>
      <input_file id="fl-d9">
         <path>/Applications/ti/ccs1011/ccs/tools/compiler/ti-cgt-arm_20.2.1.LTS/lib/</path>
         <kind>archive</kind>
         <file>rtsv7M4_T_le_v4SPD16_eabi.lib</file>
         <name>exit.c.obj</name>
      </input_file>
      <input_file id="fl-da">
         <path>/Applications/ti/ccs1011/ccs/tools/compiler/ti-cgt-arm_20.2.1.LTS/lib/</path>
         <kind>archive</kind>
         <file>rtsv7M4_T_le_v4SPD16_eabi.lib</file>
         <name>_lock.c.obj</name>
      </input_file>
      <input_file id="fl-db">
         <path>/Applications/ti/ccs1011/ccs/tools/compiler/ti-cgt-arm_20.2.1.LTS/lib/</path>
         <kind>archive</kind>
         <file>rtsv7M4_T_le_v4SPD16_eabi.lib</file>
         <name>_ltoa.c.obj</name>
      </input_file>
      <input_file id="fl-dc">
         <path>/Applications/ti/ccs1011/ccs/tools/compiler/ti-cgt-arm_20.2.1.LTS/lib/</path>
         <kind>archive</kind>
         <file>rtsv7M4_T_le_v4SPD16_eabi.lib</file>
         <name>args_main.c.obj</name>
      </input_file>
      <input_file id="fl-dd">
         <path>/Applications/ti/ccs1011/ccs/tools/compiler/ti-cgt-arm_20.2.1.LTS/lib/</path>
         <kind>archive</kind>
         <file>rtsv7M4_T_le_v4SPD16_eabi.lib</file>
         <name>memccpy.c.obj</name>
      </input_file>
      <input_file id="fl-de">
         <path>/Applications/ti/ccs1011/ccs/tools/compiler/ti-cgt-arm_20.2.1.LTS/lib/</path>
         <kind>archive</kind>
         <file>rtsv7M4_T_le_v4SPD16_eabi.lib</file>
         <name>strchr.c.obj</name>
      </input_file>
      <input_file id="fl-df">
         <path>/Applications/ti/ccs1011/ccs/tools/compiler/ti-cgt-arm_20.2.1.LTS/lib/</path>
         <kind>archive</kind>
         <file>rtsv7M4_T_le_v4SPD16_eabi.lib</file>
         <name>strlen.c.obj</name>
      </input_file>
      <input_file id="fl-e0">
         <path>/Applications/ti/ccs1011/ccs/tools/compiler/ti-cgt-arm_20.2.1.LTS/lib/</path>
         <kind>archive</kind>
         <file>rtsv7M4_T_le_v4SPD16_eabi.lib</file>
         <name>errno.c.obj</name>
      </input_file>
      <input_file id="fl-e1">
         <path>/Applications/ti/ccs1011/ccs/tools/compiler/ti-cgt-arm_20.2.1.LTS/lib/</path>
         <kind>archive</kind>
         <file>rtsv7M4_T_le_v4SPD16_eabi.lib</file>
         <name>s_frexp.c.obj</name>
      </input_file>
      <input_file id="fl-e2">
         <path>/Applications/ti/ccs1011/ccs/tools/compiler/ti-cgt-arm_20.2.1.LTS/lib/</path>
         <kind>archive</kind>
         <file>rtsv7M4_T_le_v4SPD16_eabi.lib</file>
         <name>s_scalbn.c.obj</name>
      </input_file>
      <input_file id="fl-e3">
         <path>/Applications/ti/ccs1011/ccs/tools/compiler/ti-cgt-arm_20.2.1.LTS/lib/</path>
         <kind>archive</kind>
         <file>rtsv7M4_T_le_v4SPD16_eabi.lib</file>
         <name>wcslen.c.obj</name>
      </input_file>
      <input_file id="fl-e4">
         <path>/Applications/ti/ccs1011/ccs/tools/compiler/ti-cgt-arm_20.2.1.LTS/lib/</path>
         <kind>archive</kind>
         <file>rtsv7M4_T_le_v4SPD16_eabi.lib</file>
         <name>div0.asm.obj</name>
      </input_file>
      <input_file id="fl-e5">
         <path>/Applications/ti/ccs1011/ccs/tools/compiler/ti-cgt-arm_20.2.1.LTS/lib/</path>
         <kind>archive</kind>
         <file>rtsv7M4_T_le_v4SPD16_eabi.lib</file>
         <name>s_copysign.c.obj</name>
      </input_file>
   </input_file_list>
   <object_component_list>
      <object_component id="oc-12">
         <name>.intvecs</name>
         <load_address>0x0</load_address>
         <run_address>0x0</run_address>
         <size>0x26c</size>
         <input_file_ref idref="fl-7"/>
      </object_component>
      <object_component id="oc-cf">
         <name>.text</name>
         <load_address>0x26c</load_address>
         <run_address>0x26c</run_address>
         <size>0x1374</size>
         <input_file_ref idref="fl-3"/>
      </object_component>
      <object_component id="oc-165">
         <name>.text:__TI_printfi</name>
         <load_address>0x15e0</load_address>
         <run_address>0x15e0</run_address>
         <size>0xa4e</size>
         <input_file_ref idref="fl-cd"/>
      </object_component>
      <object_component id="oc-2c9">
         <name>.text</name>
         <load_address>0x202e</load_address>
         <run_address>0x202e</run_address>
         <size>0x2</size>
         <input_file_ref idref="fl-e4"/>
      </object_component>
      <object_component id="oc-c9">
         <name>.text</name>
         <load_address>0x2030</load_address>
         <run_address>0x2030</run_address>
         <size>0x7c0</size>
         <input_file_ref idref="fl-5"/>
      </object_component>
      <object_component id="oc-9b">
         <name>.text</name>
         <load_address>0x27f0</load_address>
         <run_address>0x27f0</run_address>
         <size>0x794</size>
         <input_file_ref idref="fl-4"/>
      </object_component>
      <object_component id="oc-e1">
         <name>.text</name>
         <load_address>0x2f84</load_address>
         <run_address>0x2f84</run_address>
         <size>0x440</size>
         <input_file_ref idref="fl-9"/>
      </object_component>
      <object_component id="oc-1e5">
         <name>.text:_pconv_a</name>
         <load_address>0x33c4</load_address>
         <run_address>0x33c4</run_address>
         <size>0x270</size>
         <input_file_ref idref="fl-cd"/>
      </object_component>
      <object_component id="oc-1d3">
         <name>.text:_pconv_g</name>
         <load_address>0x3634</load_address>
         <run_address>0x3634</run_address>
         <size>0x1d0</size>
         <input_file_ref idref="fl-cd"/>
      </object_component>
      <object_component id="oc-25f">
         <name>.text</name>
         <load_address>0x3804</load_address>
         <run_address>0x3804</run_address>
         <size>0x1b6</size>
         <input_file_ref idref="fl-cf"/>
      </object_component>
      <object_component id="oc-14f">
         <name>.text</name>
         <load_address>0x39bc</load_address>
         <run_address>0x39bc</run_address>
         <size>0x160</size>
         <input_file_ref idref="fl-6"/>
      </object_component>
      <object_component id="oc-1df">
         <name>.text:_pconv_e</name>
         <load_address>0x3b1c</load_address>
         <run_address>0x3b1c</run_address>
         <size>0x13c</size>
         <input_file_ref idref="fl-cd"/>
      </object_component>
      <object_component id="oc-245">
         <name>.text</name>
         <load_address>0x3c58</load_address>
         <run_address>0x3c58</run_address>
         <size>0x136</size>
         <input_file_ref idref="fl-d1"/>
      </object_component>
      <object_component id="oc-271">
         <name>.text:fcvt</name>
         <load_address>0x3d90</load_address>
         <run_address>0x3d90</run_address>
         <size>0x124</size>
         <input_file_ref idref="fl-cd"/>
      </object_component>
      <object_component id="oc-d5">
         <name>.text</name>
         <load_address>0x3eb4</load_address>
         <run_address>0x3eb4</run_address>
         <size>0x124</size>
         <input_file_ref idref="fl-8"/>
      </object_component>
      <object_component id="oc-285">
         <name>.text:scalbn</name>
         <load_address>0x3fd8</load_address>
         <run_address>0x3fd8</run_address>
         <size>0x110</size>
         <input_file_ref idref="fl-e2"/>
      </object_component>
      <object_component id="oc-240">
         <name>.text</name>
         <load_address>0x40e8</load_address>
         <run_address>0x40e8</run_address>
         <size>0xfc</size>
         <input_file_ref idref="fl-d2"/>
      </object_component>
      <object_component id="oc-1c8">
         <name>.text:_ltostr</name>
         <load_address>0x41e4</load_address>
         <run_address>0x41e4</run_address>
         <size>0xb1</size>
         <input_file_ref idref="fl-cd"/>
      </object_component>
      <object_component id="oc-3b">
         <name>.text</name>
         <load_address>0x4296</load_address>
         <run_address>0x4296</run_address>
         <size>0x9c</size>
         <input_file_ref idref="fl-c5"/>
      </object_component>
      <object_component id="oc-239">
         <name>.text</name>
         <load_address>0x4332</load_address>
         <run_address>0x4332</run_address>
         <size>0x96</size>
         <input_file_ref idref="fl-d5"/>
      </object_component>
      <object_component id="oc-1ce">
         <name>.text:__aeabi_cdcmple</name>
         <load_address>0x43c8</load_address>
         <run_address>0x43c8</run_address>
         <size>0x86</size>
         <input_file_ref idref="fl-d0"/>
      </object_component>
      <object_component id="oc-24a">
         <name>.text:__aeabi_cdrcmple</name>
         <load_address>0x444e</load_address>
         <run_address>0x444e</run_address>
         <size>0x86</size>
         <input_file_ref idref="fl-d0"/>
      </object_component>
      <object_component id="oc-8f">
         <name>.text</name>
         <load_address>0x44d4</load_address>
         <run_address>0x44d4</run_address>
         <size>0x7a</size>
         <input_file_ref idref="fl-ce"/>
      </object_component>
      <object_component id="oc-26a">
         <name>.text:_mcpy</name>
         <load_address>0x454e</load_address>
         <run_address>0x454e</run_address>
         <size>0x6e</size>
         <input_file_ref idref="fl-cd"/>
      </object_component>
      <object_component id="oc-15">
         <name>.text:decompress:lzss:__TI_decompress_lzss</name>
         <load_address>0x45bc</load_address>
         <run_address>0x45bc</run_address>
         <size>0x68</size>
         <input_file_ref idref="fl-c8"/>
      </object_component>
      <object_component id="oc-27f">
         <name>.text:frexp</name>
         <load_address>0x4624</load_address>
         <run_address>0x4624</run_address>
         <size>0x64</size>
         <input_file_ref idref="fl-e1"/>
      </object_component>
      <object_component id="oc-1d9">
         <name>.text:_pconv_f</name>
         <load_address>0x4688</load_address>
         <run_address>0x4688</run_address>
         <size>0x56</size>
         <input_file_ref idref="fl-cd"/>
      </object_component>
      <object_component id="oc-254">
         <name>.text:__TI_ltoa</name>
         <load_address>0x46de</load_address>
         <run_address>0x46de</run_address>
         <size>0x54</size>
         <input_file_ref idref="fl-db"/>
      </object_component>
      <object_component id="oc-264">
         <name>.text:_ecpy</name>
         <load_address>0x4732</load_address>
         <run_address>0x4732</run_address>
         <size>0x52</size>
         <input_file_ref idref="fl-cd"/>
      </object_component>
      <object_component id="oc-184">
         <name>.text:atoi</name>
         <load_address>0x4784</load_address>
         <run_address>0x4784</run_address>
         <size>0x4c</size>
         <input_file_ref idref="fl-c9"/>
      </object_component>
      <object_component id="oc-24f">
         <name>.text</name>
         <load_address>0x47d0</load_address>
         <run_address>0x47d0</run_address>
         <size>0x48</size>
         <input_file_ref idref="fl-d3"/>
      </object_component>
      <object_component id="oc-113">
         <name>.text:__TI_auto_init_nobinit_nopinit:__TI_auto_init_nobinit_nopinit</name>
         <load_address>0x4818</load_address>
         <run_address>0x4818</run_address>
         <size>0x44</size>
         <input_file_ref idref="fl-d6"/>
      </object_component>
      <object_component id="oc-db">
         <name>.text:sprintf</name>
         <load_address>0x485c</load_address>
         <run_address>0x485c</run_address>
         <size>0x40</size>
         <input_file_ref idref="fl-c4"/>
      </object_component>
      <object_component id="oc-277">
         <name>.text:_fcpy</name>
         <load_address>0x489c</load_address>
         <run_address>0x489c</run_address>
         <size>0x3e</size>
         <input_file_ref idref="fl-cd"/>
      </object_component>
      <object_component id="oc-59">
         <name>.text:_c_int00_noargs:_c_int00_noargs</name>
         <load_address>0x48dc</load_address>
         <run_address>0x48dc</run_address>
         <size>0x34</size>
         <input_file_ref idref="fl-cc"/>
      </object_component>
      <object_component id="oc-25a">
         <name>.text</name>
         <load_address>0x4910</load_address>
         <run_address>0x4910</run_address>
         <size>0x2e</size>
         <input_file_ref idref="fl-d4"/>
      </object_component>
      <object_component id="oc-ee">
         <name>.text</name>
         <load_address>0x493e</load_address>
         <run_address>0x493e</run_address>
         <size>0x24</size>
         <input_file_ref idref="fl-a"/>
      </object_component>
      <object_component id="oc-47">
         <name>.text:decompress:ZI:__TI_zero_init_nomemset:__TI_zero_init_nomemset</name>
         <load_address>0x4962</load_address>
         <run_address>0x4962</run_address>
         <size>0x1c</size>
         <input_file_ref idref="fl-c6"/>
      </object_component>
      <object_component id="oc-1eb">
         <name>.text:memccpy</name>
         <load_address>0x497e</load_address>
         <run_address>0x497e</run_address>
         <size>0x1c</size>
         <input_file_ref idref="fl-dd"/>
      </object_component>
      <object_component id="oc-2e2">
         <name>.text:copysign</name>
         <load_address>0x499a</load_address>
         <run_address>0x499a</run_address>
         <size>0x1a</size>
         <input_file_ref idref="fl-e5"/>
      </object_component>
      <object_component id="oc-16b">
         <name>.text:_outs</name>
         <load_address>0x49b4</load_address>
         <run_address>0x49b4</run_address>
         <size>0x18</size>
         <input_file_ref idref="fl-c4"/>
      </object_component>
      <object_component id="oc-17e">
         <name>.text:strcmp</name>
         <load_address>0x49cc</load_address>
         <run_address>0x49cc</run_address>
         <size>0x18</size>
         <input_file_ref idref="fl-cb"/>
      </object_component>
      <object_component id="oc-28b">
         <name>.text:strchr</name>
         <load_address>0x49e4</load_address>
         <run_address>0x49e4</run_address>
         <size>0x16</size>
         <input_file_ref idref="fl-de"/>
      </object_component>
      <object_component id="oc-1c2">
         <name>.text:strlen</name>
         <load_address>0x49fa</load_address>
         <run_address>0x49fa</run_address>
         <size>0x14</size>
         <input_file_ref idref="fl-df"/>
      </object_component>
      <object_component id="oc-1f1">
         <name>.text:wcslen</name>
         <load_address>0x4a0e</load_address>
         <run_address>0x4a0e</run_address>
         <size>0x12</size>
         <input_file_ref idref="fl-e3"/>
      </object_component>
      <object_component id="oc-c3">
         <name>.text</name>
         <load_address>0x4a20</load_address>
         <run_address>0x4a20</run_address>
         <size>0x10</size>
         <input_file_ref idref="fl-1"/>
      </object_component>
      <object_component id="oc-1b">
         <name>.text:decompress:none:__TI_decompress_none</name>
         <load_address>0x4a30</load_address>
         <run_address>0x4a30</run_address>
         <size>0xe</size>
         <input_file_ref idref="fl-c7"/>
      </object_component>
      <object_component id="oc-27">
         <name>.text</name>
         <load_address>0x4a3e</load_address>
         <run_address>0x4a3e</run_address>
         <size>0xc</size>
         <input_file_ref idref="fl-7"/>
      </object_component>
      <object_component id="oc-171">
         <name>.text:_outc</name>
         <load_address>0x4a4a</load_address>
         <run_address>0x4a4a</run_address>
         <size>0xa</size>
         <input_file_ref idref="fl-c4"/>
      </object_component>
      <object_component id="oc-1f7">
         <name>.text:__aeabi_errno_addr</name>
         <load_address>0x4a54</load_address>
         <run_address>0x4a54</run_address>
         <size>0x8</size>
         <input_file_ref idref="fl-e0"/>
      </object_component>
      <object_component id="oc-95">
         <name>.text:_system_pre_init</name>
         <load_address>0x4a5c</load_address>
         <run_address>0x4a5c</run_address>
         <size>0x4</size>
         <input_file_ref idref="fl-d7"/>
      </object_component>
      <object_component id="oc-107">
         <name>.text:abort:abort</name>
         <load_address>0x4a60</load_address>
         <run_address>0x4a60</run_address>
         <size>0x4</size>
         <input_file_ref idref="fl-d9"/>
      </object_component>
      <object_component id="oc-20f">
         <name>.const:.string:_ctypes_</name>
         <load_address>0x4a64</load_address>
         <run_address>0x4a64</run_address>
         <size>0x101</size>
         <input_file_ref idref="fl-ca"/>
      </object_component>
      <object_component id="oc-33a">
         <name>.cinit..data.load</name>
         <load_address>0x4b68</load_address>
         <run_address>0x4b68</run_address>
         <size>0x23</size>
      </object_component>
      <object_component id="oc-338">
         <name>__TI_handler_table</name>
         <load_address>0x4b8c</load_address>
         <run_address>0x4b8c</run_address>
         <size>0xc</size>
      </object_component>
      <object_component id="oc-33b">
         <name>.cinit..bss.load</name>
         <load_address>0x4b98</load_address>
         <run_address>0x4b98</run_address>
         <size>0x8</size>
      </object_component>
      <object_component id="oc-339">
         <name>__TI_cinit_table</name>
         <load_address>0x4ba0</load_address>
         <run_address>0x4ba0</run_address>
         <size>0x10</size>
      </object_component>
      <object_component id="oc-158">
         <name>.data</name>
         <load_address>0x2000108a</load_address>
         <run_address>0x2000108a</run_address>
         <size>0x4</size>
         <input_file_ref idref="fl-3"/>
      </object_component>
      <object_component id="oc-155">
         <name>.data:macAddress</name>
         <load_address>0x20001084</load_address>
         <run_address>0x20001084</run_address>
         <size>0x6</size>
         <input_file_ref idref="fl-3"/>
      </object_component>
      <object_component id="oc-15b">
         <name>.data:ipAddress</name>
         <load_address>0x2000108e</load_address>
         <run_address>0x2000108e</run_address>
         <size>0x4</size>
         <input_file_ref idref="fl-3"/>
      </object_component>
      <object_component id="oc-15e">
         <name>.data:ipSubnetMask</name>
         <load_address>0x20001096</load_address>
         <run_address>0x20001096</run_address>
         <size>0x4</size>
         <input_file_ref idref="fl-3"/>
      </object_component>
      <object_component id="oc-f4">
         <name>.data:ipGwAddress</name>
         <load_address>0x20001092</load_address>
         <run_address>0x20001092</run_address>
         <size>0x4</size>
         <input_file_ref idref="fl-3"/>
      </object_component>
      <object_component id="oc-e7">
         <name>.data</name>
         <load_address>0x20001068</load_address>
         <run_address>0x20001068</run_address>
         <size>0x1c</size>
         <input_file_ref idref="fl-4"/>
      </object_component>
      <object_component id="oc-29b">
         <name>.data</name>
         <load_address>0x2000109c</load_address>
         <run_address>0x2000109c</run_address>
         <size>0x4</size>
         <input_file_ref idref="fl-e0"/>
      </object_component>
      <object_component id="oc-ea">
         <name>.common:chartxBuffer</name>
         <uninitialized>true</uninitialized>
         <run_address>0x20001000</run_address>
         <size>0x64</size>
      </object_component>
      <object_component id="oc-ed">
         <name>.common:mqtt_ip</name>
         <uninitialized>true</uninitialized>
         <run_address>0x20001064</run_address>
         <size>0x4</size>
      </object_component>
      <object_component id="oc-24">
         <name>.stack</name>
         <uninitialized>true</uninitialized>
         <run_address>0x20000000</run_address>
         <size>0x4</size>
         <input_file_ref idref="fl-cc"/>
      </object_component>
      <object_component id="oc-33d">
         <name>.stack</name>
         <uninitialized>true</uninitialized>
         <run_address>0x20000000</run_address>
         <size>0x0</size>
      </object_component>
      <object_component id="oc-b2">
         <name>.debug_info</name>
         <load_address>0x0</load_address>
         <run_address>0x0</run_address>
         <size>0x261</size>
         <input_file_ref idref="fl-1"/>
      </object_component>
      <object_component id="oc-c4">
         <name>.debug_info</name>
         <load_address>0x261</load_address>
         <run_address>0x261</run_address>
         <size>0x11e</size>
         <input_file_ref idref="fl-1"/>
      </object_component>
      <object_component id="oc-70">
         <name>.debug_info</name>
         <load_address>0x37f</load_address>
         <run_address>0x37f</run_address>
         <size>0x26b</size>
         <input_file_ref idref="fl-1"/>
      </object_component>
      <object_component id="oc-36">
         <name>.debug_info</name>
         <load_address>0x5ea</load_address>
         <run_address>0x5ea</run_address>
         <size>0x84</size>
         <input_file_ref idref="fl-1"/>
      </object_component>
      <object_component id="oc-ad">
         <name>.debug_info</name>
         <load_address>0x66e</load_address>
         <run_address>0x66e</run_address>
         <size>0x2a4</size>
         <input_file_ref idref="fl-1"/>
      </object_component>
      <object_component id="oc-75">
         <name>.debug_info</name>
         <load_address>0x912</load_address>
         <run_address>0x912</run_address>
         <size>0xbb</size>
         <input_file_ref idref="fl-1"/>
      </object_component>
      <object_component id="oc-162">
         <name>.debug_info</name>
         <load_address>0x9cd</load_address>
         <run_address>0x9cd</run_address>
         <size>0x4b6</size>
         <input_file_ref idref="fl-3"/>
      </object_component>
      <object_component id="oc-159">
         <name>.debug_info</name>
         <load_address>0xe83</load_address>
         <run_address>0xe83</run_address>
         <size>0x156</size>
         <input_file_ref idref="fl-3"/>
      </object_component>
      <object_component id="oc-156">
         <name>.debug_info</name>
         <load_address>0xfd9</load_address>
         <run_address>0xfd9</run_address>
         <size>0xd9</size>
         <input_file_ref idref="fl-3"/>
      </object_component>
      <object_component id="oc-15c">
         <name>.debug_info</name>
         <load_address>0x10b2</load_address>
         <run_address>0x10b2</run_address>
         <size>0xd7</size>
         <input_file_ref idref="fl-3"/>
      </object_component>
      <object_component id="oc-15f">
         <name>.debug_info</name>
         <load_address>0x1189</load_address>
         <run_address>0x1189</run_address>
         <size>0xdd</size>
         <input_file_ref idref="fl-3"/>
      </object_component>
      <object_component id="oc-f5">
         <name>.debug_info</name>
         <load_address>0x1266</load_address>
         <run_address>0x1266</run_address>
         <size>0xdb</size>
         <input_file_ref idref="fl-3"/>
      </object_component>
      <object_component id="oc-d0">
         <name>.debug_info</name>
         <load_address>0x1341</load_address>
         <run_address>0x1341</run_address>
         <size>0x2ec9</size>
         <input_file_ref idref="fl-3"/>
      </object_component>
      <object_component id="oc-149">
         <name>.debug_info</name>
         <load_address>0x420a</load_address>
         <run_address>0x420a</run_address>
         <size>0x88</size>
         <input_file_ref idref="fl-3"/>
      </object_component>
      <object_component id="oc-f8">
         <name>.debug_info</name>
         <load_address>0x4292</load_address>
         <run_address>0x4292</run_address>
         <size>0x8b</size>
         <input_file_ref idref="fl-3"/>
      </object_component>
      <object_component id="oc-102">
         <name>.debug_info</name>
         <load_address>0x431d</load_address>
         <run_address>0x431d</run_address>
         <size>0x664</size>
         <input_file_ref idref="fl-3"/>
      </object_component>
      <object_component id="oc-eb">
         <name>.debug_info</name>
         <load_address>0x4981</load_address>
         <run_address>0x4981</run_address>
         <size>0xaaa</size>
         <input_file_ref idref="fl-4"/>
      </object_component>
      <object_component id="oc-e8">
         <name>.debug_info</name>
         <load_address>0x542b</load_address>
         <run_address>0x542b</run_address>
         <size>0x1a7</size>
         <input_file_ref idref="fl-4"/>
      </object_component>
      <object_component id="oc-9c">
         <name>.debug_info</name>
         <load_address>0x55d2</load_address>
         <run_address>0x55d2</run_address>
         <size>0xbfe</size>
         <input_file_ref idref="fl-4"/>
      </object_component>
      <object_component id="oc-fd">
         <name>.debug_info</name>
         <load_address>0x61d0</load_address>
         <run_address>0x61d0</run_address>
         <size>0x8a</size>
         <input_file_ref idref="fl-4"/>
      </object_component>
      <object_component id="oc-179">
         <name>.debug_info</name>
         <load_address>0x625a</load_address>
         <run_address>0x625a</run_address>
         <size>0x2c</size>
         <input_file_ref idref="fl-4"/>
      </object_component>
      <object_component id="oc-14e">
         <name>.debug_info</name>
         <load_address>0x6286</load_address>
         <run_address>0x6286</run_address>
         <size>0x266</size>
         <input_file_ref idref="fl-5"/>
      </object_component>
      <object_component id="oc-ca">
         <name>.debug_info</name>
         <load_address>0x64ec</load_address>
         <run_address>0x64ec</run_address>
         <size>0xfa3</size>
         <input_file_ref idref="fl-5"/>
      </object_component>
      <object_component id="oc-150">
         <name>.debug_info</name>
         <load_address>0x748f</load_address>
         <run_address>0x748f</run_address>
         <size>0x458</size>
         <input_file_ref idref="fl-6"/>
      </object_component>
      <object_component id="oc-2f">
         <name>.debug_info</name>
         <load_address>0x78e7</load_address>
         <run_address>0x78e7</run_address>
         <size>0x2b2</size>
         <input_file_ref idref="fl-7"/>
      </object_component>
      <object_component id="oc-13">
         <name>.debug_info</name>
         <load_address>0x7b99</load_address>
         <run_address>0x7b99</run_address>
         <size>0xf1</size>
         <input_file_ref idref="fl-7"/>
      </object_component>
      <object_component id="oc-28">
         <name>.debug_info</name>
         <load_address>0x7c8a</load_address>
         <run_address>0x7c8a</run_address>
         <size>0x26d</size>
         <input_file_ref idref="fl-7"/>
      </object_component>
      <object_component id="oc-164">
         <name>.debug_info</name>
         <load_address>0x7ef7</load_address>
         <run_address>0x7ef7</run_address>
         <size>0x351</size>
         <input_file_ref idref="fl-8"/>
      </object_component>
      <object_component id="oc-d6">
         <name>.debug_info</name>
         <load_address>0x8248</load_address>
         <run_address>0x8248</run_address>
         <size>0x3ca</size>
         <input_file_ref idref="fl-8"/>
      </object_component>
      <object_component id="oc-18b">
         <name>.debug_info</name>
         <load_address>0x8612</load_address>
         <run_address>0x8612</run_address>
         <size>0x314</size>
         <input_file_ref idref="fl-9"/>
      </object_component>
      <object_component id="oc-e2">
         <name>.debug_info</name>
         <load_address>0x8926</load_address>
         <run_address>0x8926</run_address>
         <size>0x633</size>
         <input_file_ref idref="fl-9"/>
      </object_component>
      <object_component id="oc-ba">
         <name>.debug_info</name>
         <load_address>0x8f59</load_address>
         <run_address>0x8f59</run_address>
         <size>0x2c</size>
         <input_file_ref idref="fl-9"/>
      </object_component>
      <object_component id="oc-ef">
         <name>.debug_info</name>
         <load_address>0x8f85</load_address>
         <run_address>0x8f85</run_address>
         <size>0x128</size>
         <input_file_ref idref="fl-a"/>
      </object_component>
      <object_component id="oc-178">
         <name>.debug_info</name>
         <load_address>0x90ad</load_address>
         <run_address>0x90ad</run_address>
         <size>0x333</size>
         <input_file_ref idref="fl-c4"/>
      </object_component>
      <object_component id="oc-dc">
         <name>.debug_info</name>
         <load_address>0x93e0</load_address>
         <run_address>0x93e0</run_address>
         <size>0x1d1</size>
         <input_file_ref idref="fl-c4"/>
      </object_component>
      <object_component id="oc-16c">
         <name>.debug_info</name>
         <load_address>0x95b1</load_address>
         <run_address>0x95b1</run_address>
         <size>0x18d</size>
         <input_file_ref idref="fl-c4"/>
      </object_component>
      <object_component id="oc-172">
         <name>.debug_info</name>
         <load_address>0x973e</load_address>
         <run_address>0x973e</run_address>
         <size>0x16d</size>
         <input_file_ref idref="fl-c4"/>
      </object_component>
      <object_component id="oc-2a2">
         <name>.debug_info</name>
         <load_address>0x98ab</load_address>
         <run_address>0x98ab</run_address>
         <size>0x2c</size>
         <input_file_ref idref="fl-c4"/>
      </object_component>
      <object_component id="oc-3c">
         <name>.debug_info</name>
         <load_address>0x98d7</load_address>
         <run_address>0x98d7</run_address>
         <size>0x119</size>
         <input_file_ref idref="fl-c5"/>
      </object_component>
      <object_component id="oc-8e">
         <name>.debug_info</name>
         <load_address>0x99f0</load_address>
         <run_address>0x99f0</run_address>
         <size>0x2d4</size>
         <input_file_ref idref="fl-c6"/>
      </object_component>
      <object_component id="oc-4b">
         <name>.debug_info</name>
         <load_address>0x9cc4</load_address>
         <run_address>0x9cc4</run_address>
         <size>0x1d2</size>
         <input_file_ref idref="fl-c6"/>
      </object_component>
      <object_component id="oc-89">
         <name>.debug_info</name>
         <load_address>0x9e96</load_address>
         <run_address>0x9e96</run_address>
         <size>0x46</size>
         <input_file_ref idref="fl-c6"/>
      </object_component>
      <object_component id="oc-46">
         <name>.debug_info</name>
         <load_address>0x9edc</load_address>
         <run_address>0x9edc</run_address>
         <size>0x2a8</size>
         <input_file_ref idref="fl-c7"/>
      </object_component>
      <object_component id="oc-1c">
         <name>.debug_info</name>
         <load_address>0xa184</load_address>
         <run_address>0xa184</run_address>
         <size>0x1ea</size>
         <input_file_ref idref="fl-c7"/>
      </object_component>
      <object_component id="oc-41">
         <name>.debug_info</name>
         <load_address>0xa36e</load_address>
         <run_address>0xa36e</run_address>
         <size>0x46</size>
         <input_file_ref idref="fl-c7"/>
      </object_component>
      <object_component id="oc-81">
         <name>.debug_info</name>
         <load_address>0xa3b4</load_address>
         <run_address>0xa3b4</run_address>
         <size>0x2c</size>
         <input_file_ref idref="fl-c7"/>
      </object_component>
      <object_component id="oc-7f">
         <name>.debug_info</name>
         <load_address>0xa3e0</load_address>
         <run_address>0xa3e0</run_address>
         <size>0x29e</size>
         <input_file_ref idref="fl-c8"/>
      </object_component>
      <object_component id="oc-17">
         <name>.debug_info</name>
         <load_address>0xa67e</load_address>
         <run_address>0xa67e</run_address>
         <size>0x250</size>
         <input_file_ref idref="fl-c8"/>
      </object_component>
      <object_component id="oc-31">
         <name>.debug_info</name>
         <load_address>0xa8ce</load_address>
         <run_address>0xa8ce</run_address>
         <size>0x60</size>
         <input_file_ref idref="fl-c8"/>
      </object_component>
      <object_component id="oc-b3">
         <name>.debug_info</name>
         <load_address>0xa92e</load_address>
         <run_address>0xa92e</run_address>
         <size>0x46</size>
         <input_file_ref idref="fl-c8"/>
      </object_component>
      <object_component id="oc-7a">
         <name>.debug_info</name>
         <load_address>0xa974</load_address>
         <run_address>0xa974</run_address>
         <size>0x39</size>
         <input_file_ref idref="fl-c8"/>
      </object_component>
      <object_component id="oc-213">
         <name>.debug_info</name>
         <load_address>0xa9ad</load_address>
         <run_address>0xa9ad</run_address>
         <size>0x2b9</size>
         <input_file_ref idref="fl-c9"/>
      </object_component>
      <object_component id="oc-186">
         <name>.debug_info</name>
         <load_address>0xac66</load_address>
         <run_address>0xac66</run_address>
         <size>0x17c</size>
         <input_file_ref idref="fl-c9"/>
      </object_component>
      <object_component id="oc-2b5">
         <name>.debug_info</name>
         <load_address>0xade2</load_address>
         <run_address>0xade2</run_address>
         <size>0xf9</size>
         <input_file_ref idref="fl-ca"/>
      </object_component>
      <object_component id="oc-210">
         <name>.debug_info</name>
         <load_address>0xaedb</load_address>
         <run_address>0xaedb</run_address>
         <size>0x105</size>
         <input_file_ref idref="fl-ca"/>
      </object_component>
      <object_component id="oc-20e">
         <name>.debug_info</name>
         <load_address>0xafe0</load_address>
         <run_address>0xafe0</run_address>
         <size>0x28a</size>
         <input_file_ref idref="fl-cb"/>
      </object_component>
      <object_component id="oc-17f">
         <name>.debug_info</name>
         <load_address>0xb26a</load_address>
         <run_address>0xb26a</run_address>
         <size>0x273</size>
         <input_file_ref idref="fl-cb"/>
      </object_component>
      <object_component id="oc-25">
         <name>.debug_info</name>
         <load_address>0xb4dd</load_address>
         <run_address>0xb4dd</run_address>
         <size>0x10b</size>
         <input_file_ref idref="fl-cc"/>
      </object_component>
      <object_component id="oc-5c">
         <name>.debug_info</name>
         <load_address>0xb5e8</load_address>
         <run_address>0xb5e8</run_address>
         <size>0x1a9</size>
         <input_file_ref idref="fl-cc"/>
      </object_component>
      <object_component id="oc-1fe">
         <name>.debug_info</name>
         <load_address>0xb791</load_address>
         <run_address>0xb791</run_address>
         <size>0x590</size>
         <input_file_ref idref="fl-cd"/>
      </object_component>
      <object_component id="oc-1c9">
         <name>.debug_info</name>
         <load_address>0xbd21</load_address>
         <run_address>0xbd21</run_address>
         <size>0x21e</size>
         <input_file_ref idref="fl-cd"/>
      </object_component>
      <object_component id="oc-265">
         <name>.debug_info</name>
         <load_address>0xbf3f</load_address>
         <run_address>0xbf3f</run_address>
         <size>0x1b3</size>
         <input_file_ref idref="fl-cd"/>
      </object_component>
      <object_component id="oc-26b">
         <name>.debug_info</name>
         <load_address>0xc0f2</load_address>
         <run_address>0xc0f2</run_address>
         <size>0x21b</size>
         <input_file_ref idref="fl-cd"/>
      </object_component>
      <object_component id="oc-1d4">
         <name>.debug_info</name>
         <load_address>0xc30d</load_address>
         <run_address>0xc30d</run_address>
         <size>0x3c0</size>
         <input_file_ref idref="fl-cd"/>
      </object_component>
      <object_component id="oc-272">
         <name>.debug_info</name>
         <load_address>0xc6cd</load_address>
         <run_address>0xc6cd</run_address>
         <size>0x30a</size>
         <input_file_ref idref="fl-cd"/>
      </object_component>
      <object_component id="oc-278">
         <name>.debug_info</name>
         <load_address>0xc9d7</load_address>
         <run_address>0xc9d7</run_address>
         <size>0x215</size>
         <input_file_ref idref="fl-cd"/>
      </object_component>
      <object_component id="oc-1da">
         <name>.debug_info</name>
         <load_address>0xcbec</load_address>
         <run_address>0xcbec</run_address>
         <size>0x215</size>
         <input_file_ref idref="fl-cd"/>
      </object_component>
      <object_component id="oc-1e0">
         <name>.debug_info</name>
         <load_address>0xce01</load_address>
         <run_address>0xce01</run_address>
         <size>0x304</size>
         <input_file_ref idref="fl-cd"/>
      </object_component>
      <object_component id="oc-1e6">
         <name>.debug_info</name>
         <load_address>0xd105</load_address>
         <run_address>0xd105</run_address>
         <size>0x4b5</size>
         <input_file_ref idref="fl-cd"/>
      </object_component>
      <object_component id="oc-166">
         <name>.debug_info</name>
         <load_address>0xd5ba</load_address>
         <run_address>0xd5ba</run_address>
         <size>0x5f4</size>
         <input_file_ref idref="fl-cd"/>
      </object_component>
      <object_component id="oc-1ff">
         <name>.debug_info</name>
         <load_address>0xdbae</load_address>
         <run_address>0xdbae</run_address>
         <size>0x86</size>
         <input_file_ref idref="fl-cd"/>
      </object_component>
      <object_component id="oc-2a7">
         <name>.debug_info</name>
         <load_address>0xdc34</load_address>
         <run_address>0xdc34</run_address>
         <size>0x39</size>
         <input_file_ref idref="fl-cd"/>
      </object_component>
      <object_component id="oc-2f9">
         <name>.debug_info</name>
         <load_address>0xdc6d</load_address>
         <run_address>0xdc6d</run_address>
         <size>0xb6</size>
         <input_file_ref idref="fl-cd"/>
      </object_component>
      <object_component id="oc-2ac">
         <name>.debug_info</name>
         <load_address>0xdd23</load_address>
         <run_address>0xdd23</run_address>
         <size>0x46</size>
         <input_file_ref idref="fl-cd"/>
      </object_component>
      <object_component id="oc-204">
         <name>.debug_info</name>
         <load_address>0xdd69</load_address>
         <run_address>0xdd69</run_address>
         <size>0x46</size>
         <input_file_ref idref="fl-cd"/>
      </object_component>
      <object_component id="oc-90">
         <name>.debug_info</name>
         <load_address>0xddaf</load_address>
         <run_address>0xddaf</run_address>
         <size>0x147</size>
         <input_file_ref idref="fl-ce"/>
      </object_component>
      <object_component id="oc-260">
         <name>.debug_info</name>
         <load_address>0xdef6</load_address>
         <run_address>0xdef6</run_address>
         <size>0x14c</size>
         <input_file_ref idref="fl-cf"/>
      </object_component>
      <object_component id="oc-1cf">
         <name>.debug_info</name>
         <load_address>0xe042</load_address>
         <run_address>0xe042</run_address>
         <size>0x128</size>
         <input_file_ref idref="fl-d0"/>
      </object_component>
      <object_component id="oc-24b">
         <name>.debug_info</name>
         <load_address>0xe16a</load_address>
         <run_address>0xe16a</run_address>
         <size>0x12a</size>
         <input_file_ref idref="fl-d0"/>
      </object_component>
      <object_component id="oc-246">
         <name>.debug_info</name>
         <load_address>0xe294</load_address>
         <run_address>0xe294</run_address>
         <size>0x13a</size>
         <input_file_ref idref="fl-d1"/>
      </object_component>
      <object_component id="oc-241">
         <name>.debug_info</name>
         <load_address>0xe3ce</load_address>
         <run_address>0xe3ce</run_address>
         <size>0x13a</size>
         <input_file_ref idref="fl-d2"/>
      </object_component>
      <object_component id="oc-250">
         <name>.debug_info</name>
         <load_address>0xe508</load_address>
         <run_address>0xe508</run_address>
         <size>0x12e</size>
         <input_file_ref idref="fl-d3"/>
      </object_component>
      <object_component id="oc-25b">
         <name>.debug_info</name>
         <load_address>0xe636</load_address>
         <run_address>0xe636</run_address>
         <size>0x12c</size>
         <input_file_ref idref="fl-d4"/>
      </object_component>
      <object_component id="oc-23a">
         <name>.debug_info</name>
         <load_address>0xe762</load_address>
         <run_address>0xe762</run_address>
         <size>0x134</size>
         <input_file_ref idref="fl-d5"/>
      </object_component>
      <object_component id="oc-19e">
         <name>.debug_info</name>
         <load_address>0xe896</load_address>
         <run_address>0xe896</run_address>
         <size>0x4b3</size>
         <input_file_ref idref="fl-d6"/>
      </object_component>
      <object_component id="oc-114">
         <name>.debug_info</name>
         <load_address>0xed49</load_address>
         <run_address>0xed49</run_address>
         <size>0x1a6</size>
         <input_file_ref idref="fl-d6"/>
      </object_component>
      <object_component id="oc-226">
         <name>.debug_info</name>
         <load_address>0xeeef</load_address>
         <run_address>0xeeef</run_address>
         <size>0x39</size>
         <input_file_ref idref="fl-d6"/>
      </object_component>
      <object_component id="oc-2bb">
         <name>.debug_info</name>
         <load_address>0xef28</load_address>
         <run_address>0xef28</run_address>
         <size>0x39</size>
         <input_file_ref idref="fl-d6"/>
      </object_component>
      <object_component id="oc-22b">
         <name>.debug_info</name>
         <load_address>0xef61</load_address>
         <run_address>0xef61</run_address>
         <size>0x39</size>
         <input_file_ref idref="fl-d6"/>
      </object_component>
      <object_component id="oc-230">
         <name>.debug_info</name>
         <load_address>0xef9a</load_address>
         <run_address>0xef9a</run_address>
         <size>0xcd</size>
         <input_file_ref idref="fl-d6"/>
      </object_component>
      <object_component id="oc-96">
         <name>.debug_info</name>
         <load_address>0xf067</load_address>
         <run_address>0xf067</run_address>
         <size>0x153</size>
         <input_file_ref idref="fl-d7"/>
      </object_component>
      <object_component id="oc-108">
         <name>.debug_info</name>
         <load_address>0xf1ba</load_address>
         <run_address>0xf1ba</run_address>
         <size>0x122</size>
         <input_file_ref idref="fl-d9"/>
      </object_component>
      <object_component id="oc-2d4">
         <name>.debug_info</name>
         <load_address>0xf2dc</load_address>
         <run_address>0xf2dc</run_address>
         <size>0x29c</size>
         <input_file_ref idref="fl-db"/>
      </object_component>
      <object_component id="oc-255">
         <name>.debug_info</name>
         <load_address>0xf578</load_address>
         <run_address>0xf578</run_address>
         <size>0x1da</size>
         <input_file_ref idref="fl-db"/>
      </object_component>
      <object_component id="oc-293">
         <name>.debug_info</name>
         <load_address>0xf752</load_address>
         <run_address>0xf752</run_address>
         <size>0x2a7</size>
         <input_file_ref idref="fl-dd"/>
      </object_component>
      <object_component id="oc-1ec">
         <name>.debug_info</name>
         <load_address>0xf9f9</load_address>
         <run_address>0xf9f9</run_address>
         <size>0x1b8</size>
         <input_file_ref idref="fl-dd"/>
      </object_component>
      <object_component id="oc-2eb">
         <name>.debug_info</name>
         <load_address>0xfbb1</load_address>
         <run_address>0xfbb1</run_address>
         <size>0x29a</size>
         <input_file_ref idref="fl-de"/>
      </object_component>
      <object_component id="oc-28c">
         <name>.debug_info</name>
         <load_address>0xfe4b</load_address>
         <run_address>0xfe4b</run_address>
         <size>0x262</size>
         <input_file_ref idref="fl-de"/>
      </object_component>
      <object_component id="oc-238">
         <name>.debug_info</name>
         <load_address>0x100ad</load_address>
         <run_address>0x100ad</run_address>
         <size>0x28f</size>
         <input_file_ref idref="fl-df"/>
      </object_component>
      <object_component id="oc-1c3">
         <name>.debug_info</name>
         <load_address>0x1033c</load_address>
         <run_address>0x1033c</run_address>
         <size>0x245</size>
         <input_file_ref idref="fl-df"/>
      </object_component>
      <object_component id="oc-29f">
         <name>.debug_info</name>
         <load_address>0x10581</load_address>
         <run_address>0x10581</run_address>
         <size>0x289</size>
         <input_file_ref idref="fl-e0"/>
      </object_component>
      <object_component id="oc-29c">
         <name>.debug_info</name>
         <load_address>0x1080a</load_address>
         <run_address>0x1080a</run_address>
         <size>0x10e</size>
         <input_file_ref idref="fl-e0"/>
      </object_component>
      <object_component id="oc-1f8">
         <name>.debug_info</name>
         <load_address>0x10918</load_address>
         <run_address>0x10918</run_address>
         <size>0x14e</size>
         <input_file_ref idref="fl-e0"/>
      </object_component>
      <object_component id="oc-2dc">
         <name>.debug_info</name>
         <load_address>0x10a66</load_address>
         <run_address>0x10a66</run_address>
         <size>0x29a</size>
         <input_file_ref idref="fl-e1"/>
      </object_component>
      <object_component id="oc-280">
         <name>.debug_info</name>
         <load_address>0x10d00</load_address>
         <run_address>0x10d00</run_address>
         <size>0x195</size>
         <input_file_ref idref="fl-e1"/>
      </object_component>
      <object_component id="oc-305">
         <name>.debug_info</name>
         <load_address>0x10e95</load_address>
         <run_address>0x10e95</run_address>
         <size>0x39</size>
         <input_file_ref idref="fl-e1"/>
      </object_component>
      <object_component id="oc-2dd">
         <name>.debug_info</name>
         <load_address>0x10ece</load_address>
         <run_address>0x10ece</run_address>
         <size>0x2c</size>
         <input_file_ref idref="fl-e1"/>
      </object_component>
      <object_component id="oc-2e9">
         <name>.debug_info</name>
         <load_address>0x10efa</load_address>
         <run_address>0x10efa</run_address>
         <size>0x2fd</size>
         <input_file_ref idref="fl-e2"/>
      </object_component>
      <object_component id="oc-289">
         <name>.debug_info</name>
         <load_address>0x111f7</load_address>
         <run_address>0x111f7</run_address>
         <size>0x225</size>
         <input_file_ref idref="fl-e2"/>
      </object_component>
      <object_component id="oc-29a">
         <name>.debug_info</name>
         <load_address>0x1141c</load_address>
         <run_address>0x1141c</run_address>
         <size>0x28f</size>
         <input_file_ref idref="fl-e3"/>
      </object_component>
      <object_component id="oc-1f2">
         <name>.debug_info</name>
         <load_address>0x116ab</load_address>
         <run_address>0x116ab</run_address>
         <size>0x15a</size>
         <input_file_ref idref="fl-e3"/>
      </object_component>
      <object_component id="oc-2ee">
         <name>.debug_info</name>
         <load_address>0x11805</load_address>
         <run_address>0x11805</run_address>
         <size>0x46</size>
         <input_file_ref idref="fl-e3"/>
      </object_component>
      <object_component id="oc-295">
         <name>.debug_info</name>
         <load_address>0x1184b</load_address>
         <run_address>0x1184b</run_address>
         <size>0x39</size>
         <input_file_ref idref="fl-e3"/>
      </object_component>
      <object_component id="oc-2ca">
         <name>.debug_info</name>
         <load_address>0x11884</load_address>
         <run_address>0x11884</run_address>
         <size>0x115</size>
         <input_file_ref idref="fl-e4"/>
      </object_component>
      <object_component id="oc-2e3">
         <name>.debug_info</name>
         <load_address>0x11999</load_address>
         <run_address>0x11999</run_address>
         <size>0x161</size>
         <input_file_ref idref="fl-e5"/>
      </object_component>
      <object_component id="oc-33e">
         <name>.debug_info</name>
         <load_address>0x11afa</load_address>
         <run_address>0x11afa</run_address>
         <size>0xa4</size>
      </object_component>
      <object_component id="oc-146">
         <name>.debug_line</name>
         <load_address>0x0</load_address>
         <run_address>0x0</run_address>
         <size>0x20</size>
         <input_file_ref idref="fl-1"/>
      </object_component>
      <object_component id="oc-c7">
         <name>.debug_line</name>
         <load_address>0x20</load_address>
         <run_address>0x20</run_address>
         <size>0x43</size>
         <input_file_ref idref="fl-1"/>
      </object_component>
      <object_component id="oc-73">
         <name>.debug_line</name>
         <load_address>0x63</load_address>
         <run_address>0x63</run_address>
         <size>0x7a</size>
         <input_file_ref idref="fl-1"/>
      </object_component>
      <object_component id="oc-39">
         <name>.debug_line</name>
         <load_address>0xdd</load_address>
         <run_address>0xdd</run_address>
         <size>0x20</size>
         <input_file_ref idref="fl-1"/>
      </object_component>
      <object_component id="oc-b0">
         <name>.debug_line</name>
         <load_address>0xfd</load_address>
         <run_address>0xfd</run_address>
         <size>0x7e</size>
         <input_file_ref idref="fl-1"/>
      </object_component>
      <object_component id="oc-78">
         <name>.debug_line</name>
         <load_address>0x17b</load_address>
         <run_address>0x17b</run_address>
         <size>0x7b</size>
         <input_file_ref idref="fl-1"/>
      </object_component>
      <object_component id="oc-1bf">
         <name>.debug_line</name>
         <load_address>0x1f6</load_address>
         <run_address>0x1f6</run_address>
         <size>0x47</size>
         <input_file_ref idref="fl-3"/>
      </object_component>
      <object_component id="oc-1b9">
         <name>.debug_line</name>
         <load_address>0x23d</load_address>
         <run_address>0x23d</run_address>
         <size>0x2d</size>
         <input_file_ref idref="fl-3"/>
      </object_component>
      <object_component id="oc-1b7">
         <name>.debug_line</name>
         <load_address>0x26a</load_address>
         <run_address>0x26a</run_address>
         <size>0x2d</size>
         <input_file_ref idref="fl-3"/>
      </object_component>
      <object_component id="oc-1bb">
         <name>.debug_line</name>
         <load_address>0x297</load_address>
         <run_address>0x297</run_address>
         <size>0x2d</size>
         <input_file_ref idref="fl-3"/>
      </object_component>
      <object_component id="oc-1bd">
         <name>.debug_line</name>
         <load_address>0x2c4</load_address>
         <run_address>0x2c4</run_address>
         <size>0x2d</size>
         <input_file_ref idref="fl-3"/>
      </object_component>
      <object_component id="oc-192">
         <name>.debug_line</name>
         <load_address>0x2f1</load_address>
         <run_address>0x2f1</run_address>
         <size>0x2d</size>
         <input_file_ref idref="fl-3"/>
      </object_component>
      <object_component id="oc-d3">
         <name>.debug_line</name>
         <load_address>0x31e</load_address>
         <run_address>0x31e</run_address>
         <size>0x8c8</size>
         <input_file_ref idref="fl-3"/>
      </object_component>
      <object_component id="oc-14c">
         <name>.debug_line</name>
         <load_address>0xbe6</load_address>
         <run_address>0xbe6</run_address>
         <size>0x2d</size>
         <input_file_ref idref="fl-3"/>
      </object_component>
      <object_component id="oc-fb">
         <name>.debug_line</name>
         <load_address>0xc13</load_address>
         <run_address>0xc13</run_address>
         <size>0x20</size>
         <input_file_ref idref="fl-3"/>
      </object_component>
      <object_component id="oc-105">
         <name>.debug_line</name>
         <load_address>0xc33</load_address>
         <run_address>0xc33</run_address>
         <size>0x58</size>
         <input_file_ref idref="fl-3"/>
      </object_component>
      <object_component id="oc-18f">
         <name>.debug_line</name>
         <load_address>0xc8b</load_address>
         <run_address>0xc8b</run_address>
         <size>0xdc</size>
         <input_file_ref idref="fl-4"/>
      </object_component>
      <object_component id="oc-18d">
         <name>.debug_line</name>
         <load_address>0xd67</load_address>
         <run_address>0xd67</run_address>
         <size>0x31</size>
         <input_file_ref idref="fl-4"/>
      </object_component>
      <object_component id="oc-9f">
         <name>.debug_line</name>
         <load_address>0xd98</load_address>
         <run_address>0xd98</run_address>
         <size>0x264</size>
         <input_file_ref idref="fl-4"/>
      </object_component>
      <object_component id="oc-100">
         <name>.debug_line</name>
         <load_address>0xffc</load_address>
         <run_address>0xffc</run_address>
         <size>0x33</size>
         <input_file_ref idref="fl-4"/>
      </object_component>
      <object_component id="oc-17c">
         <name>.debug_line</name>
         <load_address>0x102f</load_address>
         <run_address>0x102f</run_address>
         <size>0x76</size>
         <input_file_ref idref="fl-4"/>
      </object_component>
      <object_component id="oc-1b4">
         <name>.debug_line</name>
         <load_address>0x10a5</load_address>
         <run_address>0x10a5</run_address>
         <size>0x20</size>
         <input_file_ref idref="fl-5"/>
      </object_component>
      <object_component id="oc-cd">
         <name>.debug_line</name>
         <load_address>0x10c5</load_address>
         <run_address>0x10c5</run_address>
         <size>0x39a</size>
         <input_file_ref idref="fl-5"/>
      </object_component>
      <object_component id="oc-153">
         <name>.debug_line</name>
         <load_address>0x145f</load_address>
         <run_address>0x145f</run_address>
         <size>0xdd</size>
         <input_file_ref idref="fl-6"/>
      </object_component>
      <object_component id="oc-6f">
         <name>.debug_line</name>
         <load_address>0x153c</load_address>
         <run_address>0x153c</run_address>
         <size>0x41</size>
         <input_file_ref idref="fl-7"/>
      </object_component>
      <object_component id="oc-2e">
         <name>.debug_line</name>
         <load_address>0x157d</load_address>
         <run_address>0x157d</run_address>
         <size>0x41</size>
         <input_file_ref idref="fl-7"/>
      </object_component>
      <object_component id="oc-2b">
         <name>.debug_line</name>
         <load_address>0x15be</load_address>
         <run_address>0x15be</run_address>
         <size>0xa1</size>
         <input_file_ref idref="fl-7"/>
      </object_component>
      <object_component id="oc-1c1">
         <name>.debug_line</name>
         <load_address>0x165f</load_address>
         <run_address>0x165f</run_address>
         <size>0x2d</size>
         <input_file_ref idref="fl-8"/>
      </object_component>
      <object_component id="oc-d9">
         <name>.debug_line</name>
         <load_address>0x168c</load_address>
         <run_address>0x168c</run_address>
         <size>0xe5</size>
         <input_file_ref idref="fl-8"/>
      </object_component>
      <object_component id="oc-215">
         <name>.debug_line</name>
         <load_address>0x1771</load_address>
         <run_address>0x1771</run_address>
         <size>0x97</size>
         <input_file_ref idref="fl-9"/>
      </object_component>
      <object_component id="oc-e5">
         <name>.debug_line</name>
         <load_address>0x1808</load_address>
         <run_address>0x1808</run_address>
         <size>0x1bc</size>
         <input_file_ref idref="fl-9"/>
      </object_component>
      <object_component id="oc-bd">
         <name>.debug_line</name>
         <load_address>0x19c4</load_address>
         <run_address>0x19c4</run_address>
         <size>0x76</size>
         <input_file_ref idref="fl-9"/>
      </object_component>
      <object_component id="oc-f2">
         <name>.debug_line</name>
         <load_address>0x1a3a</load_address>
         <run_address>0x1a3a</run_address>
         <size>0x52</size>
         <input_file_ref idref="fl-a"/>
      </object_component>
      <object_component id="oc-20c">
         <name>.debug_line</name>
         <load_address>0x1a8c</load_address>
         <run_address>0x1a8c</run_address>
         <size>0x2d</size>
         <input_file_ref idref="fl-c4"/>
      </object_component>
      <object_component id="oc-df">
         <name>.debug_line</name>
         <load_address>0x1ab9</load_address>
         <run_address>0x1ab9</run_address>
         <size>0x4b</size>
         <input_file_ref idref="fl-c4"/>
      </object_component>
      <object_component id="oc-16f">
         <name>.debug_line</name>
         <load_address>0x1b04</load_address>
         <run_address>0x1b04</run_address>
         <size>0x4b</size>
         <input_file_ref idref="fl-c4"/>
      </object_component>
      <object_component id="oc-175">
         <name>.debug_line</name>
         <load_address>0x1b4f</load_address>
         <run_address>0x1b4f</run_address>
         <size>0x3f</size>
         <input_file_ref idref="fl-c4"/>
      </object_component>
      <object_component id="oc-2a5">
         <name>.debug_line</name>
         <load_address>0x1b8e</load_address>
         <run_address>0x1b8e</run_address>
         <size>0x91</size>
         <input_file_ref idref="fl-c4"/>
      </object_component>
      <object_component id="oc-3f">
         <name>.debug_line</name>
         <load_address>0x1c1f</load_address>
         <run_address>0x1c1f</run_address>
         <size>0x88</size>
         <input_file_ref idref="fl-c5"/>
      </object_component>
      <object_component id="oc-c0">
         <name>.debug_line</name>
         <load_address>0x1ca7</load_address>
         <run_address>0x1ca7</run_address>
         <size>0x92</size>
         <input_file_ref idref="fl-c6"/>
      </object_component>
      <object_component id="oc-4a">
         <name>.debug_line</name>
         <load_address>0x1d39</load_address>
         <run_address>0x1d39</run_address>
         <size>0x56</size>
         <input_file_ref idref="fl-c6"/>
      </object_component>
      <object_component id="oc-8c">
         <name>.debug_line</name>
         <load_address>0x1d8f</load_address>
         <run_address>0x1d8f</run_address>
         <size>0x34</size>
         <input_file_ref idref="fl-c6"/>
      </object_component>
      <object_component id="oc-87">
         <name>.debug_line</name>
         <load_address>0x1dc3</load_address>
         <run_address>0x1dc3</run_address>
         <size>0x20</size>
         <input_file_ref idref="fl-c7"/>
      </object_component>
      <object_component id="oc-1f">
         <name>.debug_line</name>
         <load_address>0x1de3</load_address>
         <run_address>0x1de3</run_address>
         <size>0x55</size>
         <input_file_ref idref="fl-c7"/>
      </object_component>
      <object_component id="oc-44">
         <name>.debug_line</name>
         <load_address>0x1e38</load_address>
         <run_address>0x1e38</run_address>
         <size>0x3a</size>
         <input_file_ref idref="fl-c7"/>
      </object_component>
      <object_component id="oc-84">
         <name>.debug_line</name>
         <load_address>0x1e72</load_address>
         <run_address>0x1e72</run_address>
         <size>0x92</size>
         <input_file_ref idref="fl-c7"/>
      </object_component>
      <object_component id="oc-b9">
         <name>.debug_line</name>
         <load_address>0x1f04</load_address>
         <run_address>0x1f04</run_address>
         <size>0x20</size>
         <input_file_ref idref="fl-c8"/>
      </object_component>
      <object_component id="oc-16">
         <name>.debug_line</name>
         <load_address>0x1f24</load_address>
         <run_address>0x1f24</run_address>
         <size>0xa9</size>
         <input_file_ref idref="fl-c8"/>
      </object_component>
      <object_component id="oc-34">
         <name>.debug_line</name>
         <load_address>0x1fcd</load_address>
         <run_address>0x1fcd</run_address>
         <size>0x3a</size>
         <input_file_ref idref="fl-c8"/>
      </object_component>
      <object_component id="oc-b6">
         <name>.debug_line</name>
         <load_address>0x2007</load_address>
         <run_address>0x2007</run_address>
         <size>0x9a</size>
         <input_file_ref idref="fl-c8"/>
      </object_component>
      <object_component id="oc-7d">
         <name>.debug_line</name>
         <load_address>0x20a1</load_address>
         <run_address>0x20a1</run_address>
         <size>0x96</size>
         <input_file_ref idref="fl-c8"/>
      </object_component>
      <object_component id="oc-2b7">
         <name>.debug_line</name>
         <load_address>0x2137</load_address>
         <run_address>0x2137</run_address>
         <size>0x91</size>
         <input_file_ref idref="fl-c9"/>
      </object_component>
      <object_component id="oc-188">
         <name>.debug_line</name>
         <load_address>0x21c8</load_address>
         <run_address>0x21c8</run_address>
         <size>0x63</size>
         <input_file_ref idref="fl-c9"/>
      </object_component>
      <object_component id="oc-2ff">
         <name>.debug_line</name>
         <load_address>0x222b</load_address>
         <run_address>0x222b</run_address>
         <size>0x20</size>
         <input_file_ref idref="fl-ca"/>
      </object_component>
      <object_component id="oc-2b4">
         <name>.debug_line</name>
         <load_address>0x224b</load_address>
         <run_address>0x224b</run_address>
         <size>0x2b</size>
         <input_file_ref idref="fl-ca"/>
      </object_component>
      <object_component id="oc-2b2">
         <name>.debug_line</name>
         <load_address>0x2276</load_address>
         <run_address>0x2276</run_address>
         <size>0x20</size>
         <input_file_ref idref="fl-cb"/>
      </object_component>
      <object_component id="oc-182">
         <name>.debug_line</name>
         <load_address>0x2296</load_address>
         <run_address>0x2296</run_address>
         <size>0xad</size>
         <input_file_ref idref="fl-cb"/>
      </object_component>
      <object_component id="oc-6c">
         <name>.debug_line</name>
         <load_address>0x2343</load_address>
         <run_address>0x2343</run_address>
         <size>0x33</size>
         <input_file_ref idref="fl-cc"/>
      </object_component>
      <object_component id="oc-5e">
         <name>.debug_line</name>
         <load_address>0x2376</load_address>
         <run_address>0x2376</run_address>
         <size>0x45</size>
         <input_file_ref idref="fl-cc"/>
      </object_component>
      <object_component id="oc-2a1">
         <name>.debug_line</name>
         <load_address>0x23bb</load_address>
         <run_address>0x23bb</run_address>
         <size>0x264</size>
         <input_file_ref idref="fl-cd"/>
      </object_component>
      <object_component id="oc-1cc">
         <name>.debug_line</name>
         <load_address>0x261f</load_address>
         <run_address>0x261f</run_address>
         <size>0x7a</size>
         <input_file_ref idref="fl-cd"/>
      </object_component>
      <object_component id="oc-268">
         <name>.debug_line</name>
         <load_address>0x2699</load_address>
         <run_address>0x2699</run_address>
         <size>0x51</size>
         <input_file_ref idref="fl-cd"/>
      </object_component>
      <object_component id="oc-26e">
         <name>.debug_line</name>
         <load_address>0x26ea</load_address>
         <run_address>0x26ea</run_address>
         <size>0x88</size>
         <input_file_ref idref="fl-cd"/>
      </object_component>
      <object_component id="oc-1d7">
         <name>.debug_line</name>
         <load_address>0x2772</load_address>
         <run_address>0x2772</run_address>
         <size>0x14d</size>
         <input_file_ref idref="fl-cd"/>
      </object_component>
      <object_component id="oc-275">
         <name>.debug_line</name>
         <load_address>0x28bf</load_address>
         <run_address>0x28bf</run_address>
         <size>0xee</size>
         <input_file_ref idref="fl-cd"/>
      </object_component>
      <object_component id="oc-27b">
         <name>.debug_line</name>
         <load_address>0x29ad</load_address>
         <run_address>0x29ad</run_address>
         <size>0x5d</size>
         <input_file_ref idref="fl-cd"/>
      </object_component>
      <object_component id="oc-1dd">
         <name>.debug_line</name>
         <load_address>0x2a0a</load_address>
         <run_address>0x2a0a</run_address>
         <size>0x5c</size>
         <input_file_ref idref="fl-cd"/>
      </object_component>
      <object_component id="oc-1e3">
         <name>.debug_line</name>
         <load_address>0x2a66</load_address>
         <run_address>0x2a66</run_address>
         <size>0xae</size>
         <input_file_ref idref="fl-cd"/>
      </object_component>
      <object_component id="oc-1e9">
         <name>.debug_line</name>
         <load_address>0x2b14</load_address>
         <run_address>0x2b14</run_address>
         <size>0x1b0</size>
         <input_file_ref idref="fl-cd"/>
      </object_component>
      <object_component id="oc-169">
         <name>.debug_line</name>
         <load_address>0x2cc4</load_address>
         <run_address>0x2cc4</run_address>
         <size>0x76f</size>
         <input_file_ref idref="fl-cd"/>
      </object_component>
      <object_component id="oc-202">
         <name>.debug_line</name>
         <load_address>0x3433</load_address>
         <run_address>0x3433</run_address>
         <size>0x92</size>
         <input_file_ref idref="fl-cd"/>
      </object_component>
      <object_component id="oc-2aa">
         <name>.debug_line</name>
         <load_address>0x34c5</load_address>
         <run_address>0x34c5</run_address>
         <size>0x92</size>
         <input_file_ref idref="fl-cd"/>
      </object_component>
      <object_component id="oc-2fc">
         <name>.debug_line</name>
         <load_address>0x3557</load_address>
         <run_address>0x3557</run_address>
         <size>0x9a</size>
         <input_file_ref idref="fl-cd"/>
      </object_component>
      <object_component id="oc-2af">
         <name>.debug_line</name>
         <load_address>0x35f1</load_address>
         <run_address>0x35f1</run_address>
         <size>0x97</size>
         <input_file_ref idref="fl-cd"/>
      </object_component>
      <object_component id="oc-207">
         <name>.debug_line</name>
         <load_address>0x3688</load_address>
         <run_address>0x3688</run_address>
         <size>0x2e</size>
         <input_file_ref idref="fl-cd"/>
      </object_component>
      <object_component id="oc-93">
         <name>.debug_line</name>
         <load_address>0x36b6</load_address>
         <run_address>0x36b6</run_address>
         <size>0x79</size>
         <input_file_ref idref="fl-ce"/>
      </object_component>
      <object_component id="oc-263">
         <name>.debug_line</name>
         <load_address>0x372f</load_address>
         <run_address>0x372f</run_address>
         <size>0xd2</size>
         <input_file_ref idref="fl-cf"/>
      </object_component>
      <object_component id="oc-1d2">
         <name>.debug_line</name>
         <load_address>0x3801</load_address>
         <run_address>0x3801</run_address>
         <size>0x77</size>
         <input_file_ref idref="fl-d0"/>
      </object_component>
      <object_component id="oc-24e">
         <name>.debug_line</name>
         <load_address>0x3878</load_address>
         <run_address>0x3878</run_address>
         <size>0x77</size>
         <input_file_ref idref="fl-d0"/>
      </object_component>
      <object_component id="oc-249">
         <name>.debug_line</name>
         <load_address>0x38ef</load_address>
         <run_address>0x38ef</run_address>
         <size>0xa8</size>
         <input_file_ref idref="fl-d1"/>
      </object_component>
      <object_component id="oc-244">
         <name>.debug_line</name>
         <load_address>0x3997</load_address>
         <run_address>0x3997</run_address>
         <size>0x8e</size>
         <input_file_ref idref="fl-d2"/>
      </object_component>
      <object_component id="oc-253">
         <name>.debug_line</name>
         <load_address>0x3a25</load_address>
         <run_address>0x3a25</run_address>
         <size>0x5a</size>
         <input_file_ref idref="fl-d3"/>
      </object_component>
      <object_component id="oc-25e">
         <name>.debug_line</name>
         <load_address>0x3a7f</load_address>
         <run_address>0x3a7f</run_address>
         <size>0x50</size>
         <input_file_ref idref="fl-d4"/>
      </object_component>
      <object_component id="oc-23d">
         <name>.debug_line</name>
         <load_address>0x3acf</load_address>
         <run_address>0x3acf</run_address>
         <size>0x81</size>
         <input_file_ref idref="fl-d5"/>
      </object_component>
      <object_component id="oc-225">
         <name>.debug_line</name>
         <load_address>0x3b50</load_address>
         <run_address>0x3b50</run_address>
         <size>0xbf</size>
         <input_file_ref idref="fl-d6"/>
      </object_component>
      <object_component id="oc-117">
         <name>.debug_line</name>
         <load_address>0x3c0f</load_address>
         <run_address>0x3c0f</run_address>
         <size>0x6f</size>
         <input_file_ref idref="fl-d6"/>
      </object_component>
      <object_component id="oc-229">
         <name>.debug_line</name>
         <load_address>0x3c7e</load_address>
         <run_address>0x3c7e</run_address>
         <size>0x2e</size>
         <input_file_ref idref="fl-d6"/>
      </object_component>
      <object_component id="oc-2be">
         <name>.debug_line</name>
         <load_address>0x3cac</load_address>
         <run_address>0x3cac</run_address>
         <size>0x9a</size>
         <input_file_ref idref="fl-d6"/>
      </object_component>
      <object_component id="oc-22e">
[...]
         <name>etherGetIpGatewayAddress</name>
         <value>0x14d9</value>
         <object_component_ref idref="oc-cf"/>
      </symbol>
      <symbol id="sm-180">
         <name>etherSetIpGatewayAddress</name>
         <value>0x14a1</value>
         <object_component_ref idref="oc-cf"/>
      </symbol>
      <symbol id="sm-181">
         <name>macAddress</name>
         <value>0x20001084</value>
         <object_component_ref idref="oc-155"/>
      </symbol>
      <symbol id="sm-182">
         <name>etherSumWords</name>
         <value>0xa4b</value>
         <object_component_ref idref="oc-cf"/>
      </symbol>
      <symbol id="sm-183">
         <name>etherIsPingRequest</name>
         <value>0xc75</value>
         <object_component_ref idref="oc-cf"/>
      </symbol>
      <symbol id="sm-184">
         <name>etherIsIp</name>
         <value>0xba1</value>
         <object_component_ref idref="oc-cf"/>
      </symbol>
      <symbol id="sm-185">
         <name>ipAddress</name>
         <value>0x2000108e</value>
         <object_component_ref idref="oc-15b"/>
      </symbol>
      <symbol id="sm-186">
         <name>etherSendPingResponse</name>
         <value>0xcc1</value>
         <object_component_ref idref="oc-cf"/>
      </symbol>
      <symbol id="sm-187">
         <name>nextPacketLsb</name>
         <value>0x2000108a</value>
         <object_component_ref idref="oc-158"/>
      </symbol>
      <symbol id="sm-188">
         <name>etherGetId</name>
         <value>0x1365</value>
         <object_component_ref idref="oc-cf"/>
      </symbol>
      <symbol id="sm-189">
         <name>etherReadPhy</name>
         <value>0x57f</value>
         <object_component_ref idref="oc-cf"/>
      </symbol>
      <symbol id="sm-18a">
         <name>etherCalcIpChecksum</name>
         <value>0xb0d</value>
         <object_component_ref idref="oc-cf"/>
      </symbol>
      <symbol id="sm-18b">
         <name>etherEnableDhcpMode</name>
         <value>0x137b</value>
         <object_component_ref idref="oc-cf"/>
      </symbol>
      <symbol id="sm-18c">
         <name>etherCsOn</name>
         <value>0x439</value>
         <object_component_ref idref="oc-cf"/>
      </symbol>
      <symbol id="sm-18d">
         <name>etherWriteMemStart</name>
         <value>0x5eb</value>
         <object_component_ref idref="oc-cf"/>
      </symbol>
      <symbol id="sm-18e">
         <name>etherPutPacket</name>
         <value>0x965</value>
         <object_component_ref idref="oc-cf"/>
      </symbol>
      <symbol id="sm-18f">
         <name>sequenceId</name>
         <value>0x2000108c</value>
         <object_component_ref idref="oc-158"/>
      </symbol>
      <symbol id="sm-210">
         <name>chartxBuffer</name>
         <value>0x20001000</value>
      </symbol>
      <symbol id="sm-211">
         <name>mqtt_ip</name>
         <value>0x20001064</value>
      </symbol>
      <symbol id="sm-212">
         <name>ReadIndex</name>
         <value>0x20001068</value>
         <object_component_ref idref="oc-e7"/>
      </symbol>
      <symbol id="sm-213">
         <name>initHw</name>
         <value>0x27f1</value>
         <object_component_ref idref="oc-9b"/>
      </symbol>
      <symbol id="sm-214">
         <name>acknum</name>
         <value>0x20001078</value>
         <object_component_ref idref="oc-e7"/>
      </symbol>
      <symbol id="sm-215">
         <name>displayConnectionInfo</name>
         <value>0x2825</value>
         <object_component_ref idref="oc-9b"/>
      </symbol>
      <symbol id="sm-216">
         <name>SENDACK</name>
         <value>0x20001080</value>
         <object_component_ref idref="oc-e7"/>
      </symbol>
      <symbol id="sm-217">
         <name>displayUart0</name>
         <value>0x29c7</value>
         <object_component_ref idref="oc-9b"/>
      </symbol>
      <symbol id="sm-218">
         <name>main</name>
         <value>0x2be1</value>
         <object_component_ref idref="oc-9b"/>
      </symbol>
      <symbol id="sm-219">
         <name>sequencenum</name>
         <value>0x20001074</value>
         <object_component_ref idref="oc-e7"/>
      </symbol>
      <symbol id="sm-21a">
         <name>checkCommand</name>
         <value>0x2a65</value>
         <object_component_ref idref="oc-9b"/>
      </symbol>
      <symbol id="sm-21b">
         <name>BUFFER_LENGTH</name>
         <value>0x20001070</value>
         <object_component_ref idref="oc-e7"/>
      </symbol>
      <symbol id="sm-21c">
         <name>flag</name>
         <value>0x2000107c</value>
         <object_component_ref idref="oc-e7"/>
      </symbol>
      <symbol id="sm-21d">
         <name>WriteIndex</name>
         <value>0x2000106c</value>
         <object_component_ref idref="oc-e7"/>
      </symbol>
      <symbol id="sm-291">
         <name>selectPinInterruptBothEdges</name>
         <value>0x2573</value>
         <object_component_ref idref="oc-c9"/>
      </symbol>
      <symbol id="sm-292">
         <name>getPortValue</name>
         <value>0x2761</value>
         <object_component_ref idref="oc-c9"/>
      </symbol>
      <symbol id="sm-293">
         <name>selectPinAnalogInput</name>
         <value>0x2257</value>
         <object_component_ref idref="oc-c9"/>
      </symbol>
      <symbol id="sm-294">
         <name>selectPinPushPullOutput</name>
         <value>0x216d</value>
         <object_component_ref idref="oc-c9"/>
      </symbol>
      <symbol id="sm-295">
         <name>selectPinInterruptHighLevel</name>
         <value>0x25c9</value>
         <object_component_ref idref="oc-c9"/>
      </symbol>
      <symbol id="sm-296">
         <name>selectPinInterruptFallingEdge</name>
         <value>0x2523</value>
         <object_component_ref idref="oc-c9"/>
      </symbol>
      <symbol id="sm-297">
         <name>selectPinOpenDrainOutput</name>
         <value>0x21bb</value>
         <object_component_ref idref="oc-c9"/>
      </symbol>
      <symbol id="sm-298">
         <name>selectPinInterruptLowLevel</name>
         <value>0x2603</value>
         <object_component_ref idref="oc-c9"/>
      </symbol>
      <symbol id="sm-299">
         <name>setPortValue</name>
         <value>0x26dd</value>
         <object_component_ref idref="oc-c9"/>
      </symbol>
      <symbol id="sm-29a">
         <name>enablePinInterrupt</name>
         <value>0x263d</value>
         <object_component_ref idref="oc-c9"/>
      </symbol>
      <symbol id="sm-29b">
         <name>setPinAuxFunction</name>
         <value>0x23c1</value>
         <object_component_ref idref="oc-c9"/>
      </symbol>
      <symbol id="sm-29c">
         <name>enablePort</name>
         <value>0x2031</value>
         <object_component_ref idref="oc-c9"/>
      </symbol>
      <symbol id="sm-29d">
         <name>disablePinPulldown</name>
         <value>0x2399</value>
         <object_component_ref idref="oc-c9"/>
      </symbol>
      <symbol id="sm-29e">
         <name>setPinCommitControl</name>
         <value>0x22a7</value>
         <object_component_ref idref="oc-c9"/>
      </symbol>
      <symbol id="sm-29f">
         <name>disablePort</name>
         <value>0x20ed</value>
         <object_component_ref idref="oc-c9"/>
      </symbol>
      <symbol id="sm-2a0">
         <name>disablePinInterrupt</name>
         <value>0x2661</value>
         <object_component_ref idref="oc-c9"/>
      </symbol>
      <symbol id="sm-2a1">
         <name>enablePinPullup</name>
         <value>0x2323</value>
         <object_component_ref idref="oc-c9"/>
      </symbol>
      <symbol id="sm-2a2">
         <name>getPinValue</name>
         <value>0x26ab</value>
         <object_component_ref idref="oc-c9"/>
      </symbol>
      <symbol id="sm-2a3">
         <name>enablePinPulldown</name>
         <value>0x2375</value>
         <object_component_ref idref="oc-c9"/>
      </symbol>
      <symbol id="sm-2a4">
         <name>disablePinPullup</name>
         <value>0x2351</value>
         <object_component_ref idref="oc-c9"/>
      </symbol>
      <symbol id="sm-2a5">
         <name>selectPinDigitalInput</name>
         <value>0x2209</value>
         <object_component_ref idref="oc-c9"/>
      </symbol>
      <symbol id="sm-2a6">
         <name>selectPinInterruptRisingEdge</name>
         <value>0x24d3</value>
         <object_component_ref idref="oc-c9"/>
      </symbol>
      <symbol id="sm-2a7">
         <name>setPinValue</name>
         <value>0x2685</value>
         <object_component_ref idref="oc-c9"/>
      </symbol>
      <symbol id="sm-2c3">
         <name>setSpi0Mode</name>
         <value>0x3a8f</value>
         <object_component_ref idref="oc-14f"/>
      </symbol>
      <symbol id="sm-2c4">
         <name>readSpi0Data</name>
         <value>0x3af5</value>
         <object_component_ref idref="oc-14f"/>
      </symbol>
      <symbol id="sm-2c5">
         <name>writeSpi0Data</name>
         <value>0x3add</value>
         <object_component_ref idref="oc-14f"/>
      </symbol>
      <symbol id="sm-2c6">
         <name>initSpi0</name>
         <value>0x39bd</value>
         <object_component_ref idref="oc-14f"/>
      </symbol>
      <symbol id="sm-2c7">
         <name>setSpi0BaudRate</name>
         <value>0x3a59</value>
         <object_component_ref idref="oc-14f"/>
      </symbol>
      <symbol id="sm-2e3">
         <name>ResetISR</name>
         <value>0x4a3f</value>
         <object_component_ref idref="oc-27"/>
      </symbol>
      <symbol id="sm-2e4">
         <name>g_pfnVectors</name>
         <value>0x0</value>
         <object_component_ref idref="oc-12"/>
      </symbol>
      <symbol id="sm-307">
         <name>getcUart0</name>
         <value>0x3f87</value>
         <object_component_ref idref="oc-d5"/>
      </symbol>
      <symbol id="sm-308">
         <name>kbhitUart0</name>
         <value>0x3f9b</value>
         <object_component_ref idref="oc-d5"/>
      </symbol>
      <symbol id="sm-309">
         <name>setUart0BaudRate</name>
         <value>0x3eff</value>
         <object_component_ref idref="oc-d5"/>
      </symbol>
      <symbol id="sm-30a">
         <name>putsUart0</name>
         <value>0x3f5b</value>
         <object_component_ref idref="oc-d5"/>
      </symbol>
      <symbol id="sm-30b">
         <name>initUart0</name>
         <value>0x3eb5</value>
         <object_component_ref idref="oc-d5"/>
      </symbol>
      <symbol id="sm-30c">
         <name>putcUart0</name>
         <value>0x3f3f</value>
         <object_component_ref idref="oc-d5"/>
      </symbol>
      <symbol id="sm-34b">
         <name>isCommand</name>
         <value>0x2f85</value>
         <object_component_ref idref="oc-e1"/>
      </symbol>
      <symbol id="sm-34c">
         <name>getFieldString</name>
         <value>0x3001</value>
         <object_component_ref idref="oc-e1"/>
      </symbol>
      <symbol id="sm-34d">
         <name>parseFields</name>
         <value>0x30e7</value>
         <object_component_ref idref="oc-e1"/>
      </symbol>
      <symbol id="sm-34e">
         <name>getFieldInteger</name>
         <value>0x306d</value>
         <object_component_ref idref="oc-e1"/>
      </symbol>
      <symbol id="sm-34f">
         <name>getsUart0</name>
         <value>0x335f</value>
         <object_component_ref idref="oc-e1"/>
      </symbol>
      <symbol id="sm-35d">
         <name>waitMicrosecond</name>
         <value>0x493f</value>
         <object_component_ref idref="oc-ee"/>
      </symbol>
      <symbol id="sm-384">
         <name>sprintf</name>
         <value>0x485d</value>
         <object_component_ref idref="oc-db"/>
      </symbol>
      <symbol id="sm-39f">
         <name>memcpy</name>
         <value>0x4297</value>
         <object_component_ref idref="oc-3b"/>
      </symbol>
      <symbol id="sm-3a0">
         <name>__aeabi_memcpy</name>
         <value>0x4297</value>
         <object_component_ref idref="oc-3b"/>
      </symbol>
      <symbol id="sm-3a1">
         <name>__aeabi_memcpy8</name>
         <value>0x4297</value>
         <object_component_ref idref="oc-3b"/>
      </symbol>
      <symbol id="sm-3a2">
         <name>__aeabi_memcpy4</name>
         <value>0x4297</value>
         <object_component_ref idref="oc-3b"/>
      </symbol>
      <symbol id="sm-3b6">
         <name>__TI_zero_init_nomemset</name>
         <value>0x4963</value>
         <object_component_ref idref="oc-47"/>
      </symbol>
      <symbol id="sm-3cd">
         <name>__TI_decompress_none</name>
         <value>0x4a31</value>
         <object_component_ref idref="oc-1b"/>
      </symbol>
      <symbol id="sm-3f0">
         <name>__TI_decompress_lzss</name>
         <value>0x45bd</value>
         <object_component_ref idref="oc-15"/>
      </symbol>
      <symbol id="sm-406">
         <name>atoi</name>
         <value>0x4785</value>
         <object_component_ref idref="oc-184"/>
      </symbol>
      <symbol id="sm-411">
         <name>_ctypes_</name>
         <value>0x4a64</value>
         <object_component_ref idref="oc-20f"/>
      </symbol>
      <symbol id="sm-420">
         <name>strcmp</name>
         <value>0x49cd</value>
         <object_component_ref idref="oc-17e"/>
      </symbol>
      <symbol id="sm-433">
         <name>__stack</name>
         <value>0x20000000</value>
         <object_component_ref idref="oc-24"/>
      </symbol>
      <symbol id="sm-434">
         <name>_c_int00_noargs</name>
         <value>0x48dd</value>
         <object_component_ref idref="oc-59"/>
      </symbol>
      <symbol id="sm-599">
         <name>__TI_printfi</name>
         <value>0x15e1</value>
         <object_component_ref idref="oc-165"/>
      </symbol>
      <symbol id="sm-5a8">
         <name>__aeabi_memset</name>
         <value>0x44d7</value>
         <object_component_ref idref="oc-8f"/>
      </symbol>
      <symbol id="sm-5a9">
         <name>memset</name>
         <value>0x44dd</value>
         <object_component_ref idref="oc-8f"/>
      </symbol>
      <symbol id="sm-5aa">
         <name>__aeabi_memset8</name>
         <value>0x44d7</value>
         <object_component_ref idref="oc-8f"/>
      </symbol>
      <symbol id="sm-5ab">
         <name>__aeabi_memset4</name>
         <value>0x44d7</value>
         <object_component_ref idref="oc-8f"/>
      </symbol>
      <symbol id="sm-5ac">
         <name>__aeabi_memclr8</name>
         <value>0x44d5</value>
         <object_component_ref idref="oc-8f"/>
      </symbol>
      <symbol id="sm-5ad">
         <name>__aeabi_memclr4</name>
         <value>0x44d5</value>
         <object_component_ref idref="oc-8f"/>
      </symbol>
      <symbol id="sm-5ae">
         <name>__aeabi_memclr</name>
         <value>0x44d5</value>
         <object_component_ref idref="oc-8f"/>
      </symbol>
      <symbol id="sm-5c5">
         <name>__aeabi_dsub</name>
         <value>0x3805</value>
         <object_component_ref idref="oc-25f"/>
      </symbol>
      <symbol id="sm-5c6">
         <name>__aeabi_dadd</name>
         <value>0x380f</value>
         <object_component_ref idref="oc-25f"/>
      </symbol>
      <symbol id="sm-5e8">
         <name>__aeabi_cdcmpeq</name>
         <value>0x43c9</value>
         <object_component_ref idref="oc-1ce"/>
      </symbol>
      <symbol id="sm-5e9">
         <name>__aeabi_cdcmple</name>
         <value>0x43c9</value>
         <object_component_ref idref="oc-1ce"/>
      </symbol>
      <symbol id="sm-5ea">
         <name>__aeabi_cdrcmple</name>
         <value>0x444f</value>
         <object_component_ref idref="oc-24a"/>
      </symbol>
      <symbol id="sm-5fe">
         <name>__aeabi_ddiv</name>
         <value>0x3c59</value>
         <object_component_ref idref="oc-245"/>
      </symbol>
      <symbol id="sm-609">
         <name>__aeabi_dmul</name>
         <value>0x40e9</value>
         <object_component_ref idref="oc-240"/>
      </symbol>
      <symbol id="sm-613">
         <name>__aeabi_d2iz</name>
         <value>0x47d1</value>
         <object_component_ref idref="oc-24f"/>
      </symbol>
      <symbol id="sm-61d">
         <name>__aeabi_i2d</name>
         <value>0x4911</value>
         <object_component_ref idref="oc-25a"/>
      </symbol>
      <symbol id="sm-62a">
         <name>__aeabi_uldivmod</name>
         <value>0x4333</value>
         <object_component_ref idref="oc-239"/>
      </symbol>
      <symbol id="sm-652">
         <name>__TI_auto_init_nobinit_nopinit</name>
         <value>0x4819</value>
         <object_component_ref idref="oc-113"/>
      </symbol>
      <symbol id="sm-65c">
         <name>_system_pre_init</name>
         <value>0x4a5d</value>
         <object_component_ref idref="oc-95"/>
      </symbol>
      <symbol id="sm-668">
         <name>C$$EXIT</name>
         <value>0x4a61</value>
         <object_component_ref idref="oc-107"/>
      </symbol>
      <symbol id="sm-669">
         <name>abort</name>
         <value>0x4a61</value>
         <object_component_ref idref="oc-107"/>
      </symbol>
      <symbol id="sm-679">
         <name>__TI_ltoa</name>
         <value>0x46df</value>
         <object_component_ref idref="oc-254"/>
      </symbol>
      <symbol id="sm-68a">
         <name>memccpy</name>
         <value>0x497f</value>
         <object_component_ref idref="oc-1eb"/>
      </symbol>
      <symbol id="sm-69a">
         <name>strchr</name>
         <value>0x49e5</value>
         <object_component_ref idref="oc-28b"/>
      </symbol>
      <symbol id="sm-6a8">
         <name>strlen</name>
         <value>0x49fb</value>
         <object_component_ref idref="oc-1c2"/>
      </symbol>
      <symbol id="sm-6be">
         <name>__aeabi_errno_addr</name>
         <value>0x4a55</value>
         <object_component_ref idref="oc-1f7"/>
      </symbol>
      <symbol id="sm-6bf">
         <name>errno</name>
         <value>0x2000109c</value>
         <object_component_ref idref="oc-29b"/>
      </symbol>
      <symbol id="sm-6df">
         <name>frexpl</name>
         <value>0x4625</value>
         <object_component_ref idref="oc-27f"/>
      </symbol>
      <symbol id="sm-6e0">
         <name>frexp</name>
         <value>0x4625</value>
         <object_component_ref idref="oc-27f"/>
      </symbol>
      <symbol id="sm-6fd">
         <name>scalbn</name>
         <value>0x3fd9</value>
         <object_component_ref idref="oc-285"/>
      </symbol>
      <symbol id="sm-6fe">
         <name>scalbnl</name>
         <value>0x3fd9</value>
         <object_component_ref idref="oc-285"/>
      </symbol>
      <symbol id="sm-6ff">
         <name>ldexpl</name>
         <value>0x3fd9</value>
         <object_component_ref idref="oc-285"/>
      </symbol>
      <symbol id="sm-700">
         <name>ldexp</name>
         <value>0x3fd9</value>
         <object_component_ref idref="oc-285"/>
      </symbol>
      <symbol id="sm-719">
         <name>wcslen</name>
         <value>0x4a0f</value>
         <object_component_ref idref="oc-1f1"/>
      </symbol>
      <symbol id="sm-723">
         <name>__aeabi_idiv0</name>
         <value>0x202f</value>
         <object_component_ref idref="oc-2c9"/>
      </symbol>
      <symbol id="sm-724">
         <name>__aeabi_ldiv0</name>
         <value>0x202f</value>
         <object_component_ref idref="oc-2c9"/>
      </symbol>
      <symbol id="sm-72e">
         <name>copysign</name>
         <value>0x499b</value>
         <object_component_ref idref="oc-2e2"/>
      </symbol>
      <symbol id="sm-72f">
         <name>copysignl</name>
         <value>0x499b</value>
         <object_component_ref idref="oc-2e2"/>
      </symbol>
      <symbol id="sm-730">
         <name>__TI_static_base__</name>
         <value>0x0</value>
      </symbol>
      <symbol id="sm-733">
         <name>__mpu_init</name>
         <value>0x0</value>
      </symbol>
      <symbol id="sm-734">
         <name>_system_post_cinit</name>
         <value>0x0</value>
      </symbol>
   </symbol_table>
   <title>Link successful</title>
</link_info>
