******************************************************************************
                  TI ARM Linker Unix v20.2.1                   
******************************************************************************
>> Linked Fri Mar 12 02:33:57 2021

OUTPUT FILE NAME:   <IOT_project1.out>
ENTRY POINT SYMBOL: "_c_int00_noargs"  address: 00004835


MEMORY CONFIGURATION

         name            origin    length      used     unused   attr    fill
----------------------  --------  ---------  --------  --------  ----  --------
  FLASH                 00000000   00040000  00004b05  0003b4fb  R  X
  SRAM                  20000000   00008000  00001090  00006f70  RW X


SEGMENT ALLOCATION MAP

run origin  load origin   length   init length attrs members
----------  ----------- ---------- ----------- ----- -------
00000000    00000000    00004b08   00004b08    r-x
  00000000    00000000    0000026c   0000026c    r-- .intvecs
  0000026c    0000026c    00004750   00004750    r-x .text
  000049bc    000049bc    00000101   00000101    r-- .const
  00004ac0    00004ac0    00000048   00000048    r-- .cinit
20000000    20000000    00001090   00000000    rw-
  20000000    20000000    00001000   00000000    rw- .stack
  20001000    20001000    00000068   00000000    rw- .bss
  20001068    20001068    00000028   00000000    rw- .data


SECTION ALLOCATION MAP

 output                                  attributes/
section   page    origin      length       input sections
--------  ----  ----------  ----------   ----------------
.intvecs   0    00000000    0000026c     
                  00000000    0000026c     tm4c123gh6pm_startup_ccs.obj (.intvecs)

.text      0    0000026c    00004750     
                  0000026c    000012c8     eth0.obj (.text)
                  00001534    00000a4e     rtsv7M4_T_le_v4SPD16_eabi.lib : _printfi.c.obj (.text:__TI_printfi)
                  00001f82    00000002                                   : div0.asm.obj (.text)
                  00001f84    000007c0     gpio.obj (.text)
                  00002744    00000798     ethernet.obj (.text)
                  00002edc    00000440     uart_input.obj (.text)
                  0000331c    00000270     rtsv7M4_T_le_v4SPD16_eabi.lib : _printfi.c.obj (.text:_pconv_a)
                  0000358c    000001d0                                   : _printfi.c.obj (.text:_pconv_g)
                  0000375c    000001b6                                   : fd_add_t2.asm.obj (.text)
                  00003912    00000002     --HOLE-- [fill = 0]
                  00003914    00000160     spi0.obj (.text)
                  00003a74    0000013c     rtsv7M4_T_le_v4SPD16_eabi.lib : _printfi.c.obj (.text:_pconv_e)
                  00003bb0    00000136                                   : fd_div_t2.asm.obj (.text)
                  00003ce6    00000002     --HOLE-- [fill = 0]
                  00003ce8    00000124                                   : _printfi.c.obj (.text:fcvt)
                  00003e0c    00000124     uart0.obj (.text)
                  00003f30    00000110     rtsv7M4_T_le_v4SPD16_eabi.lib : s_scalbn.c.obj (.text:scalbn)
                  00004040    000000fc                                   : fd_mul_t2.asm.obj (.text)
                  0000413c    000000b1                                   : _printfi.c.obj (.text:_ltostr)
                  000041ed    00000001     --HOLE-- [fill = 0]
                  000041ee    0000009c                                   : memcpy_t2.asm.obj (.text)
                  0000428a    00000096                                   : ull_div_t2.asm.obj (.text)
                  00004320    00000086                                   : fd_cmp_t2.asm.obj (.text:__aeabi_cdcmple)
                  000043a6    00000086                                   : fd_cmp_t2.asm.obj (.text:__aeabi_cdrcmple)
                  0000442c    0000007a                                   : memset_t2.asm.obj (.text)
                  000044a6    0000006e                                   : _printfi.c.obj (.text:_mcpy)
                  00004514    00000068                                   : copy_decompress_lzss.c.obj (.text:decompress:lzss:__TI_decompress_lzss)
                  0000457c    00000064                                   : s_frexp.c.obj (.text:frexp)
                  000045e0    00000056                                   : _printfi.c.obj (.text:_pconv_f)
                  00004636    00000054                                   : _ltoa.c.obj (.text:__TI_ltoa)
                  0000468a    00000052                                   : _printfi.c.obj (.text:_ecpy)
                  000046dc    0000004c                                   : atoi.c.obj (.text:atoi)
                  00004728    00000048                                   : fd_toi_t2.asm.obj (.text)
                  00004770    00000044                                   : autoinit.c.obj (.text:__TI_auto_init_nobinit_nopinit:__TI_auto_init_nobinit_nopinit)
                  000047b4    00000040                                   : sprintf.c.obj (.text:sprintf)
                  000047f4    0000003e                                   : _printfi.c.obj (.text:_fcpy)
                  00004832    00000002     --HOLE-- [fill = 0]
                  00004834    00000034                                   : boot_cortex_m.c.obj (.text:_c_int00_noargs:_c_int00_noargs)
                  00004868    0000002e                                   : i_tofd_t2.asm.obj (.text)
                  00004896    00000024     wait.obj (.text)
                  000048ba    0000001c     rtsv7M4_T_le_v4SPD16_eabi.lib : copy_zero_init.c.obj (.text:decompress:ZI:__TI_zero_init_nomemset:__TI_zero_init_nomemset)
                  000048d6    0000001c                                   : memccpy.c.obj (.text:memccpy)
                  000048f2    0000001a                                   : s_copysign.c.obj (.text:copysign)
                  0000490c    00000018                                   : sprintf.c.obj (.text:_outs)
                  00004924    00000018                                   : strcmp.c.obj (.text:strcmp)
                  0000493c    00000016                                   : strchr.c.obj (.text:strchr)
                  00004952    00000014                                   : strlen.c.obj (.text:strlen)
                  00004966    00000012                                   : wcslen.c.obj (.text:wcslen)
                  00004978    00000010     clock.obj (.text)
                  00004988    0000000e     rtsv7M4_T_le_v4SPD16_eabi.lib : copy_decompress_none.c.obj (.text:decompress:none:__TI_decompress_none)
                  00004996    0000000c     tm4c123gh6pm_startup_ccs.obj (.text)
                  000049a2    0000000a     rtsv7M4_T_le_v4SPD16_eabi.lib : sprintf.c.obj (.text:_outc)
                  000049ac    00000008                                   : errno.c.obj (.text:__aeabi_errno_addr)
                  000049b4    00000004                                   : pre_init.c.obj (.text:_system_pre_init)
                  000049b8    00000004                                   : exit.c.obj (.text:abort:abort)

.const     0    000049bc    00000101     
                  000049bc    00000101     rtsv7M4_T_le_v4SPD16_eabi.lib : ctype.c.obj (.const:.string:_ctypes_)

.cinit     0    00004ac0    00000048     
                  00004ac0    0000001d     (.cinit..data.load) [load image, compression = lzss]
                  00004add    00000003     --HOLE-- [fill = 0]
                  00004ae0    0000000c     (__TI_handler_table)
                  00004aec    00000004     --HOLE-- [fill = 0]
                  00004af0    00000008     (.cinit..bss.load) [load image, compression = zero_init]
                  00004af8    00000010     (__TI_cinit_table)

.init_array 
*          0    00000000    00000000     UNINITIALIZED

.bss       0    20001000    00000068     UNINITIALIZED
                  20001000    00000064     (.common:chartxBuffer)
                  20001064    00000004     (.common:mqtt_ip)

.data      0    20001068    00000028     UNINITIALIZED
                  20001068    0000000c     ethernet.obj (.data)
                  20001074    00000006     eth0.obj (.data:macAddress)
                  2000107a    00000004     eth0.obj (.data)
                  2000107e    00000004     eth0.obj (.data:ipAddress)
                  20001082    00000004     eth0.obj (.data:ipGwAddress)
                  20001086    00000004     eth0.obj (.data:ipSubnetMask)
                  2000108a    00000002     --HOLE--
                  2000108c    00000004     rtsv7M4_T_le_v4SPD16_eabi.lib : errno.c.obj (.data)

.stack     0    20000000    00001000     UNINITIALIZED
                  20000000    00000004     rtsv7M4_T_le_v4SPD16_eabi.lib : boot_cortex_m.c.obj (.stack)
                  20000004    00000ffc     --HOLE--

__llvm_prf_cnts 
*          0    20000000    00000000     UNINITIALIZED

MODULE SUMMARY

       Module                         code    ro data   rw data
       ------                         ----    -------   -------
    ./
       eth0.obj                       4808    0         22     
       ethernet.obj                   1944    0         116    
       gpio.obj                       1984    0         0      
       uart_input.obj                 1088    0         0      
       tm4c123gh6pm_startup_ccs.obj   12      620       0      
       spi0.obj                       352     0         0      
       uart0.obj                      292     0         0      
       wait.obj                       36      0         0      
       clock.obj                      16      0         0      
    +--+------------------------------+-------+---------+---------+
       Total:                         10532   620       138    
                                                               
    /Applications/ti/ccs1011/ccs/tools/compiler/ti-cgt-arm_20.2.1.LTS/lib/rtsv7M4_T_le_v4SPD16_eabi.lib
       _printfi.c.obj                 4851    0         0      
       fd_add_t2.asm.obj              438     0         0      
       fd_div_t2.asm.obj              310     0         0      
       s_scalbn.c.obj                 272     0         0      
       fd_cmp_t2.asm.obj              268     0         0      
       ctype.c.obj                    0       257       0      
       fd_mul_t2.asm.obj              252     0         0      
       memcpy_t2.asm.obj              156     0         0      
       ull_div_t2.asm.obj             150     0         0      
       memset_t2.asm.obj              122     0         0      
       copy_decompress_lzss.c.obj     104     0         0      
       s_frexp.c.obj                  100     0         0      
       sprintf.c.obj                  98      0         0      
       _ltoa.c.obj                    84      0         0      
       atoi.c.obj                     76      0         0      
       fd_toi_t2.asm.obj              72      0         0      
       autoinit.c.obj                 68      0         0      
       boot_cortex_m.c.obj            52      0         0      
       i_tofd_t2.asm.obj              46      0         0      
       copy_zero_init.c.obj           28      0         0      
       memccpy.c.obj                  28      0         0      
       s_copysign.c.obj               26      0         0      
       strcmp.c.obj                   24      0         0      
       strchr.c.obj                   22      0         0      
       strlen.c.obj                   20      0         0      
       wcslen.c.obj                   18      0         0      
       copy_decompress_none.c.obj     14      0         0      
       errno.c.obj                    8       0         4      
       exit.c.obj                     4       0         0      
       pre_init.c.obj                 4       0         0      
       div0.asm.obj                   2       0         0      
    +--+------------------------------+-------+---------+---------+
       Total:                         7717    257       4      
                                                               
       Stack:                         0       0         4096   
       Linker Generated:              0       65        0      
    +--+------------------------------+-------+---------+---------+
       Grand Total:                   18249   942       4238   


LINKER GENERATED COPY TABLES

__TI_cinit_table @ 00004af8 records: 2, size/record: 8, table size: 16
	.data: load addr=00004ac0, load size=0000001d bytes, run addr=20001068, run size=00000028 bytes, compression=lzss
	.bss: load addr=00004af0, load size=00000008 bytes, run addr=20001000, run size=00000068 bytes, compression=zero_init


LINKER GENERATED HANDLER TABLE

__TI_handler_table @ 00004ae0 records: 3, size/record: 4, table size: 12
	index: 0, handler: __TI_decompress_lzss
	index: 1, handler: __TI_decompress_none
	index: 2, handler: __TI_zero_init


GLOBAL SYMBOLS: SORTED ALPHABETICALLY BY Name 

address   name                          
-------   ----                          
20001070  BUFFER_LENGTH                 
000049b9  C$$EXIT                       
20001068  ReadIndex                     
00004997  ResetISR                      
2000106c  WriteIndex                    
20001000  __STACK_END                   
00001000  __STACK_SIZE                  
20000200  __STACK_TOP                   
00004af8  __TI_CINIT_Base               
00004b08  __TI_CINIT_Limit              
00004ae0  __TI_Handler_Table_Base       
00004aec  __TI_Handler_Table_Limit      
00004771  __TI_auto_init_nobinit_nopinit
00004515  __TI_decompress_lzss          
00004989  __TI_decompress_none          
00004637  __TI_ltoa                     
ffffffff  __TI_pprof_out_hndl           
00001535  __TI_printfi                  
ffffffff  __TI_prof_data_size           
ffffffff  __TI_prof_data_start          
00000000  __TI_static_base__            
000048bb  __TI_zero_init_nomemset       
00004321  __aeabi_cdcmpeq               
00004321  __aeabi_cdcmple               
000043a7  __aeabi_cdrcmple              
00004729  __aeabi_d2iz                  
00003767  __aeabi_dadd                  
00003bb1  __aeabi_ddiv                  
00004041  __aeabi_dmul                  
0000375d  __aeabi_dsub                  
000049ad  __aeabi_errno_addr            
00004869  __aeabi_i2d                   
00001f83  __aeabi_idiv0                 
00001f83  __aeabi_ldiv0                 
0000442d  __aeabi_memclr                
0000442d  __aeabi_memclr4               
0000442d  __aeabi_memclr8               
000041ef  __aeabi_memcpy                
000041ef  __aeabi_memcpy4               
000041ef  __aeabi_memcpy8               
0000442f  __aeabi_memset                
0000442f  __aeabi_memset4               
0000442f  __aeabi_memset8               
0000428b  __aeabi_uldivmod              
ffffffff  __binit__                     
ffffffff  __c_args__                    
UNDEFED   __mpu_init                    
20000000  __stack                       
20000000  __start___llvm_prf_cnts       
20000000  __stop___llvm_prf_cnts        
00004835  _c_int00_noargs               
000049bc  _ctypes_                      
UNDEFED   _system_post_cinit            
000049b5  _system_pre_init              
000049b9  abort                         
000046dd  atoi                          
ffffffff  binit                         
20001000  chartxBuffer                  
000029b9  checkCommand                  
000048f3  copysign                      
000048f3  copysignl                     
2000107d  dhcpEnabled                   
000025b5  disablePinInterrupt           
000022ed  disablePinPulldown            
000022a5  disablePinPullup              
00002041  disablePort                   
00002779  displayConnectionInfo         
0000291b  displayUart0                  
00002591  enablePinInterrupt            
000022c9  enablePinPulldown             
00002277  enablePinPullup               
00001f85  enablePort                    
2000108c  errno                         
00000a91  etherCalcIpChecksum           
00000477  etherClearReg                 
000003cf  etherCsOff                    
000003b9  etherCsOn                     
000012d7  etherDisableDhcpMode          
000012cf  etherEnableDhcpMode           
000012b9  etherGetId                    
00001349  etherGetIpAddress             
0000142d  etherGetIpGatewayAddress      
000013bb  etherGetIpSubnetMask          
000014a9  etherGetMacAddress            
000007f7  etherGetPacket                
000010eb  etherGetUdpData               
000012c5  etherIncId                    
000005c9  etherInit                     
00000d25  etherIsArpRequest             
00000dc3  etherIsArpResponse            
000007ad  etherIsDataAvailable          
000012df  etherIsDhcpEnabled            
00000aed  etherIsIp                     
00000b65  etherIsIpUnicast              
000012e5  etherIsIpValid                
00000793  etherIsLinkUp                 
000007c7  etherIsOverflow               
00000bc9  etherIsPingRequest            
00001043  etherIsUdp                    
000008e9  etherPutPacket                
000005ab  etherReadMem                  
00000599  etherReadMemStart             
000005bb  etherReadMemStop              
000004ff  etherReadPhy                  
00000411  etherReadReg                  
00000f35  etherSendArpRequest           
00000e65  etherSendArpResponse          
00000c15  etherSendPingResponse         
0000111d  etherSendUdpResponse          
000004ab  etherSetBank                  
00001311  etherSetIpAddress             
000013f5  etherSetIpGatewayAddress      
00001383  etherSetIpSubnetMask          
00001467  etherSetMacAddress            
00000443  etherSetReg                   
000009cf  etherSumWords                 
0000057d  etherWriteMem                 
0000056b  etherWriteMemStart            
00000591  etherWriteMemStop             
000004c7  etherWritePhy                 
000003dd  etherWriteReg                 
0000457d  frexp                         
0000457d  frexpl                        
00000000  g_pfnVectors                  
00000a55  getEtherChecksum              
00002fc5  getFieldInteger               
00002f59  getFieldString                
000025ff  getPinValue                   
000026b5  getPortValue                  
00003edf  getcUart0                     
000032b7  getsUart0                     
00000ac9  htons                         
00002745  initHw                        
00003915  initSpi0                      
00004979  initSystemClockTo40Mhz        
00003e0d  initUart0                     
2000107e  ipAddress                     
20001082  ipGwAddress                   
20001086  ipSubnetMask                  
00002edd  isCommand                     
00003ef3  kbhitUart0                    
00003f31  ldexp                         
00003f31  ldexpl                        
20001074  macAddress                    
00002b35  main                          
000048d7  memccpy                       
000041ef  memcpy                        
00004435  memset                        
20001064  mqtt_ip                       
2000107a  nextPacketLsb                 
2000107b  nextPacketMsb                 
0000303f  parseFields                   
00003e97  putcUart0                     
00003eb3  putsUart0                     
00003a4d  readSpi0Data                  
00003f31  scalbn                        
00003f31  scalbnl                       
000021ab  selectPinAnalogInput          
0000215d  selectPinDigitalInput         
000024c7  selectPinInterruptBothEdges   
00002477  selectPinInterruptFallingEdge 
0000251d  selectPinInterruptHighLevel   
00002557  selectPinInterruptLowLevel    
00002427  selectPinInterruptRisingEdge  
0000210f  selectPinOpenDrainOutput      
000020c1  selectPinPushPullOutput       
0000026d  sendTCP                       
2000107c  sequenceId                    
00002315  setPinAuxFunction             
000021fb  setPinCommitControl           
000025d9  setPinValue                   
00002631  setPortValue                  
000039b1  setSpi0BaudRate               
000039e7  setSpi0Mode                   
00003e57  setUart0BaudRate              
000047b5  sprintf                       
0000493d  strchr                        
00004925  strcmp                        
00004953  strlen                        
00004897  waitMicrosecond               
00004967  wcslen                        
00003a35  writeSpi0Data                 


GLOBAL SYMBOLS: SORTED BY Symbol Address 

address   name                          
-------   ----                          
00000000  __TI_static_base__            
00000000  g_pfnVectors                  
0000026d  sendTCP                       
000003b9  etherCsOn                     
000003cf  etherCsOff                    
000003dd  etherWriteReg                 
00000411  etherReadReg                  
00000443  etherSetReg                   
00000477  etherClearReg                 
000004ab  etherSetBank                  
000004c7  etherWritePhy                 
000004ff  etherReadPhy                  
0000056b  etherWriteMemStart            
0000057d  etherWriteMem                 
00000591  etherWriteMemStop             
00000599  etherReadMemStart             
000005ab  etherReadMem                  
000005bb  etherReadMemStop              
000005c9  etherInit                     
00000793  etherIsLinkUp                 
000007ad  etherIsDataAvailable          
000007c7  etherIsOverflow               
000007f7  etherGetPacket                
000008e9  etherPutPacket                
000009cf  etherSumWords                 
00000a55  getEtherChecksum              
00000a91  etherCalcIpChecksum           
00000ac9  htons                         
00000aed  etherIsIp                     
00000b65  etherIsIpUnicast              
00000bc9  etherIsPingRequest            
00000c15  etherSendPingResponse         
00000d25  etherIsArpRequest             
00000dc3  etherIsArpResponse            
00000e65  etherSendArpResponse          
00000f35  etherSendArpRequest           
00001000  __STACK_SIZE                  
00001043  etherIsUdp                    
000010eb  etherGetUdpData               
0000111d  etherSendUdpResponse          
000012b9  etherGetId                    
000012c5  etherIncId                    
000012cf  etherEnableDhcpMode           
000012d7  etherDisableDhcpMode          
000012df  etherIsDhcpEnabled            
000012e5  etherIsIpValid                
00001311  etherSetIpAddress             
00001349  etherGetIpAddress             
00001383  etherSetIpSubnetMask          
000013bb  etherGetIpSubnetMask          
000013f5  etherSetIpGatewayAddress      
0000142d  etherGetIpGatewayAddress      
00001467  etherSetMacAddress            
000014a9  etherGetMacAddress            
00001535  __TI_printfi                  
00001f83  __aeabi_idiv0                 
00001f83  __aeabi_ldiv0                 
00001f85  enablePort                    
00002041  disablePort                   
000020c1  selectPinPushPullOutput       
0000210f  selectPinOpenDrainOutput      
0000215d  selectPinDigitalInput         
000021ab  selectPinAnalogInput          
000021fb  setPinCommitControl           
00002277  enablePinPullup               
000022a5  disablePinPullup              
000022c9  enablePinPulldown             
000022ed  disablePinPulldown            
00002315  setPinAuxFunction             
00002427  selectPinInterruptRisingEdge  
00002477  selectPinInterruptFallingEdge 
000024c7  selectPinInterruptBothEdges   
0000251d  selectPinInterruptHighLevel   
00002557  selectPinInterruptLowLevel    
00002591  enablePinInterrupt            
000025b5  disablePinInterrupt           
000025d9  setPinValue                   
000025ff  getPinValue                   
00002631  setPortValue                  
000026b5  getPortValue                  
00002745  initHw                        
00002779  displayConnectionInfo         
0000291b  displayUart0                  
000029b9  checkCommand                  
00002b35  main                          
00002edd  isCommand                     
00002f59  getFieldString                
00002fc5  getFieldInteger               
0000303f  parseFields                   
000032b7  getsUart0                     
0000375d  __aeabi_dsub                  
00003767  __aeabi_dadd                  
00003915  initSpi0                      
000039b1  setSpi0BaudRate               
000039e7  setSpi0Mode                   
00003a35  writeSpi0Data                 
00003a4d  readSpi0Data                  
00003bb1  __aeabi_ddiv                  
00003e0d  initUart0                     
00003e57  setUart0BaudRate              
00003e97  putcUart0                     
00003eb3  putsUart0                     
00003edf  getcUart0                     
00003ef3  kbhitUart0                    
00003f31  ldexp                         
00003f31  ldexpl                        
00003f31  scalbn                        
00003f31  scalbnl                       
00004041  __aeabi_dmul                  
000041ef  __aeabi_memcpy                
000041ef  __aeabi_memcpy4               
000041ef  __aeabi_memcpy8               
000041ef  memcpy                        
0000428b  __aeabi_uldivmod              
00004321  __aeabi_cdcmpeq               
00004321  __aeabi_cdcmple               
000043a7  __aeabi_cdrcmple              
0000442d  __aeabi_memclr                
0000442d  __aeabi_memclr4               
0000442d  __aeabi_memclr8               
0000442f  __aeabi_memset                
0000442f  __aeabi_memset4               
0000442f  __aeabi_memset8               
00004435  memset                        
00004515  __TI_decompress_lzss          
0000457d  frexp                         
0000457d  frexpl                        
00004637  __TI_ltoa                     
000046dd  atoi                          
00004729  __aeabi_d2iz                  
00004771  __TI_auto_init_nobinit_nopinit
000047b5  sprintf                       
00004835  _c_int00_noargs               
00004869  __aeabi_i2d                   
00004897  waitMicrosecond               
000048bb  __TI_zero_init_nomemset       
000048d7  memccpy                       
000048f3  copysign                      
000048f3  copysignl                     
00004925  strcmp                        
0000493d  strchr                        
00004953  strlen                        
00004967  wcslen                        
00004979  initSystemClockTo40Mhz        
00004989  __TI_decompress_none          
00004997  ResetISR                      
000049ad  __aeabi_errno_addr            
000049b5  _system_pre_init              
000049b9  C$$EXIT                       
000049b9  abort                         
000049bc  _ctypes_                      
00004ae0  __TI_Handler_Table_Base       
00004aec  __TI_Handler_Table_Limit      
00004af8  __TI_CINIT_Base               
00004b08  __TI_CINIT_Limit              
20000000  __stack                       
20000000  __start___llvm_prf_cnts       
20000000  __stop___llvm_prf_cnts        
20000200  __STACK_TOP                   
20001000  __STACK_END                   
20001000  chartxBuffer                  
20001064  mqtt_ip                       
20001068  ReadIndex                     
2000106c  WriteIndex                    
20001070  BUFFER_LENGTH                 
20001074  macAddress                    
2000107a  nextPacketLsb                 
2000107b  nextPacketMsb                 
2000107c  sequenceId                    
2000107d  dhcpEnabled                   
2000107e  ipAddress                     
20001082  ipGwAddress                   
20001086  ipSubnetMask                  
2000108c  errno                         
ffffffff  __TI_pprof_out_hndl           
ffffffff  __TI_prof_data_size           
ffffffff  __TI_prof_data_start          
ffffffff  __binit__                     
ffffffff  __c_args__                    
ffffffff  binit                         
UNDEFED   __mpu_init                    
UNDEFED   _system_post_cinit            

[182 symbols]
