******************************************************************************
                  TI ARM Linker Unix v20.2.1                   
******************************************************************************
>> Linked Fri Mar 19 01:18:53 2021

OUTPUT FILE NAME:   <IOT_project1.out>
ENTRY POINT SYMBOL: "_c_int00_noargs"  address: 00004a39


MEMORY CONFIGURATION

         name            origin    length      used     unused   attr    fill
----------------------  --------  ---------  --------  --------  ----  --------
  FLASH                 00000000   00040000  00004d0d  0003b2f3  R  X
  SRAM                  20000000   00008000  000010a1  00006f5f  RW X


SEGMENT ALLOCATION MAP

run origin  load origin   length   init length attrs members
----------  ----------- ---------- ----------- ----- -------
00000000    00000000    00004d10   00004d10    r-x
  00000000    00000000    0000026c   0000026c    r-- .intvecs
  0000026c    0000026c    00004954   00004954    r-x .text
  00004bc0    00004bc0    00000105   00000105    r-- .const
  00004cc8    00004cc8    00000048   00000048    r-- .cinit
20000000    20000000    000010a1   00000000    rw-
  20000000    20000000    00001000   00000000    rw- .stack
  20001000    20001000    00000068   00000000    rw- .bss
  20001068    20001068    00000039   00000000    rw- .data


SECTION ALLOCATION MAP

 output                                  attributes/
section   page    origin      length       input sections
--------  ----  ----------  ----------   ----------------
.intvecs   0    00000000    0000026c     
                  00000000    0000026c     tm4c123gh6pm_startup_ccs.obj (.intvecs)

.text      0    0000026c    00004954     
                  0000026c    000013fc     eth0.obj (.text)
                  00001668    00000a4e     rtsv7M4_T_le_v4SPD16_eabi.lib : _printfi.c.obj (.text:__TI_printfi)
                  000020b6    00000002                                   : div0.asm.obj (.text)
                  000020b8    000007d8     ethernet.obj (.text)
                  00002890    000007c0     gpio.obj (.text)
                  00003050    00000450     uart_input.obj (.text)
                  000034a0    00000270     rtsv7M4_T_le_v4SPD16_eabi.lib : _printfi.c.obj (.text:_pconv_a)
                  00003710    000001d0                                   : _printfi.c.obj (.text:_pconv_g)
                  000038e0    000001b6                                   : fd_add_t2.asm.obj (.text)
                  00003a96    00000002     --HOLE-- [fill = 0]
                  00003a98    00000160     spi0.obj (.text)
                  00003bf8    0000013c     rtsv7M4_T_le_v4SPD16_eabi.lib : _printfi.c.obj (.text:_pconv_e)
                  00003d34    00000136                                   : fd_div_t2.asm.obj (.text)
                  00003e6a    00000002     --HOLE-- [fill = 0]
                  00003e6c    00000124                                   : _printfi.c.obj (.text:fcvt)
                  00003f90    00000124     uart0.obj (.text)
                  000040b4    00000110     rtsv7M4_T_le_v4SPD16_eabi.lib : s_scalbn.c.obj (.text:scalbn)
                  000041c4    000000fc                                   : fd_mul_t2.asm.obj (.text)
                  000042c0    000000b1                                   : _printfi.c.obj (.text:_ltostr)
                  00004371    00000001     --HOLE-- [fill = 0]
                  00004372    0000009c                                   : memcpy_t2.asm.obj (.text)
                  0000440e    00000096                                   : ull_div_t2.asm.obj (.text)
                  000044a4    00000086                                   : fd_cmp_t2.asm.obj (.text:__aeabi_cdcmple)
                  0000452a    00000086                                   : fd_cmp_t2.asm.obj (.text:__aeabi_cdrcmple)
                  000045b0    00000080     eeprom.obj (.text)
                  00004630    0000007a     rtsv7M4_T_le_v4SPD16_eabi.lib : memset_t2.asm.obj (.text)
                  000046aa    0000006e                                   : _printfi.c.obj (.text:_mcpy)
                  00004718    00000068                                   : copy_decompress_lzss.c.obj (.text:decompress:lzss:__TI_decompress_lzss)
                  00004780    00000064                                   : s_frexp.c.obj (.text:frexp)
                  000047e4    00000056                                   : _printfi.c.obj (.text:_pconv_f)
                  0000483a    00000054                                   : _ltoa.c.obj (.text:__TI_ltoa)
                  0000488e    00000052                                   : _printfi.c.obj (.text:_ecpy)
                  000048e0    0000004c                                   : atoi.c.obj (.text:atoi)
                  0000492c    00000048                                   : fd_toi_t2.asm.obj (.text)
                  00004974    00000044                                   : autoinit.c.obj (.text:__TI_auto_init_nobinit_nopinit:__TI_auto_init_nobinit_nopinit)
                  000049b8    00000040                                   : sprintf.c.obj (.text:sprintf)
                  000049f8    0000003e                                   : _printfi.c.obj (.text:_fcpy)
                  00004a36    00000002     --HOLE-- [fill = 0]
                  00004a38    00000034                                   : boot_cortex_m.c.obj (.text:_c_int00_noargs:_c_int00_noargs)
                  00004a6c    0000002e                                   : i_tofd_t2.asm.obj (.text)
                  00004a9a    00000024     wait.obj (.text)
                  00004abe    0000001c     rtsv7M4_T_le_v4SPD16_eabi.lib : copy_zero_init.c.obj (.text:decompress:ZI:__TI_zero_init_nomemset:__TI_zero_init_nomemset)
                  00004ada    0000001c                                   : memccpy.c.obj (.text:memccpy)
                  00004af6    0000001a                                   : s_copysign.c.obj (.text:copysign)
                  00004b10    00000018                                   : sprintf.c.obj (.text:_outs)
                  00004b28    00000018                                   : strcmp.c.obj (.text:strcmp)
                  00004b40    00000016                                   : strchr.c.obj (.text:strchr)
                  00004b56    00000014                                   : strlen.c.obj (.text:strlen)
                  00004b6a    00000012                                   : wcslen.c.obj (.text:wcslen)
                  00004b7c    00000010     clock.obj (.text)
                  00004b8c    0000000e     rtsv7M4_T_le_v4SPD16_eabi.lib : copy_decompress_none.c.obj (.text:decompress:none:__TI_decompress_none)
                  00004b9a    0000000c     tm4c123gh6pm_startup_ccs.obj (.text)
                  00004ba6    0000000a     rtsv7M4_T_le_v4SPD16_eabi.lib : sprintf.c.obj (.text:_outc)
                  00004bb0    00000008                                   : errno.c.obj (.text:__aeabi_errno_addr)
                  00004bb8    00000004                                   : pre_init.c.obj (.text:_system_pre_init)
                  00004bbc    00000004                                   : exit.c.obj (.text:abort:abort)

.const     0    00004bc0    00000105     
                  00004bc0    00000101     rtsv7M4_T_le_v4SPD16_eabi.lib : ctype.c.obj (.const:.string:_ctypes_)
                  00004cc1    00000004     ethernet.obj (.const:.string:$P$T0$1)

.cinit     0    00004cc8    00000048     
                  00004cc8    00000023     (.cinit..data.load) [load image, compression = lzss]
                  00004ceb    00000001     --HOLE-- [fill = 0]
                  00004cec    0000000c     (__TI_handler_table)
                  00004cf8    00000008     (.cinit..bss.load) [load image, compression = zero_init]
                  00004d00    00000010     (__TI_cinit_table)

.init_array 
*          0    00000000    00000000     UNINITIALIZED

.bss       0    20001000    00000068     UNINITIALIZED
                  20001000    00000064     (.common:chartxBuffer)
                  20001064    00000004     (.common:mqtt_ip)

.data      0    20001068    00000039     UNINITIALIZED
                  20001068    0000001e     ethernet.obj (.data)
                  20001086    00000006     eth0.obj (.data:macAddress)
                  2000108c    00000004     eth0.obj (.data)
                  20001090    00000004     eth0.obj (.data:ipAddress)
                  20001094    00000004     eth0.obj (.data:ipGwAddress)
                  20001098    00000004     eth0.obj (.data:ipSubnetMask)
                  2000109c    00000004     rtsv7M4_T_le_v4SPD16_eabi.lib : errno.c.obj (.data)
                  200010a0    00000001     uart_input.obj (.data)

.stack     0    20000000    00001000     UNINITIALIZED
                  20000000    00000004     rtsv7M4_T_le_v4SPD16_eabi.lib : boot_cortex_m.c.obj (.stack)
                  20000004    00000ffc     --HOLE--

__llvm_prf_cnts 
*          0    20000000    00000000     UNINITIALIZED

MODULE SUMMARY

       Module                         code    ro data   rw data
       ------                         ----    -------   -------
    ./
       eth0.obj                       5116    0         22     
       ethernet.obj                   2008    4         134    
       gpio.obj                       1984    0         0      
       uart_input.obj                 1104    0         1      
       tm4c123gh6pm_startup_ccs.obj   12      620       0      
       spi0.obj                       352     0         0      
       uart0.obj                      292     0         0      
       eeprom.obj                     128     0         0      
       wait.obj                       36      0         0      
       clock.obj                      16      0         0      
    +--+------------------------------+-------+---------+---------+
       Total:                         11048   624       157    
                                                               
    /Applications/ti/ccs1011/ccs/tools/compiler/ti-cgt-arm_20.2.1.LTS/lib/rtsv7M4_T_le_v4SPD16_eabi.lib
       _printfi.c.obj                 4851    0         0      
       fd_add_t2.asm.obj              438     0         0      
       fd_div_t2.asm.obj              310     0         0      
       s_scalbn.c.obj                 272     0         0      
       fd_cmp_t2.asm.obj              268     0         0      
       ctype.c.obj                    0       257       0      
       fd_mul_t2.asm.obj              252     0         0      
       memcpy_t2.asm.obj              156     0         0      
       ull_div_t2.asm.obj             150     0         0      
       memset_t2.asm.obj              122     0         0      
       copy_decompress_lzss.c.obj     104     0         0      
       s_frexp.c.obj                  100     0         0      
       sprintf.c.obj                  98      0         0      
       _ltoa.c.obj                    84      0         0      
       atoi.c.obj                     76      0         0      
       fd_toi_t2.asm.obj              72      0         0      
       autoinit.c.obj                 68      0         0      
       boot_cortex_m.c.obj            52      0         0      
       i_tofd_t2.asm.obj              46      0         0      
       copy_zero_init.c.obj           28      0         0      
       memccpy.c.obj                  28      0         0      
       s_copysign.c.obj               26      0         0      
       strcmp.c.obj                   24      0         0      
       strchr.c.obj                   22      0         0      
       strlen.c.obj                   20      0         0      
       wcslen.c.obj                   18      0         0      
       copy_decompress_none.c.obj     14      0         0      
       errno.c.obj                    8       0         4      
       exit.c.obj                     4       0         0      
       pre_init.c.obj                 4       0         0      
       div0.asm.obj                   2       0         0      
    +--+------------------------------+-------+---------+---------+
       Total:                         7717    257       4      
                                                               
       Stack:                         0       0         4096   
       Linker Generated:              0       71        0      
    +--+------------------------------+-------+---------+---------+
       Grand Total:                   18765   952       4257   


LINKER GENERATED COPY TABLES

__TI_cinit_table @ 00004d00 records: 2, size/record: 8, table size: 16
	.data: load addr=00004cc8, load size=00000023 bytes, run addr=20001068, run size=00000039 bytes, compression=lzss
	.bss: load addr=00004cf8, load size=00000008 bytes, run addr=20001000, run size=00000068 bytes, compression=zero_init


LINKER GENERATED HANDLER TABLE

__TI_handler_table @ 00004cec records: 3, size/record: 4, table size: 12
	index: 0, handler: __TI_decompress_lzss
	index: 1, handler: __TI_decompress_none
	index: 2, handler: __TI_zero_init


GLOBAL SYMBOLS: SORTED ALPHABETICALLY BY Name 

address   name                          
-------   ----                          
20001070  BUFFER_LENGTH                 
00004bbd  C$$EXIT                       
20001068  ReadIndex                     
00004b9b  ResetISR                      
20001080  SENDACK                       
2000106c  WriteIndex                    
20001000  __STACK_END                   
00001000  __STACK_SIZE                  
20000200  __STACK_TOP                   
00004d00  __TI_CINIT_Base               
00004d10  __TI_CINIT_Limit              
00004cec  __TI_Handler_Table_Base       
00004cf8  __TI_Handler_Table_Limit      
00004975  __TI_auto_init_nobinit_nopinit
00004719  __TI_decompress_lzss          
00004b8d  __TI_decompress_none          
0000483b  __TI_ltoa                     
ffffffff  __TI_pprof_out_hndl           
00001669  __TI_printfi                  
ffffffff  __TI_prof_data_size           
ffffffff  __TI_prof_data_start          
00000000  __TI_static_base__            
00004abf  __TI_zero_init_nomemset       
000044a5  __aeabi_cdcmpeq               
000044a5  __aeabi_cdcmple               
0000452b  __aeabi_cdrcmple              
0000492d  __aeabi_d2iz                  
000038eb  __aeabi_dadd                  
00003d35  __aeabi_ddiv                  
000041c5  __aeabi_dmul                  
000038e1  __aeabi_dsub                  
00004bb1  __aeabi_errno_addr            
00004a6d  __aeabi_i2d                   
000020b7  __aeabi_idiv0                 
000020b7  __aeabi_ldiv0                 
00004631  __aeabi_memclr                
00004631  __aeabi_memclr4               
00004631  __aeabi_memclr8               
00004373  __aeabi_memcpy                
00004373  __aeabi_memcpy4               
00004373  __aeabi_memcpy8               
00004633  __aeabi_memset                
00004633  __aeabi_memset4               
00004633  __aeabi_memset8               
0000440f  __aeabi_uldivmod              
ffffffff  __binit__                     
ffffffff  __c_args__                    
UNDEFED   __mpu_init                    
20000000  __stack                       
20000000  __start___llvm_prf_cnts       
20000000  __stop___llvm_prf_cnts        
00004a39  _c_int00_noargs               
00004bc0  _ctypes_                      
UNDEFED   _system_post_cinit            
00004bb9  _system_pre_init              
00004bbd  abort                         
20001078  acknum                        
000048e1  atoi                          
ffffffff  binit                         
20001000  chartxBuffer                  
0000232d  checkCommand                  
0000047b  copyUint8Array                
00004af7  copysign                      
00004af7  copysignl                     
2000108f  dhcpEnabled                   
00002ec1  disablePinInterrupt           
00002bf9  disablePinPulldown            
00002bb1  disablePinPullup              
0000294d  disablePort                   
000020ed  displayConnectionInfo         
0000228f  displayUart0                  
20001084  eeprom_address                
00002e9d  enablePinInterrupt            
00002bd5  enablePinPulldown             
00002b83  enablePinPullup               
00002891  enablePort                    
200010a0  enterispressed                
2000109c  errno                         
00000b95  etherCalcIpChecksum           
0000057d  etherClearReg                 
000004d5  etherCsOff                    
000004bf  etherCsOn                     
0000140b  etherDisableDhcpMode          
00001403  etherEnableDhcpMode           
000013ed  etherGetId                    
0000147f  etherGetIpAddress             
00001563  etherGetIpGatewayAddress      
000014f1  etherGetIpSubnetMask          
000015df  etherGetMacAddress            
000008fb  etherGetPacket                
0000121f  etherGetUdpData               
000013f9  etherIncId                    
000006cd  etherInit                     
00000e59  etherIsArpRequest             
00000ef7  etherIsArpResponse            
000008b1  etherIsDataAvailable          
00001413  etherIsDhcpEnabled            
00000c29  etherIsIp                     
00000c99  etherIsIpUnicast              
00001419  etherIsIpValid                
00000897  etherIsLinkUp                 
000008cb  etherIsOverflow               
00000cfd  etherIsPingRequest            
00001177  etherIsUdp                    
000009ed  etherPutPacket                
000006b5  etherReadMem                  
000006a3  etherReadMemStart             
000006c5  etherReadMemStop              
00000609  etherReadPhy                  
00000517  etherReadReg                  
00001069  etherSendArpRequest           
00000f99  etherSendArpResponse          
00000d49  etherSendPingResponse         
00001251  etherSendUdpResponse          
000005b1  etherSetBank                  
00001447  etherSetIpAddress             
0000152b  etherSetIpGatewayAddress      
000014b9  etherSetIpSubnetMask          
0000159d  etherSetMacAddress            
00000549  etherSetReg                   
00000ad3  etherSumWords                 
00000687  etherWriteMem                 
00000675  etherWriteMemStart            
0000069b  etherWriteMemStop             
000005d1  etherWritePhy                 
000004e3  etherWriteReg                 
2000107c  flag                          
00004781  frexp                         
00004781  frexpl                        
00000000  g_pfnVectors                  
00000b59  getEtherChecksum              
00003139  getFieldInteger               
000030cd  getFieldString                
00002f0b  getPinValue                   
00002fc1  getPortValue                  
00004063  getcUart0                     
0000342b  getsUart0                     
00000bf1  htonl                         
00000bcd  htons                         
000045b1  initEeprom                    
000020b9  initHw                        
00003a99  initSpi0                      
00004b7d  initSystemClockTo40Mhz        
00003f91  initUart0                     
20001090  ipAddress                     
20001094  ipGwAddress                   
20001098  ipSubnetMask                  
00003051  isCommand                     
00004077  kbhitUart0                    
000040b5  ldexp                         
000040b5  ldexpl                        
20001086  macAddress                    
00002435  main                          
00004adb  memccpy                       
00004373  memcpy                        
00004639  memset                        
20001064  mqtt_ip                       
2000108c  nextPacketLsb                 
2000108d  nextPacketMsb                 
000031b3  parseFields                   
0000401b  putcUart0                     
00004037  putsUart0                     
000045f5  readEeprom                    
00003bd1  readSpi0Data                  
000040b5  scalbn                        
000040b5  scalbnl                       
00002ab7  selectPinAnalogInput          
00002a69  selectPinDigitalInput         
00002dd3  selectPinInterruptBothEdges   
00002d83  selectPinInterruptFallingEdge 
00002e29  selectPinInterruptHighLevel   
00002e63  selectPinInterruptLowLevel    
00002d33  selectPinInterruptRisingEdge  
00002a1b  selectPinOpenDrainOutput      
000029cd  selectPinPushPullOutput       
0000026d  sendTCP                       
2000108e  sequenceId                    
20001074  sequencenum                   
00002c21  setPinAuxFunction             
00002b07  setPinCommitControl           
00002ee5  setPinValue                   
00002f3d  setPortValue                  
00003b35  setSpi0BaudRate               
00003b6b  setSpi0Mode                   
00003fdb  setUart0BaudRate              
000049b9  sprintf                       
00004b41  strchr                        
00004b29  strcmp                        
00004b57  strlen                        
00004a9b  waitMicrosecond               
00004b6b  wcslen                        
000045c7  writeEeprom                   
00003bb9  writeSpi0Data                 


GLOBAL SYMBOLS: SORTED BY Symbol Address 

address   name                          
-------   ----                          
00000000  __TI_static_base__            
00000000  g_pfnVectors                  
0000026d  sendTCP                       
0000047b  copyUint8Array                
000004bf  etherCsOn                     
000004d5  etherCsOff                    
000004e3  etherWriteReg                 
00000517  etherReadReg                  
00000549  etherSetReg                   
0000057d  etherClearReg                 
000005b1  etherSetBank                  
000005d1  etherWritePhy                 
00000609  etherReadPhy                  
00000675  etherWriteMemStart            
00000687  etherWriteMem                 
0000069b  etherWriteMemStop             
000006a3  etherReadMemStart             
000006b5  etherReadMem                  
000006c5  etherReadMemStop              
000006cd  etherInit                     
00000897  etherIsLinkUp                 
000008b1  etherIsDataAvailable          
000008cb  etherIsOverflow               
000008fb  etherGetPacket                
000009ed  etherPutPacket                
00000ad3  etherSumWords                 
00000b59  getEtherChecksum              
00000b95  etherCalcIpChecksum           
00000bcd  htons                         
00000bf1  htonl                         
00000c29  etherIsIp                     
00000c99  etherIsIpUnicast              
00000cfd  etherIsPingRequest            
00000d49  etherSendPingResponse         
00000e59  etherIsArpRequest             
00000ef7  etherIsArpResponse            
00000f99  etherSendArpResponse          
00001000  __STACK_SIZE                  
00001069  etherSendArpRequest           
00001177  etherIsUdp                    
0000121f  etherGetUdpData               
00001251  etherSendUdpResponse          
000013ed  etherGetId                    
000013f9  etherIncId                    
00001403  etherEnableDhcpMode           
0000140b  etherDisableDhcpMode          
00001413  etherIsDhcpEnabled            
00001419  etherIsIpValid                
00001447  etherSetIpAddress             
0000147f  etherGetIpAddress             
000014b9  etherSetIpSubnetMask          
000014f1  etherGetIpSubnetMask          
0000152b  etherSetIpGatewayAddress      
00001563  etherGetIpGatewayAddress      
0000159d  etherSetMacAddress            
000015df  etherGetMacAddress            
00001669  __TI_printfi                  
000020b7  __aeabi_idiv0                 
000020b7  __aeabi_ldiv0                 
000020b9  initHw                        
000020ed  displayConnectionInfo         
0000228f  displayUart0                  
0000232d  checkCommand                  
00002435  main                          
00002891  enablePort                    
0000294d  disablePort                   
000029cd  selectPinPushPullOutput       
00002a1b  selectPinOpenDrainOutput      
00002a69  selectPinDigitalInput         
00002ab7  selectPinAnalogInput          
00002b07  setPinCommitControl           
00002b83  enablePinPullup               
00002bb1  disablePinPullup              
00002bd5  enablePinPulldown             
00002bf9  disablePinPulldown            
00002c21  setPinAuxFunction             
00002d33  selectPinInterruptRisingEdge  
00002d83  selectPinInterruptFallingEdge 
00002dd3  selectPinInterruptBothEdges   
00002e29  selectPinInterruptHighLevel   
00002e63  selectPinInterruptLowLevel    
00002e9d  enablePinInterrupt            
00002ec1  disablePinInterrupt           
00002ee5  setPinValue                   
00002f0b  getPinValue                   
00002f3d  setPortValue                  
00002fc1  getPortValue                  
00003051  isCommand                     
000030cd  getFieldString                
00003139  getFieldInteger               
000031b3  parseFields                   
0000342b  getsUart0                     
000038e1  __aeabi_dsub                  
000038eb  __aeabi_dadd                  
00003a99  initSpi0                      
00003b35  setSpi0BaudRate               
00003b6b  setSpi0Mode                   
00003bb9  writeSpi0Data                 
00003bd1  readSpi0Data                  
00003d35  __aeabi_ddiv                  
00003f91  initUart0                     
00003fdb  setUart0BaudRate              
0000401b  putcUart0                     
00004037  putsUart0                     
00004063  getcUart0                     
00004077  kbhitUart0                    
000040b5  ldexp                         
000040b5  ldexpl                        
000040b5  scalbn                        
000040b5  scalbnl                       
000041c5  __aeabi_dmul                  
00004373  __aeabi_memcpy                
00004373  __aeabi_memcpy4               
00004373  __aeabi_memcpy8               
00004373  memcpy                        
0000440f  __aeabi_uldivmod              
000044a5  __aeabi_cdcmpeq               
000044a5  __aeabi_cdcmple               
0000452b  __aeabi_cdrcmple              
000045b1  initEeprom                    
000045c7  writeEeprom                   
000045f5  readEeprom                    
00004631  __aeabi_memclr                
00004631  __aeabi_memclr4               
00004631  __aeabi_memclr8               
00004633  __aeabi_memset                
00004633  __aeabi_memset4               
00004633  __aeabi_memset8               
00004639  memset                        
00004719  __TI_decompress_lzss          
00004781  frexp                         
00004781  frexpl                        
0000483b  __TI_ltoa                     
000048e1  atoi                          
0000492d  __aeabi_d2iz                  
00004975  __TI_auto_init_nobinit_nopinit
000049b9  sprintf                       
00004a39  _c_int00_noargs               
00004a6d  __aeabi_i2d                   
00004a9b  waitMicrosecond               
00004abf  __TI_zero_init_nomemset       
00004adb  memccpy                       
00004af7  copysign                      
00004af7  copysignl                     
00004b29  strcmp                        
00004b41  strchr                        
00004b57  strlen                        
00004b6b  wcslen                        
00004b7d  initSystemClockTo40Mhz        
00004b8d  __TI_decompress_none          
00004b9b  ResetISR                      
00004bb1  __aeabi_errno_addr            
00004bb9  _system_pre_init              
00004bbd  C$$EXIT                       
00004bbd  abort                         
00004bc0  _ctypes_                      
00004cec  __TI_Handler_Table_Base       
00004cf8  __TI_Handler_Table_Limit      
00004d00  __TI_CINIT_Base               
00004d10  __TI_CINIT_Limit              
20000000  __stack                       
20000000  __start___llvm_prf_cnts       
20000000  __stop___llvm_prf_cnts        
20000200  __STACK_TOP                   
20001000  __STACK_END                   
20001000  chartxBuffer                  
20001064  mqtt_ip                       
20001068  ReadIndex                     
2000106c  WriteIndex                    
20001070  BUFFER_LENGTH                 
20001074  sequencenum                   
20001078  acknum                        
2000107c  flag                          
20001080  SENDACK                       
20001084  eeprom_address                
20001086  macAddress                    
2000108c  nextPacketLsb                 
2000108d  nextPacketMsb                 
2000108e  sequenceId                    
2000108f  dhcpEnabled                   
20001090  ipAddress                     
20001094  ipGwAddress                   
20001098  ipSubnetMask                  
2000109c  errno                         
200010a0  enterispressed                
ffffffff  __TI_pprof_out_hndl           
ffffffff  __TI_prof_data_size           
ffffffff  __TI_prof_data_start          
ffffffff  __binit__                     
ffffffff  __c_args__                    
ffffffff  binit                         
UNDEFED   __mpu_init                    
UNDEFED   _system_post_cinit            

[193 symbols]
