******************************************************************************
                  TI ARM Linker Unix v20.2.1                   
******************************************************************************
>> Linked Sun Mar 28 16:14:55 2021

OUTPUT FILE NAME:   <IOT_project1.out>
ENTRY POINT SYMBOL: "_c_int00_noargs"  address: 000058a1


MEMORY CONFIGURATION

         name            origin    length      used     unused   attr    fill
----------------------  --------  ---------  --------  --------  ----  --------
  FLASH                 00000000   00040000  00005b8d  0003a473  R  X
  SRAM                  20000000   00008000  00001257  00006da9  RW X


SEGMENT ALLOCATION MAP

run origin  load origin   length   init length attrs members
----------  ----------- ---------- ----------- ----- -------
00000000    00000000    00005b90   00005b90    r-x
  00000000    00000000    0000026c   0000026c    r-- .intvecs
  0000026c    0000026c    000057d0   000057d0    r-x .text
  00005a3c    00005a3c    00000109   00000109    r-- .const
  00005b48    00005b48    00000048   00000048    r-- .cinit
20000000    20000000    00001257   00000000    rw-
  20000000    20000000    00001000   00000000    rw- .stack
  20001000    20001000    00000218   00000000    rw- .bss
  20001218    20001218    0000003f   00000000    rw- .data


SECTION ALLOCATION MAP

 output                                  attributes/
section   page    origin      length       input sections
--------  ----  ----------  ----------   ----------------
.intvecs   0    00000000    0000026c     
                  00000000    0000026c     tm4c123gh6pm_startup_ccs.obj (.intvecs)

.text      0    0000026c    000057d0     
                  0000026c    00001664     ethernet.obj (.text)
                  000018d0    000013b8     eth0.obj (.text)
                  00002c88    00000a4e     rtsv7M4_T_le_v4SPD16_eabi.lib : _printfi.c.obj (.text:__TI_printfi)
                  000036d6    00000002                                   : div0.asm.obj (.text)
                  000036d8    000007c0     gpio.obj (.text)
                  00003e98    00000470     uart_input.obj (.text)
                  00004308    00000270     rtsv7M4_T_le_v4SPD16_eabi.lib : _printfi.c.obj (.text:_pconv_a)
                  00004578    000001d0                                   : _printfi.c.obj (.text:_pconv_g)
                  00004748    000001b6                                   : fd_add_t2.asm.obj (.text)
                  000048fe    00000002     --HOLE-- [fill = 0]
                  00004900    00000160     spi0.obj (.text)
                  00004a60    0000013c     rtsv7M4_T_le_v4SPD16_eabi.lib : _printfi.c.obj (.text:_pconv_e)
                  00004b9c    00000136                                   : fd_div_t2.asm.obj (.text)
                  00004cd2    00000002     --HOLE-- [fill = 0]
                  00004cd4    00000124                                   : _printfi.c.obj (.text:fcvt)
                  00004df8    00000124     uart0.obj (.text)
                  00004f1c    00000110     rtsv7M4_T_le_v4SPD16_eabi.lib : s_scalbn.c.obj (.text:scalbn)
                  0000502c    000000fc                                   : fd_mul_t2.asm.obj (.text)
                  00005128    000000b1                                   : _printfi.c.obj (.text:_ltostr)
                  000051d9    00000001     --HOLE-- [fill = 0]
                  000051da    0000009c                                   : memcpy_t2.asm.obj (.text)
                  00005276    00000096                                   : ull_div_t2.asm.obj (.text)
                  0000530c    00000086                                   : fd_cmp_t2.asm.obj (.text:__aeabi_cdcmple)
                  00005392    00000086                                   : fd_cmp_t2.asm.obj (.text:__aeabi_cdrcmple)
                  00005418    00000080     eeprom.obj (.text)
                  00005498    0000007a     rtsv7M4_T_le_v4SPD16_eabi.lib : memset_t2.asm.obj (.text)
                  00005512    0000006e                                   : _printfi.c.obj (.text:_mcpy)
                  00005580    00000068                                   : copy_decompress_lzss.c.obj (.text:decompress:lzss:__TI_decompress_lzss)
                  000055e8    00000064                                   : s_frexp.c.obj (.text:frexp)
                  0000564c    00000056                                   : _printfi.c.obj (.text:_pconv_f)
                  000056a2    00000054                                   : _ltoa.c.obj (.text:__TI_ltoa)
                  000056f6    00000052                                   : _printfi.c.obj (.text:_ecpy)
                  00005748    0000004c                                   : atoi.c.obj (.text:atoi)
                  00005794    00000048                                   : fd_toi_t2.asm.obj (.text)
                  000057dc    00000044                                   : autoinit.c.obj (.text:__TI_auto_init_nobinit_nopinit:__TI_auto_init_nobinit_nopinit)
                  00005820    00000040                                   : sprintf.c.obj (.text:sprintf)
                  00005860    0000003e                                   : _printfi.c.obj (.text:_fcpy)
                  0000589e    00000002     --HOLE-- [fill = 0]
                  000058a0    00000034                                   : boot_cortex_m.c.obj (.text:_c_int00_noargs:_c_int00_noargs)
                  000058d4    0000002e                                   : i_tofd_t2.asm.obj (.text)
                  00005902    00000024     wait.obj (.text)
                  00005926    0000001c     rtsv7M4_T_le_v4SPD16_eabi.lib : copy_zero_init.c.obj (.text:decompress:ZI:__TI_zero_init_nomemset:__TI_zero_init_nomemset)
                  00005942    0000001c                                   : memccpy.c.obj (.text:memccpy)
                  0000595e    0000001a                                   : s_copysign.c.obj (.text:copysign)
                  00005978    00000018                                   : sprintf.c.obj (.text:_outs)
                  00005990    00000018                                   : strcmp.c.obj (.text:strcmp)
                  000059a8    00000016                                   : strchr.c.obj (.text:strchr)
                  000059be    00000014                                   : strcpy.c.obj (.text:strcpy)
                  000059d2    00000014                                   : strlen.c.obj (.text:strlen)
                  000059e6    00000012                                   : wcslen.c.obj (.text:wcslen)
                  000059f8    00000010     clock.obj (.text)
                  00005a08    0000000e     rtsv7M4_T_le_v4SPD16_eabi.lib : copy_decompress_none.c.obj (.text:decompress:none:__TI_decompress_none)
                  00005a16    0000000c     tm4c123gh6pm_startup_ccs.obj (.text)
                  00005a22    0000000a     rtsv7M4_T_le_v4SPD16_eabi.lib : sprintf.c.obj (.text:_outc)
                  00005a2c    00000008                                   : errno.c.obj (.text:__aeabi_errno_addr)
                  00005a34    00000004                                   : pre_init.c.obj (.text:_system_pre_init)
                  00005a38    00000004                                   : exit.c.obj (.text:abort:abort)

.const     0    00005a3c    00000109     
                  00005a3c    00000101     rtsv7M4_T_le_v4SPD16_eabi.lib : ctype.c.obj (.const:.string:_ctypes_)
                  00005b3d    00000004     ethernet.obj (.const:.string:$P$T0$1)
                  00005b41    00000004     ethernet.obj (.const:.string:$P$T1$2)

.cinit     0    00005b48    00000048     
                  00005b48    00000024     (.cinit..data.load) [load image, compression = lzss]
                  00005b6c    0000000c     (__TI_handler_table)
                  00005b78    00000008     (.cinit..bss.load) [load image, compression = zero_init]
                  00005b80    00000010     (__TI_cinit_table)

.init_array 
*          0    00000000    00000000     UNINITIALIZED

.bss       0    20001000    00000218     UNINITIALIZED
                  20001000    000000f0     (.common:subscribed_topics)
                  200010f0    00000064     (.common:chartxBuffer)
                  20001154    00000064     (.common:message)
                  200011b8    00000050     (.common:topic)
                  20001208    00000004     (.common:client_ip)
                  2000120c    00000004     (.common:message1)
                  20001210    00000004     (.common:server_ip)
                  20001214    00000004     (.common:topic1)

.data      0    20001218    0000003f     UNINITIALIZED
                  20001218    00000022     ethernet.obj (.data)
                  2000123a    00000006     eth0.obj (.data:macAddress)
                  20001240    00000004     eth0.obj (.data)
                  20001244    00000004     eth0.obj (.data:ipAddress)
                  20001248    00000004     eth0.obj (.data:ipGwAddress)
                  2000124c    00000004     eth0.obj (.data:ipSubnetMask)
                  20001250    00000004     rtsv7M4_T_le_v4SPD16_eabi.lib : errno.c.obj (.data)
                  20001254    00000003     uart_input.obj (.data)

.stack     0    20000000    00001000     UNINITIALIZED
                  20000000    00000004     rtsv7M4_T_le_v4SPD16_eabi.lib : boot_cortex_m.c.obj (.stack)
                  20000004    00000ffc     --HOLE--

__llvm_prf_cnts 
*          0    20000000    00000000     UNINITIALIZED

MODULE SUMMARY

       Module                         code    ro data   rw data
       ------                         ----    -------   -------
    ./
       ethernet.obj                   5732    8         570    
       eth0.obj                       5048    0         22     
       gpio.obj                       1984    0         0      
       uart_input.obj                 1136    0         3      
       tm4c123gh6pm_startup_ccs.obj   12      620       0      
       spi0.obj                       352     0         0      
       uart0.obj                      292     0         0      
       eeprom.obj                     128     0         0      
       wait.obj                       36      0         0      
       clock.obj                      16      0         0      
    +--+------------------------------+-------+---------+---------+
       Total:                         14736   628       595    
                                                               
    /Applications/ti/ccs1011/ccs/tools/compiler/ti-cgt-arm_20.2.1.LTS/lib/rtsv7M4_T_le_v4SPD16_eabi.lib
       _printfi.c.obj                 4851    0         0      
       fd_add_t2.asm.obj              438     0         0      
       fd_div_t2.asm.obj              310     0         0      
       s_scalbn.c.obj                 272     0         0      
       fd_cmp_t2.asm.obj              268     0         0      
       ctype.c.obj                    0       257       0      
       fd_mul_t2.asm.obj              252     0         0      
       memcpy_t2.asm.obj              156     0         0      
       ull_div_t2.asm.obj             150     0         0      
       memset_t2.asm.obj              122     0         0      
       copy_decompress_lzss.c.obj     104     0         0      
       s_frexp.c.obj                  100     0         0      
       sprintf.c.obj                  98      0         0      
       _ltoa.c.obj                    84      0         0      
       atoi.c.obj                     76      0         0      
       fd_toi_t2.asm.obj              72      0         0      
       autoinit.c.obj                 68      0         0      
       boot_cortex_m.c.obj            52      0         0      
       i_tofd_t2.asm.obj              46      0         0      
       copy_zero_init.c.obj           28      0         0      
       memccpy.c.obj                  28      0         0      
       s_copysign.c.obj               26      0         0      
       strcmp.c.obj                   24      0         0      
       strchr.c.obj                   22      0         0      
       strcpy.c.obj                   20      0         0      
       strlen.c.obj                   20      0         0      
       wcslen.c.obj                   18      0         0      
       copy_decompress_none.c.obj     14      0         0      
       errno.c.obj                    8       0         4      
       exit.c.obj                     4       0         0      
       pre_init.c.obj                 4       0         0      
       div0.asm.obj                   2       0         0      
    +--+------------------------------+-------+---------+---------+
       Total:                         7737    257       4      
                                                               
       Stack:                         0       0         4096   
       Linker Generated:              0       72        0      
    +--+------------------------------+-------+---------+---------+
       Grand Total:                   22473   957       4695   


LINKER GENERATED COPY TABLES

__TI_cinit_table @ 00005b80 records: 2, size/record: 8, table size: 16
	.data: load addr=00005b48, load size=00000024 bytes, run addr=20001218, run size=0000003f bytes, compression=lzss
	.bss: load addr=00005b78, load size=00000008 bytes, run addr=20001000, run size=00000218 bytes, compression=zero_init


LINKER GENERATED HANDLER TABLE

__TI_handler_table @ 00005b6c records: 3, size/record: 4, table size: 12
	index: 0, handler: __TI_decompress_lzss
	index: 1, handler: __TI_decompress_none
	index: 2, handler: __TI_zero_init


GLOBAL SYMBOLS: SORTED ALPHABETICALLY BY Name 

address   name                          
-------   ----                          
20001220  BUFFER_LENGTH                 
00005a39  C$$EXIT                       
0000054f  MQTTremaininglength           
20001218  ReadIndex                     
00005a17  ResetISR                      
2000121c  WriteIndex                    
20001000  __STACK_END                   
00001000  __STACK_SIZE                  
20000200  __STACK_TOP                   
00005b80  __TI_CINIT_Base               
00005b90  __TI_CINIT_Limit              
00005b6c  __TI_Handler_Table_Base       
00005b78  __TI_Handler_Table_Limit      
000057dd  __TI_auto_init_nobinit_nopinit
00005581  __TI_decompress_lzss          
00005a09  __TI_decompress_none          
000056a3  __TI_ltoa                     
ffffffff  __TI_pprof_out_hndl           
00002c89  __TI_printfi                  
ffffffff  __TI_prof_data_size           
ffffffff  __TI_prof_data_start          
00000000  __TI_static_base__            
00005927  __TI_zero_init_nomemset       
0000530d  __aeabi_cdcmpeq               
0000530d  __aeabi_cdcmple               
00005393  __aeabi_cdrcmple              
00005795  __aeabi_d2iz                  
00004753  __aeabi_dadd                  
00004b9d  __aeabi_ddiv                  
0000502d  __aeabi_dmul                  
00004749  __aeabi_dsub                  
00005a2d  __aeabi_errno_addr            
000058d5  __aeabi_i2d                   
000036d7  __aeabi_idiv0                 
000036d7  __aeabi_ldiv0                 
00005499  __aeabi_memclr                
00005499  __aeabi_memclr4               
00005499  __aeabi_memclr8               
000051db  __aeabi_memcpy                
000051db  __aeabi_memcpy4               
000051db  __aeabi_memcpy8               
0000549b  __aeabi_memset                
0000549b  __aeabi_memset4               
0000549b  __aeabi_memset8               
00005277  __aeabi_uldivmod              
ffffffff  __binit__                     
ffffffff  __c_args__                    
UNDEFED   __mpu_init                    
20000000  __stack                       
20000000  __start___llvm_prf_cnts       
20000000  __stop___llvm_prf_cnts        
000058a1  _c_int00_noargs               
00005a3c  _ctypes_                      
UNDEFED   _system_post_cinit            
00005a35  _system_pre_init              
00005a39  abort                         
2000122c  acknum                        
00005749  atoi                          
ffffffff  binit                         
200010f0  chartxBuffer                  
000004e1  checkCommand                  
20001256  check_return                  
20001208  client_ip                     
0000595f  copysign                      
0000595f  copysignl                     
20001232  data_length                   
20001243  dhcpEnabled                   
00003d09  disablePinInterrupt           
00003a41  disablePinPulldown            
000039f9  disablePinPullup              
00003795  disablePort                   
000002a1  displayConnectionInfo         
00000443  displayUart0                  
20001234  eeprom_address                
00003ce5  enablePinInterrupt            
00003a1d  enablePinPulldown             
000039cb  enablePinPullup               
000036d9  enablePort                    
20001250  errno                         
000021b5  etherCalcIpChecksum           
00001b9d  etherClearReg                 
00001af5  etherCsOff                    
00001adf  etherCsOn                     
00002a2b  etherDisableDhcpMode          
00002a23  etherEnableDhcpMode           
00002a0d  etherGetId                    
00002a9d  etherGetIpAddress             
00002b81  etherGetIpGatewayAddress      
00002b0f  etherGetIpSubnetMask          
00002bfd  etherGetMacAddress            
00001f1b  etherGetPacket                
0000283f  etherGetUdpData               
00002a19  etherIncId                    
00001ced  etherInit                     
00002479  etherIsArpRequest             
00002517  etherIsArpResponse            
00001ed1  etherIsDataAvailable          
00002a33  etherIsDhcpEnabled            
00002249  etherIsIp                     
000022b9  etherIsIpUnicast              
00002a39  etherIsIpValid                
00001eb7  etherIsLinkUp                 
00001eeb  etherIsOverflow               
0000231d  etherIsPingRequest            
00002797  etherIsUdp                    
0000200d  etherPutPacket                
00001cd5  etherReadMem                  
00001cc3  etherReadMemStart             
00001ce5  etherReadMemStop              
00001c29  etherReadPhy                  
00001b37  etherReadReg                  
00002689  etherSendArpRequest           
000025b9  etherSendArpResponse          
00002369  etherSendPingResponse         
00002871  etherSendUdpResponse          
00001bd1  etherSetBank                  
00002a65  etherSetIpAddress             
00002b49  etherSetIpGatewayAddress      
00002ad7  etherSetIpSubnetMask          
00002bbb  etherSetMacAddress            
00001b69  etherSetReg                   
000020f3  etherSumWords                 
00001ca7  etherWriteMem                 
00001c95  etherWriteMemStart            
00001cbb  etherWriteMemStop             
00001bed  etherWritePhy                 
00001b03  etherWriteReg                 
20001230  flag                          
000055e9  frexp                         
000055e9  frexpl                        
00000000  g_pfnVectors                  
00002179  getEtherChecksum              
00003f9b  getFieldInteger               
00003f15  getFieldString                
00003d53  getPinValue                   
00003e09  getPortValue                  
00004ecb  getcUart0                     
00004291  getsUart0                     
00002211  htonl                         
000021ed  htons                         
00005419  initEeprom                    
0000026d  initHw                        
00004901  initSpi0                      
000059f9  initSystemClockTo40Mhz        
00004df9  initUart0                     
20001244  ipAddress                     
20001248  ipGwAddress                   
2000124c  ipSubnetMask                  
00003e99  isCommand                     
00004edf  kbhitUart0                    
00004f1d  ldexp                         
00004f1d  ldexpl                        
2000123a  macAddress                    
00000655  main                          
00005943  memccpy                       
000051db  memcpy                        
000054a1  memset                        
20001154  message                       
2000120c  message1                      
20001226  message_size                  
20001240  nextPacketLsb                 
20001241  nextPacketMsb                 
20001238  packet_id                     
00004019  parseFields                   
00004e83  putcUart0                     
00004e9f  putsUart0                     
20001236  qos                           
0000545d  readEeprom                    
00004a39  readSpi0Data                  
00004f1d  scalbn                        
00004f1d  scalbnl                       
000038ff  selectPinAnalogInput          
000038b1  selectPinDigitalInput         
00003c1b  selectPinInterruptBothEdges   
00003bcb  selectPinInterruptFallingEdge 
00003c71  selectPinInterruptHighLevel   
00003cab  selectPinInterruptLowLevel    
00003b7b  selectPinInterruptRisingEdge  
00003863  selectPinOpenDrainOutput      
00003815  selectPinPushPullOutput       
000018d1  sendTCP                       
20001242  sequenceId                    
20001228  sequencenum                   
20001210  server_ip                     
00003a69  setPinAuxFunction             
0000394f  setPinCommitControl           
00003d2d  setPinValue                   
00003d85  setPortValue                  
0000499d  setSpi0BaudRate               
000049d3  setSpi0Mode                   
00004e43  setUart0BaudRate              
00005821  sprintf                       
20001254  strLength                     
000059a9  strchr                        
00005991  strcmp                        
000059bf  strcpy                        
000059d3  strlen                        
20001000  subscribed_topics             
200011b8  topic                         
20001214  topic1                        
20001224  topic_size                    
00005903  waitMicrosecond               
000059e7  wcslen                        
0000542f  writeEeprom                   
00004a21  writeSpi0Data                 


GLOBAL SYMBOLS: SORTED BY Symbol Address 

address   name                          
-------   ----                          
00000000  __TI_static_base__            
00000000  g_pfnVectors                  
0000026d  initHw                        
000002a1  displayConnectionInfo         
00000443  displayUart0                  
000004e1  checkCommand                  
0000054f  MQTTremaininglength           
00000655  main                          
00001000  __STACK_SIZE                  
000018d1  sendTCP                       
00001adf  etherCsOn                     
00001af5  etherCsOff                    
00001b03  etherWriteReg                 
00001b37  etherReadReg                  
00001b69  etherSetReg                   
00001b9d  etherClearReg                 
00001bd1  etherSetBank                  
00001bed  etherWritePhy                 
00001c29  etherReadPhy                  
00001c95  etherWriteMemStart            
00001ca7  etherWriteMem                 
00001cbb  etherWriteMemStop             
00001cc3  etherReadMemStart             
00001cd5  etherReadMem                  
00001ce5  etherReadMemStop              
00001ced  etherInit                     
00001eb7  etherIsLinkUp                 
00001ed1  etherIsDataAvailable          
00001eeb  etherIsOverflow               
00001f1b  etherGetPacket                
0000200d  etherPutPacket                
000020f3  etherSumWords                 
00002179  getEtherChecksum              
000021b5  etherCalcIpChecksum           
000021ed  htons                         
00002211  htonl                         
00002249  etherIsIp                     
000022b9  etherIsIpUnicast              
0000231d  etherIsPingRequest            
00002369  etherSendPingResponse         
00002479  etherIsArpRequest             
00002517  etherIsArpResponse            
000025b9  etherSendArpResponse          
00002689  etherSendArpRequest           
00002797  etherIsUdp                    
0000283f  etherGetUdpData               
00002871  etherSendUdpResponse          
00002a0d  etherGetId                    
00002a19  etherIncId                    
00002a23  etherEnableDhcpMode           
00002a2b  etherDisableDhcpMode          
00002a33  etherIsDhcpEnabled            
00002a39  etherIsIpValid                
00002a65  etherSetIpAddress             
00002a9d  etherGetIpAddress             
00002ad7  etherSetIpSubnetMask          
00002b0f  etherGetIpSubnetMask          
00002b49  etherSetIpGatewayAddress      
00002b81  etherGetIpGatewayAddress      
00002bbb  etherSetMacAddress            
00002bfd  etherGetMacAddress            
00002c89  __TI_printfi                  
000036d7  __aeabi_idiv0                 
000036d7  __aeabi_ldiv0                 
000036d9  enablePort                    
00003795  disablePort                   
00003815  selectPinPushPullOutput       
00003863  selectPinOpenDrainOutput      
000038b1  selectPinDigitalInput         
000038ff  selectPinAnalogInput          
0000394f  setPinCommitControl           
000039cb  enablePinPullup               
000039f9  disablePinPullup              
00003a1d  enablePinPulldown             
00003a41  disablePinPulldown            
00003a69  setPinAuxFunction             
00003b7b  selectPinInterruptRisingEdge  
00003bcb  selectPinInterruptFallingEdge 
00003c1b  selectPinInterruptBothEdges   
00003c71  selectPinInterruptHighLevel   
00003cab  selectPinInterruptLowLevel    
00003ce5  enablePinInterrupt            
00003d09  disablePinInterrupt           
00003d2d  setPinValue                   
00003d53  getPinValue                   
00003d85  setPortValue                  
00003e09  getPortValue                  
00003e99  isCommand                     
00003f15  getFieldString                
00003f9b  getFieldInteger               
00004019  parseFields                   
00004291  getsUart0                     
00004749  __aeabi_dsub                  
00004753  __aeabi_dadd                  
00004901  initSpi0                      
0000499d  setSpi0BaudRate               
000049d3  setSpi0Mode                   
00004a21  writeSpi0Data                 
00004a39  readSpi0Data                  
00004b9d  __aeabi_ddiv                  
00004df9  initUart0                     
00004e43  setUart0BaudRate              
00004e83  putcUart0                     
00004e9f  putsUart0                     
00004ecb  getcUart0                     
00004edf  kbhitUart0                    
00004f1d  ldexp                         
00004f1d  ldexpl                        
00004f1d  scalbn                        
00004f1d  scalbnl                       
0000502d  __aeabi_dmul                  
000051db  __aeabi_memcpy                
000051db  __aeabi_memcpy4               
000051db  __aeabi_memcpy8               
000051db  memcpy                        
00005277  __aeabi_uldivmod              
0000530d  __aeabi_cdcmpeq               
0000530d  __aeabi_cdcmple               
00005393  __aeabi_cdrcmple              
00005419  initEeprom                    
0000542f  writeEeprom                   
0000545d  readEeprom                    
00005499  __aeabi_memclr                
00005499  __aeabi_memclr4               
00005499  __aeabi_memclr8               
0000549b  __aeabi_memset                
0000549b  __aeabi_memset4               
0000549b  __aeabi_memset8               
000054a1  memset                        
00005581  __TI_decompress_lzss          
000055e9  frexp                         
000055e9  frexpl                        
000056a3  __TI_ltoa                     
00005749  atoi                          
00005795  __aeabi_d2iz                  
000057dd  __TI_auto_init_nobinit_nopinit
00005821  sprintf                       
000058a1  _c_int00_noargs               
000058d5  __aeabi_i2d                   
00005903  waitMicrosecond               
00005927  __TI_zero_init_nomemset       
00005943  memccpy                       
0000595f  copysign                      
0000595f  copysignl                     
00005991  strcmp                        
000059a9  strchr                        
000059bf  strcpy                        
000059d3  strlen                        
000059e7  wcslen                        
000059f9  initSystemClockTo40Mhz        
00005a09  __TI_decompress_none          
00005a17  ResetISR                      
00005a2d  __aeabi_errno_addr            
00005a35  _system_pre_init              
00005a39  C$$EXIT                       
00005a39  abort                         
00005a3c  _ctypes_                      
00005b6c  __TI_Handler_Table_Base       
00005b78  __TI_Handler_Table_Limit      
00005b80  __TI_CINIT_Base               
00005b90  __TI_CINIT_Limit              
20000000  __stack                       
20000000  __start___llvm_prf_cnts       
20000000  __stop___llvm_prf_cnts        
20000200  __STACK_TOP                   
20001000  __STACK_END                   
20001000  subscribed_topics             
200010f0  chartxBuffer                  
20001154  message                       
200011b8  topic                         
20001208  client_ip                     
2000120c  message1                      
20001210  server_ip                     
20001214  topic1                        
20001218  ReadIndex                     
2000121c  WriteIndex                    
20001220  BUFFER_LENGTH                 
20001224  topic_size                    
20001226  message_size                  
20001228  sequencenum                   
2000122c  acknum                        
20001230  flag                          
20001232  data_length                   
20001234  eeprom_address                
20001236  qos                           
20001238  packet_id                     
2000123a  macAddress                    
20001240  nextPacketLsb                 
20001241  nextPacketMsb                 
20001242  sequenceId                    
20001243  dhcpEnabled                   
20001244  ipAddress                     
20001248  ipGwAddress                   
2000124c  ipSubnetMask                  
20001250  errno                         
20001254  strLength                     
20001256  check_return                  
ffffffff  __TI_pprof_out_hndl           
ffffffff  __TI_prof_data_size           
ffffffff  __TI_prof_data_start          
ffffffff  __binit__                     
ffffffff  __c_args__                    
ffffffff  binit                         
UNDEFED   __mpu_init                    
UNDEFED   _system_post_cinit            

[205 symbols]
