******************************************************************************
                  TI ARM Linker Unix v20.2.1                   
******************************************************************************
>> Linked Mon Mar 22 20:17:45 2021

OUTPUT FILE NAME:   <IOT_project1.out>
ENTRY POINT SYMBOL: "_c_int00_noargs"  address: 00004e75


MEMORY CONFIGURATION

         name            origin    length      used     unused   attr    fill
----------------------  --------  ---------  --------  --------  ----  --------
  FLASH                 00000000   00040000  00005161  0003ae9f  R  X
  SRAM                  20000000   00008000  00001165  00006e9b  RW X


SEGMENT ALLOCATION MAP

run origin  load origin   length   init length attrs members
----------  ----------- ---------- ----------- ----- -------
00000000    00000000    00005168   00005168    r-x
  00000000    00000000    0000026c   0000026c    r-- .intvecs
  0000026c    0000026c    00004da4   00004da4    r-x .text
  00005010    00005010    00000109   00000109    r-- .const
  00005120    00005120    00000048   00000048    r-- .cinit
20000000    20000000    00001168   00000000    rw-
  20000000    20000000    00001000   00000000    rw- .stack
  20001000    20001000    00000125   00000000    rw- .bss
  20001128    20001128    00000040   00000000    rw- .data


SECTION ALLOCATION MAP

 output                                  attributes/
section   page    origin      length       input sections
--------  ----  ----------  ----------   ----------------
.intvecs   0    00000000    0000026c     
                  00000000    0000026c     tm4c123gh6pm_startup_ccs.obj (.intvecs)

.text      0    0000026c    00004da4     
                  0000026c    000013b8     eth0.obj (.text)
                  00001624    00000c48     ethernet.obj (.text)
                  0000226c    00000a4e     rtsv7M4_T_le_v4SPD16_eabi.lib : _printfi.c.obj (.text:__TI_printfi)
                  00002cba    00000002                                   : div0.asm.obj (.text)
                  00002cbc    000007c0     gpio.obj (.text)
                  0000347c    0000045e     uart_input.obj (.text)
                  000038da    00000002     --HOLE-- [fill = 0]
                  000038dc    00000270     rtsv7M4_T_le_v4SPD16_eabi.lib : _printfi.c.obj (.text:_pconv_a)
                  00003b4c    000001d0                                   : _printfi.c.obj (.text:_pconv_g)
                  00003d1c    000001b6                                   : fd_add_t2.asm.obj (.text)
                  00003ed2    00000002     --HOLE-- [fill = 0]
                  00003ed4    00000160     spi0.obj (.text)
                  00004034    0000013c     rtsv7M4_T_le_v4SPD16_eabi.lib : _printfi.c.obj (.text:_pconv_e)
                  00004170    00000136                                   : fd_div_t2.asm.obj (.text)
                  000042a6    00000002     --HOLE-- [fill = 0]
                  000042a8    00000124                                   : _printfi.c.obj (.text:fcvt)
                  000043cc    00000124     uart0.obj (.text)
                  000044f0    00000110     rtsv7M4_T_le_v4SPD16_eabi.lib : s_scalbn.c.obj (.text:scalbn)
                  00004600    000000fc                                   : fd_mul_t2.asm.obj (.text)
                  000046fc    000000b1                                   : _printfi.c.obj (.text:_ltostr)
                  000047ad    00000001     --HOLE-- [fill = 0]
                  000047ae    0000009c                                   : memcpy_t2.asm.obj (.text)
                  0000484a    00000096                                   : ull_div_t2.asm.obj (.text)
                  000048e0    00000086                                   : fd_cmp_t2.asm.obj (.text:__aeabi_cdcmple)
                  00004966    00000086                                   : fd_cmp_t2.asm.obj (.text:__aeabi_cdrcmple)
                  000049ec    00000080     eeprom.obj (.text)
                  00004a6c    0000007a     rtsv7M4_T_le_v4SPD16_eabi.lib : memset_t2.asm.obj (.text)
                  00004ae6    0000006e                                   : _printfi.c.obj (.text:_mcpy)
                  00004b54    00000068                                   : copy_decompress_lzss.c.obj (.text:decompress:lzss:__TI_decompress_lzss)
                  00004bbc    00000064                                   : s_frexp.c.obj (.text:frexp)
                  00004c20    00000056                                   : _printfi.c.obj (.text:_pconv_f)
                  00004c76    00000054                                   : _ltoa.c.obj (.text:__TI_ltoa)
                  00004cca    00000052                                   : _printfi.c.obj (.text:_ecpy)
                  00004d1c    0000004c                                   : atoi.c.obj (.text:atoi)
                  00004d68    00000048                                   : fd_toi_t2.asm.obj (.text)
                  00004db0    00000044                                   : autoinit.c.obj (.text:__TI_auto_init_nobinit_nopinit:__TI_auto_init_nobinit_nopinit)
                  00004df4    00000040                                   : sprintf.c.obj (.text:sprintf)
                  00004e34    0000003e                                   : _printfi.c.obj (.text:_fcpy)
                  00004e72    00000002     --HOLE-- [fill = 0]
                  00004e74    00000034                                   : boot_cortex_m.c.obj (.text:_c_int00_noargs:_c_int00_noargs)
                  00004ea8    0000002e                                   : i_tofd_t2.asm.obj (.text)
                  00004ed6    00000024     wait.obj (.text)
                  00004efa    0000001c     rtsv7M4_T_le_v4SPD16_eabi.lib : copy_zero_init.c.obj (.text:decompress:ZI:__TI_zero_init_nomemset:__TI_zero_init_nomemset)
                  00004f16    0000001c                                   : memccpy.c.obj (.text:memccpy)
                  00004f32    0000001a                                   : s_copysign.c.obj (.text:copysign)
                  00004f4c    00000018                                   : sprintf.c.obj (.text:_outs)
                  00004f64    00000018                                   : strcmp.c.obj (.text:strcmp)
                  00004f7c    00000016                                   : strchr.c.obj (.text:strchr)
                  00004f92    00000014                                   : strcpy.c.obj (.text:strcpy)
                  00004fa6    00000014                                   : strlen.c.obj (.text:strlen)
                  00004fba    00000012                                   : wcslen.c.obj (.text:wcslen)
                  00004fcc    00000010     clock.obj (.text)
                  00004fdc    0000000e     rtsv7M4_T_le_v4SPD16_eabi.lib : copy_decompress_none.c.obj (.text:decompress:none:__TI_decompress_none)
                  00004fea    0000000c     tm4c123gh6pm_startup_ccs.obj (.text)
                  00004ff6    0000000a     rtsv7M4_T_le_v4SPD16_eabi.lib : sprintf.c.obj (.text:_outc)
                  00005000    00000008                                   : errno.c.obj (.text:__aeabi_errno_addr)
                  00005008    00000004                                   : pre_init.c.obj (.text:_system_pre_init)
                  0000500c    00000004                                   : exit.c.obj (.text:abort:abort)

.const     0    00005010    00000109     
                  00005010    00000101     rtsv7M4_T_le_v4SPD16_eabi.lib : ctype.c.obj (.const:.string:_ctypes_)
                  00005111    00000004     ethernet.obj (.const:.string:$P$T0$1)
                  00005115    00000004     ethernet.obj (.const:.string:$P$T1$2)

.cinit     0    00005120    00000048     
                  00005120    00000023     (.cinit..data.load) [load image, compression = lzss]
                  00005143    00000001     --HOLE-- [fill = 0]
                  00005144    0000000c     (__TI_handler_table)
                  00005150    00000008     (.cinit..bss.load) [load image, compression = zero_init]
                  00005158    00000010     (__TI_cinit_table)

.init_array 
*          0    00000000    00000000     UNINITIALIZED

.bss       0    20001000    00000125     UNINITIALIZED
                  20001000    00000064     (.common:chartxBuffer)
                  20001064    00000064     (.common:message)
                  200010c8    00000050     (.common:topic)
                  20001118    00000004     (.common:message1)
                  2000111c    00000004     (.common:mqtt_ip)
                  20001120    00000004     (.common:topic1)
                  20001124    00000001     (.common:check_state)

.data      0    20001128    00000040     UNINITIALIZED
                  20001128    00000024     ethernet.obj (.data)
                  2000114c    00000006     eth0.obj (.data:macAddress)
                  20001152    00000004     eth0.obj (.data)
                  20001156    00000004     eth0.obj (.data:ipAddress)
                  2000115a    00000004     eth0.obj (.data:ipGwAddress)
                  2000115e    00000004     eth0.obj (.data:ipSubnetMask)
                  20001162    00000002     uart_input.obj (.data)
                  20001164    00000004     rtsv7M4_T_le_v4SPD16_eabi.lib : errno.c.obj (.data)

.stack     0    20000000    00001000     UNINITIALIZED
                  20000000    00000004     rtsv7M4_T_le_v4SPD16_eabi.lib : boot_cortex_m.c.obj (.stack)
                  20000004    00000ffc     --HOLE--

__llvm_prf_cnts 
*          0    20000000    00000000     UNINITIALIZED

MODULE SUMMARY

       Module                         code    ro data   rw data
       ------                         ----    -------   -------
    ./
       eth0.obj                       5048    0         22     
       ethernet.obj                   3144    8         329    
       gpio.obj                       1984    0         0      
       uart_input.obj                 1118    0         2      
       tm4c123gh6pm_startup_ccs.obj   12      620       0      
       spi0.obj                       352     0         0      
       uart0.obj                      292     0         0      
       eeprom.obj                     128     0         0      
       wait.obj                       36      0         0      
       clock.obj                      16      0         0      
    +--+------------------------------+-------+---------+---------+
       Total:                         12130   628       353    
                                                               
    /Applications/ti/ccs1011/ccs/tools/compiler/ti-cgt-arm_20.2.1.LTS/lib/rtsv7M4_T_le_v4SPD16_eabi.lib
       _printfi.c.obj                 4851    0         0      
       fd_add_t2.asm.obj              438     0         0      
       fd_div_t2.asm.obj              310     0         0      
       s_scalbn.c.obj                 272     0         0      
       fd_cmp_t2.asm.obj              268     0         0      
       ctype.c.obj                    0       257       0      
       fd_mul_t2.asm.obj              252     0         0      
       memcpy_t2.asm.obj              156     0         0      
       ull_div_t2.asm.obj             150     0         0      
       memset_t2.asm.obj              122     0         0      
       copy_decompress_lzss.c.obj     104     0         0      
       s_frexp.c.obj                  100     0         0      
       sprintf.c.obj                  98      0         0      
       _ltoa.c.obj                    84      0         0      
       atoi.c.obj                     76      0         0      
       fd_toi_t2.asm.obj              72      0         0      
       autoinit.c.obj                 68      0         0      
       boot_cortex_m.c.obj            52      0         0      
       i_tofd_t2.asm.obj              46      0         0      
       copy_zero_init.c.obj           28      0         0      
       memccpy.c.obj                  28      0         0      
       s_copysign.c.obj               26      0         0      
       strcmp.c.obj                   24      0         0      
       strchr.c.obj                   22      0         0      
       strcpy.c.obj                   20      0         0      
       strlen.c.obj                   20      0         0      
       wcslen.c.obj                   18      0         0      
       copy_decompress_none.c.obj     14      0         0      
       errno.c.obj                    8       0         4      
       exit.c.obj                     4       0         0      
       pre_init.c.obj                 4       0         0      
       div0.asm.obj                   2       0         0      
    +--+------------------------------+-------+---------+---------+
       Total:                         7737    257       4      
                                                               
       Stack:                         0       0         4096   
       Linker Generated:              0       71        0      
    +--+------------------------------+-------+---------+---------+
       Grand Total:                   19867   956       4453   


LINKER GENERATED COPY TABLES

__TI_cinit_table @ 00005158 records: 2, size/record: 8, table size: 16
	.data: load addr=00005120, load size=00000023 bytes, run addr=20001128, run size=00000040 bytes, compression=lzss
	.bss: load addr=00005150, load size=00000008 bytes, run addr=20001000, run size=00000125 bytes, compression=zero_init


LINKER GENERATED HANDLER TABLE

__TI_handler_table @ 00005144 records: 3, size/record: 4, table size: 12
	index: 0, handler: __TI_decompress_lzss
	index: 1, handler: __TI_decompress_none
	index: 2, handler: __TI_zero_init


GLOBAL SYMBOLS: SORTED ALPHABETICALLY BY Name 

address   name                          
-------   ----                          
20001130  BUFFER_LENGTH                 
0000500d  C$$EXIT                       
000018ff  MQTTremaininglength           
20001128  ReadIndex                     
00004feb  ResetISR                      
20001144  SENDACK                       
2000112c  WriteIndex                    
20001000  __STACK_END                   
00001000  __STACK_SIZE                  
20000200  __STACK_TOP                   
00005158  __TI_CINIT_Base               
00005168  __TI_CINIT_Limit              
00005144  __TI_Handler_Table_Base       
00005150  __TI_Handler_Table_Limit      
00004db1  __TI_auto_init_nobinit_nopinit
00004b55  __TI_decompress_lzss          
00004fdd  __TI_decompress_none          
00004c77  __TI_ltoa                     
ffffffff  __TI_pprof_out_hndl           
0000226d  __TI_printfi                  
ffffffff  __TI_prof_data_size           
ffffffff  __TI_prof_data_start          
00000000  __TI_static_base__            
00004efb  __TI_zero_init_nomemset       
000048e1  __aeabi_cdcmpeq               
000048e1  __aeabi_cdcmple               
00004967  __aeabi_cdrcmple              
00004d69  __aeabi_d2iz                  
00003d27  __aeabi_dadd                  
00004171  __aeabi_ddiv                  
00004601  __aeabi_dmul                  
00003d1d  __aeabi_dsub                  
00005001  __aeabi_errno_addr            
00004ea9  __aeabi_i2d                   
00002cbb  __aeabi_idiv0                 
00002cbb  __aeabi_ldiv0                 
00004a6d  __aeabi_memclr                
00004a6d  __aeabi_memclr4               
00004a6d  __aeabi_memclr8               
000047af  __aeabi_memcpy                
000047af  __aeabi_memcpy4               
000047af  __aeabi_memcpy8               
00004a6f  __aeabi_memset                
00004a6f  __aeabi_memset4               
00004a6f  __aeabi_memset8               
0000484b  __aeabi_uldivmod              
ffffffff  __binit__                     
ffffffff  __c_args__                    
UNDEFED   __mpu_init                    
20000000  __stack                       
20000000  __start___llvm_prf_cnts       
20000000  __stop___llvm_prf_cnts        
00004e75  _c_int00_noargs               
00005010  _ctypes_                      
UNDEFED   _system_post_cinit            
00005009  _system_pre_init              
0000500d  abort                         
2000113c  acknum                        
00004d1d  atoi                          
ffffffff  binit                         
20001000  chartxBuffer                  
00001899  checkCommand                  
20001124  check_state                   
00004f33  copysign                      
00004f33  copysignl                     
20001148  data_length                   
20001155  dhcpEnabled                   
000032ed  disablePinInterrupt           
00003025  disablePinPulldown            
00002fdd  disablePinPullup              
00002d79  disablePort                   
00001659  displayConnectionInfo         
000017fb  displayUart0                  
2000114a  eeprom_address                
000032c9  enablePinInterrupt            
00003001  enablePinPulldown             
00002faf  enablePinPullup               
00002cbd  enablePort                    
20001164  errno                         
00000b51  etherCalcIpChecksum           
00000539  etherClearReg                 
00000491  etherCsOff                    
0000047b  etherCsOn                     
000013c7  etherDisableDhcpMode          
000013bf  etherEnableDhcpMode           
000013a9  etherGetId                    
00001439  etherGetIpAddress             
0000151d  etherGetIpGatewayAddress      
000014ab  etherGetIpSubnetMask          
00001599  etherGetMacAddress            
000008b7  etherGetPacket                
000011db  etherGetUdpData               
000013b5  etherIncId                    
00000689  etherInit                     
00000e15  etherIsArpRequest             
00000eb3  etherIsArpResponse            
0000086d  etherIsDataAvailable          
000013cf  etherIsDhcpEnabled            
00000be5  etherIsIp                     
00000c55  etherIsIpUnicast              
000013d5  etherIsIpValid                
00000853  etherIsLinkUp                 
00000887  etherIsOverflow               
00000cb9  etherIsPingRequest            
00001133  etherIsUdp                    
000009a9  etherPutPacket                
00000671  etherReadMem                  
0000065f  etherReadMemStart             
00000681  etherReadMemStop              
000005c5  etherReadPhy                  
000004d3  etherReadReg                  
00001025  etherSendArpRequest           
00000f55  etherSendArpResponse          
00000d05  etherSendPingResponse         
0000120d  etherSendUdpResponse          
0000056d  etherSetBank                  
00001401  etherSetIpAddress             
000014e5  etherSetIpGatewayAddress      
00001473  etherSetIpSubnetMask          
00001557  etherSetMacAddress            
00000505  etherSetReg                   
00000a8f  etherSumWords                 
00000643  etherWriteMem                 
00000631  etherWriteMemStart            
00000657  etherWriteMemStop             
00000589  etherWritePhy                 
0000049f  etherWriteReg                 
20001140  flag                          
00004bbd  frexp                         
00004bbd  frexpl                        
00000000  g_pfnVectors                  
00000b15  getEtherChecksum              
0000357f  getFieldInteger               
000034f9  getFieldString                
00003337  getPinValue                   
000033ed  getPortValue                  
0000449f  getcUart0                     
00003875  getsUart0                     
00000bad  htonl                         
00000b89  htons                         
000049ed  initEeprom                    
00001625  initHw                        
00003ed5  initSpi0                      
00004fcd  initSystemClockTo40Mhz        
000043cd  initUart0                     
20001156  ipAddress                     
2000115a  ipGwAddress                   
2000115e  ipSubnetMask                  
0000347d  isCommand                     
000044b3  kbhitUart0                    
000044f1  ldexp                         
000044f1  ldexpl                        
2000114c  macAddress                    
000019d1  main                          
00004f17  memccpy                       
000047af  memcpy                        
00004a75  memset                        
20001064  message                       
20001118  message1                      
20001136  message_size                  
2000111c  mqtt_ip                       
20001152  nextPacketLsb                 
20001153  nextPacketMsb                 
000035fd  parseFields                   
00004457  putcUart0                     
00004473  putsUart0                     
00004a31  readEeprom                    
0000400d  readSpi0Data                  
000044f1  scalbn                        
000044f1  scalbnl                       
00002ee3  selectPinAnalogInput          
00002e95  selectPinDigitalInput         
000031ff  selectPinInterruptBothEdges   
000031af  selectPinInterruptFallingEdge 
00003255  selectPinInterruptHighLevel   
0000328f  selectPinInterruptLowLevel    
0000315f  selectPinInterruptRisingEdge  
00002e47  selectPinOpenDrainOutput      
00002df9  selectPinPushPullOutput       
0000026d  sendTCP                       
20001154  sequenceId                    
20001138  sequencenum                   
0000304d  setPinAuxFunction             
00002f33  setPinCommitControl           
00003311  setPinValue                   
00003369  setPortValue                  
00003f71  setSpi0BaudRate               
00003fa7  setSpi0Mode                   
00004417  setUart0BaudRate              
00004df5  sprintf                       
20001162  strLength                     
00004f7d  strchr                        
00004f65  strcmp                        
00004f93  strcpy                        
00004fa7  strlen                        
200010c8  topic                         
20001120  topic1                        
20001134  topic_size                    
00004ed7  waitMicrosecond               
00004fbb  wcslen                        
00004a03  writeEeprom                   
00003ff5  writeSpi0Data                 


GLOBAL SYMBOLS: SORTED BY Symbol Address 

address   name                          
-------   ----                          
00000000  __TI_static_base__            
00000000  g_pfnVectors                  
0000026d  sendTCP                       
0000047b  etherCsOn                     
00000491  etherCsOff                    
0000049f  etherWriteReg                 
000004d3  etherReadReg                  
00000505  etherSetReg                   
00000539  etherClearReg                 
0000056d  etherSetBank                  
00000589  etherWritePhy                 
000005c5  etherReadPhy                  
00000631  etherWriteMemStart            
00000643  etherWriteMem                 
00000657  etherWriteMemStop             
0000065f  etherReadMemStart             
00000671  etherReadMem                  
00000681  etherReadMemStop              
00000689  etherInit                     
00000853  etherIsLinkUp                 
0000086d  etherIsDataAvailable          
00000887  etherIsOverflow               
000008b7  etherGetPacket                
000009a9  etherPutPacket                
00000a8f  etherSumWords                 
00000b15  getEtherChecksum              
00000b51  etherCalcIpChecksum           
00000b89  htons                         
00000bad  htonl                         
00000be5  etherIsIp                     
00000c55  etherIsIpUnicast              
00000cb9  etherIsPingRequest            
00000d05  etherSendPingResponse         
00000e15  etherIsArpRequest             
00000eb3  etherIsArpResponse            
00000f55  etherSendArpResponse          
00001000  __STACK_SIZE                  
00001025  etherSendArpRequest           
00001133  etherIsUdp                    
000011db  etherGetUdpData               
0000120d  etherSendUdpResponse          
000013a9  etherGetId                    
000013b5  etherIncId                    
000013bf  etherEnableDhcpMode           
000013c7  etherDisableDhcpMode          
000013cf  etherIsDhcpEnabled            
000013d5  etherIsIpValid                
00001401  etherSetIpAddress             
00001439  etherGetIpAddress             
00001473  etherSetIpSubnetMask          
000014ab  etherGetIpSubnetMask          
000014e5  etherSetIpGatewayAddress      
0000151d  etherGetIpGatewayAddress      
00001557  etherSetMacAddress            
00001599  etherGetMacAddress            
00001625  initHw                        
00001659  displayConnectionInfo         
000017fb  displayUart0                  
00001899  checkCommand                  
000018ff  MQTTremaininglength           
000019d1  main                          
0000226d  __TI_printfi                  
00002cbb  __aeabi_idiv0                 
00002cbb  __aeabi_ldiv0                 
00002cbd  enablePort                    
00002d79  disablePort                   
00002df9  selectPinPushPullOutput       
00002e47  selectPinOpenDrainOutput      
00002e95  selectPinDigitalInput         
00002ee3  selectPinAnalogInput          
00002f33  setPinCommitControl           
00002faf  enablePinPullup               
00002fdd  disablePinPullup              
00003001  enablePinPulldown             
00003025  disablePinPulldown            
0000304d  setPinAuxFunction             
0000315f  selectPinInterruptRisingEdge  
000031af  selectPinInterruptFallingEdge 
000031ff  selectPinInterruptBothEdges   
00003255  selectPinInterruptHighLevel   
0000328f  selectPinInterruptLowLevel    
000032c9  enablePinInterrupt            
000032ed  disablePinInterrupt           
00003311  setPinValue                   
00003337  getPinValue                   
00003369  setPortValue                  
000033ed  getPortValue                  
0000347d  isCommand                     
000034f9  getFieldString                
0000357f  getFieldInteger               
000035fd  parseFields                   
00003875  getsUart0                     
00003d1d  __aeabi_dsub                  
00003d27  __aeabi_dadd                  
00003ed5  initSpi0                      
00003f71  setSpi0BaudRate               
00003fa7  setSpi0Mode                   
00003ff5  writeSpi0Data                 
0000400d  readSpi0Data                  
00004171  __aeabi_ddiv                  
000043cd  initUart0                     
00004417  setUart0BaudRate              
00004457  putcUart0                     
00004473  putsUart0                     
0000449f  getcUart0                     
000044b3  kbhitUart0                    
000044f1  ldexp                         
000044f1  ldexpl                        
000044f1  scalbn                        
000044f1  scalbnl                       
00004601  __aeabi_dmul                  
000047af  __aeabi_memcpy                
000047af  __aeabi_memcpy4               
000047af  __aeabi_memcpy8               
000047af  memcpy                        
0000484b  __aeabi_uldivmod              
000048e1  __aeabi_cdcmpeq               
000048e1  __aeabi_cdcmple               
00004967  __aeabi_cdrcmple              
000049ed  initEeprom                    
00004a03  writeEeprom                   
00004a31  readEeprom                    
00004a6d  __aeabi_memclr                
00004a6d  __aeabi_memclr4               
00004a6d  __aeabi_memclr8               
00004a6f  __aeabi_memset                
00004a6f  __aeabi_memset4               
00004a6f  __aeabi_memset8               
00004a75  memset                        
00004b55  __TI_decompress_lzss          
00004bbd  frexp                         
00004bbd  frexpl                        
00004c77  __TI_ltoa                     
00004d1d  atoi                          
00004d69  __aeabi_d2iz                  
00004db1  __TI_auto_init_nobinit_nopinit
00004df5  sprintf                       
00004e75  _c_int00_noargs               
00004ea9  __aeabi_i2d                   
00004ed7  waitMicrosecond               
00004efb  __TI_zero_init_nomemset       
00004f17  memccpy                       
00004f33  copysign                      
00004f33  copysignl                     
00004f65  strcmp                        
00004f7d  strchr                        
00004f93  strcpy                        
00004fa7  strlen                        
00004fbb  wcslen                        
00004fcd  initSystemClockTo40Mhz        
00004fdd  __TI_decompress_none          
00004feb  ResetISR                      
00005001  __aeabi_errno_addr            
00005009  _system_pre_init              
0000500d  C$$EXIT                       
0000500d  abort                         
00005010  _ctypes_                      
00005144  __TI_Handler_Table_Base       
00005150  __TI_Handler_Table_Limit      
00005158  __TI_CINIT_Base               
00005168  __TI_CINIT_Limit              
20000000  __stack                       
20000000  __start___llvm_prf_cnts       
20000000  __stop___llvm_prf_cnts        
20000200  __STACK_TOP                   
20001000  __STACK_END                   
20001000  chartxBuffer                  
20001064  message                       
200010c8  topic                         
20001118  message1                      
2000111c  mqtt_ip                       
20001120  topic1                        
20001124  check_state                   
20001128  ReadIndex                     
2000112c  WriteIndex                    
20001130  BUFFER_LENGTH                 
20001134  topic_size                    
20001136  message_size                  
20001138  sequencenum                   
2000113c  acknum                        
20001140  flag                          
20001144  SENDACK                       
20001148  data_length                   
2000114a  eeprom_address                
2000114c  macAddress                    
20001152  nextPacketLsb                 
20001153  nextPacketMsb                 
20001154  sequenceId                    
20001155  dhcpEnabled                   
20001156  ipAddress                     
2000115a  ipGwAddress                   
2000115e  ipSubnetMask                  
20001162  strLength                     
20001164  errno                         
ffffffff  __TI_pprof_out_hndl           
ffffffff  __TI_prof_data_size           
ffffffff  __TI_prof_data_start          
ffffffff  __binit__                     
ffffffff  __c_args__                    
ffffffff  binit                         
UNDEFED   __mpu_init                    
UNDEFED   _system_post_cinit            

[202 symbols]
