******************************************************************************
                  TI ARM Linker Unix v20.2.1                   
******************************************************************************
>> Linked Tue Mar  9 21:28:02 2021

OUTPUT FILE NAME:   <IOT_project1.out>
ENTRY POINT SYMBOL: "_c_int00_noargs"  address: 000045f5


MEMORY CONFIGURATION

         name            origin    length      used     unused   attr    fill
----------------------  --------  ---------  --------  --------  ----  --------
  FLASH                 00000000   00040000  000048c5  0003b73b  R  X
  SRAM                  20000000   00008000  00001090  00006f70  RW X


SEGMENT ALLOCATION MAP

run origin  load origin   length   init length attrs members
----------  ----------- ---------- ----------- ----- -------
00000000    00000000    000048c8   000048c8    r-x
  00000000    00000000    0000026c   0000026c    r-- .intvecs
  0000026c    0000026c    00004510   00004510    r-x .text
  0000477c    0000477c    00000101   00000101    r-- .const
  00004880    00004880    00000048   00000048    r-- .cinit
20000000    20000000    00001090   00000000    rw-
  20000000    20000000    00001000   00000000    rw- .stack
  20001000    20001000    00000068   00000000    rw- .bss
  20001068    20001068    00000028   00000000    rw- .data


SECTION ALLOCATION MAP

 output                                  attributes/
section   page    origin      length       input sections
--------  ----  ----------  ----------   ----------------
.intvecs   0    00000000    0000026c     
                  00000000    0000026c     tm4c123gh6pm_startup_ccs.obj (.intvecs)

.text      0    0000026c    00004510     
                  0000026c    00001174     eth0.obj (.text)
                  000013e0    00000a4e     rtsv7M4_T_le_v4SPD16_eabi.lib : _printfi.c.obj (.text:__TI_printfi)
                  00001e2e    00000002                                   : div0.asm.obj (.text)
                  00001e30    000007c0     gpio.obj (.text)
                  000025f0    000006ac     ethernet.obj (.text)
                  00002c9c    00000440     uart_input.obj (.text)
                  000030dc    00000270     rtsv7M4_T_le_v4SPD16_eabi.lib : _printfi.c.obj (.text:_pconv_a)
                  0000334c    000001d0                                   : _printfi.c.obj (.text:_pconv_g)
                  0000351c    000001b6                                   : fd_add_t2.asm.obj (.text)
                  000036d2    00000002     --HOLE-- [fill = 0]
                  000036d4    00000160     spi0.obj (.text)
                  00003834    0000013c     rtsv7M4_T_le_v4SPD16_eabi.lib : _printfi.c.obj (.text:_pconv_e)
                  00003970    00000136                                   : fd_div_t2.asm.obj (.text)
                  00003aa6    00000002     --HOLE-- [fill = 0]
                  00003aa8    00000124                                   : _printfi.c.obj (.text:fcvt)
                  00003bcc    00000124     uart0.obj (.text)
                  00003cf0    00000110     rtsv7M4_T_le_v4SPD16_eabi.lib : s_scalbn.c.obj (.text:scalbn)
                  00003e00    000000fc                                   : fd_mul_t2.asm.obj (.text)
                  00003efc    000000b1                                   : _printfi.c.obj (.text:_ltostr)
                  00003fad    00000001     --HOLE-- [fill = 0]
                  00003fae    0000009c                                   : memcpy_t2.asm.obj (.text)
                  0000404a    00000096                                   : ull_div_t2.asm.obj (.text)
                  000040e0    00000086                                   : fd_cmp_t2.asm.obj (.text:__aeabi_cdcmple)
                  00004166    00000086                                   : fd_cmp_t2.asm.obj (.text:__aeabi_cdrcmple)
                  000041ec    0000007a                                   : memset_t2.asm.obj (.text)
                  00004266    0000006e                                   : _printfi.c.obj (.text:_mcpy)
                  000042d4    00000068                                   : copy_decompress_lzss.c.obj (.text:decompress:lzss:__TI_decompress_lzss)
                  0000433c    00000064                                   : s_frexp.c.obj (.text:frexp)
                  000043a0    00000056                                   : _printfi.c.obj (.text:_pconv_f)
                  000043f6    00000054                                   : _ltoa.c.obj (.text:__TI_ltoa)
                  0000444a    00000052                                   : _printfi.c.obj (.text:_ecpy)
                  0000449c    0000004c                                   : atoi.c.obj (.text:atoi)
                  000044e8    00000048                                   : fd_toi_t2.asm.obj (.text)
                  00004530    00000044                                   : autoinit.c.obj (.text:__TI_auto_init_nobinit_nopinit:__TI_auto_init_nobinit_nopinit)
                  00004574    00000040                                   : sprintf.c.obj (.text:sprintf)
                  000045b4    0000003e                                   : _printfi.c.obj (.text:_fcpy)
                  000045f2    00000002     --HOLE-- [fill = 0]
                  000045f4    00000034                                   : boot_cortex_m.c.obj (.text:_c_int00_noargs:_c_int00_noargs)
                  00004628    0000002e                                   : i_tofd_t2.asm.obj (.text)
                  00004656    00000024     wait.obj (.text)
                  0000467a    0000001c     rtsv7M4_T_le_v4SPD16_eabi.lib : copy_zero_init.c.obj (.text:decompress:ZI:__TI_zero_init_nomemset:__TI_zero_init_nomemset)
                  00004696    0000001c                                   : memccpy.c.obj (.text:memccpy)
                  000046b2    0000001a                                   : s_copysign.c.obj (.text:copysign)
                  000046cc    00000018                                   : sprintf.c.obj (.text:_outs)
                  000046e4    00000018                                   : strcmp.c.obj (.text:strcmp)
                  000046fc    00000016                                   : strchr.c.obj (.text:strchr)
                  00004712    00000014                                   : strlen.c.obj (.text:strlen)
                  00004726    00000012                                   : wcslen.c.obj (.text:wcslen)
                  00004738    00000010     clock.obj (.text)
                  00004748    0000000e     rtsv7M4_T_le_v4SPD16_eabi.lib : copy_decompress_none.c.obj (.text:decompress:none:__TI_decompress_none)
                  00004756    0000000c     tm4c123gh6pm_startup_ccs.obj (.text)
                  00004762    0000000a     rtsv7M4_T_le_v4SPD16_eabi.lib : sprintf.c.obj (.text:_outc)
                  0000476c    00000008                                   : errno.c.obj (.text:__aeabi_errno_addr)
                  00004774    00000004                                   : pre_init.c.obj (.text:_system_pre_init)
                  00004778    00000004                                   : exit.c.obj (.text:abort:abort)

.const     0    0000477c    00000101     
                  0000477c    00000101     rtsv7M4_T_le_v4SPD16_eabi.lib : ctype.c.obj (.const:.string:_ctypes_)

.cinit     0    00004880    00000048     
                  00004880    0000001d     (.cinit..data.load) [load image, compression = lzss]
                  0000489d    00000003     --HOLE-- [fill = 0]
                  000048a0    0000000c     (__TI_handler_table)
                  000048ac    00000004     --HOLE-- [fill = 0]
                  000048b0    00000008     (.cinit..bss.load) [load image, compression = zero_init]
                  000048b8    00000010     (__TI_cinit_table)

.init_array 
*          0    00000000    00000000     UNINITIALIZED

.bss       0    20001000    00000068     UNINITIALIZED
                  20001000    00000064     (.common:chartxBuffer)
                  20001064    00000004     (.common:mqtt_ip)

.data      0    20001068    00000028     UNINITIALIZED
                  20001068    0000000c     ethernet.obj (.data)
                  20001074    00000006     eth0.obj (.data:macAddress)
                  2000107a    00000004     eth0.obj (.data)
                  2000107e    00000004     eth0.obj (.data:ipAddress)
                  20001082    00000004     eth0.obj (.data:ipGwAddress)
                  20001086    00000004     eth0.obj (.data:ipSubnetMask)
                  2000108a    00000002     --HOLE--
                  2000108c    00000004     rtsv7M4_T_le_v4SPD16_eabi.lib : errno.c.obj (.data)

.stack     0    20000000    00001000     UNINITIALIZED
                  20000000    00000004     rtsv7M4_T_le_v4SPD16_eabi.lib : boot_cortex_m.c.obj (.stack)
                  20000004    00000ffc     --HOLE--

__llvm_prf_cnts 
*          0    20000000    00000000     UNINITIALIZED

MODULE SUMMARY

       Module                         code    ro data   rw data
       ------                         ----    -------   -------
    ./
       eth0.obj                       4468    0         22     
       gpio.obj                       1984    0         0      
       ethernet.obj                   1708    0         116    
       uart_input.obj                 1088    0         0      
       tm4c123gh6pm_startup_ccs.obj   12      620       0      
       spi0.obj                       352     0         0      
       uart0.obj                      292     0         0      
       wait.obj                       36      0         0      
       clock.obj                      16      0         0      
    +--+------------------------------+-------+---------+---------+
       Total:                         9956    620       138    
                                                               
    /Applications/ti/ccs1011/ccs/tools/compiler/ti-cgt-arm_20.2.1.LTS/lib/rtsv7M4_T_le_v4SPD16_eabi.lib
       _printfi.c.obj                 4851    0         0      
       fd_add_t2.asm.obj              438     0         0      
       fd_div_t2.asm.obj              310     0         0      
       s_scalbn.c.obj                 272     0         0      
       fd_cmp_t2.asm.obj              268     0         0      
       ctype.c.obj                    0       257       0      
       fd_mul_t2.asm.obj              252     0         0      
       memcpy_t2.asm.obj              156     0         0      
       ull_div_t2.asm.obj             150     0         0      
       memset_t2.asm.obj              122     0         0      
       copy_decompress_lzss.c.obj     104     0         0      
       s_frexp.c.obj                  100     0         0      
       sprintf.c.obj                  98      0         0      
       _ltoa.c.obj                    84      0         0      
       atoi.c.obj                     76      0         0      
       fd_toi_t2.asm.obj              72      0         0      
       autoinit.c.obj                 68      0         0      
       boot_cortex_m.c.obj            52      0         0      
       i_tofd_t2.asm.obj              46      0         0      
       copy_zero_init.c.obj           28      0         0      
       memccpy.c.obj                  28      0         0      
       s_copysign.c.obj               26      0         0      
       strcmp.c.obj                   24      0         0      
       strchr.c.obj                   22      0         0      
       strlen.c.obj                   20      0         0      
       wcslen.c.obj                   18      0         0      
       copy_decompress_none.c.obj     14      0         0      
       errno.c.obj                    8       0         4      
       exit.c.obj                     4       0         0      
       pre_init.c.obj                 4       0         0      
       div0.asm.obj                   2       0         0      
    +--+------------------------------+-------+---------+---------+
       Total:                         7717    257       4      
                                                               
       Stack:                         0       0         4096   
       Linker Generated:              0       65        0      
    +--+------------------------------+-------+---------+---------+
       Grand Total:                   17673   942       4238   


LINKER GENERATED COPY TABLES

__TI_cinit_table @ 000048b8 records: 2, size/record: 8, table size: 16
	.data: load addr=00004880, load size=0000001d bytes, run addr=20001068, run size=00000028 bytes, compression=lzss
	.bss: load addr=000048b0, load size=00000008 bytes, run addr=20001000, run size=00000068 bytes, compression=zero_init


LINKER GENERATED HANDLER TABLE

__TI_handler_table @ 000048a0 records: 3, size/record: 4, table size: 12
	index: 0, handler: __TI_decompress_lzss
	index: 1, handler: __TI_decompress_none
	index: 2, handler: __TI_zero_init


GLOBAL SYMBOLS: SORTED ALPHABETICALLY BY Name 

address   name                          
-------   ----                          
20001070  BUFFER_LENGTH                 
00004779  C$$EXIT                       
20001068  ReadIndex                     
00004757  ResetISR                      
2000106c  WriteIndex                    
20001000  __STACK_END                   
00001000  __STACK_SIZE                  
20000200  __STACK_TOP                   
000048b8  __TI_CINIT_Base               
000048c8  __TI_CINIT_Limit              
000048a0  __TI_Handler_Table_Base       
000048ac  __TI_Handler_Table_Limit      
00004531  __TI_auto_init_nobinit_nopinit
000042d5  __TI_decompress_lzss          
00004749  __TI_decompress_none          
000043f7  __TI_ltoa                     
ffffffff  __TI_pprof_out_hndl           
000013e1  __TI_printfi                  
ffffffff  __TI_prof_data_size           
ffffffff  __TI_prof_data_start          
00000000  __TI_static_base__            
0000467b  __TI_zero_init_nomemset       
000040e1  __aeabi_cdcmpeq               
000040e1  __aeabi_cdcmple               
00004167  __aeabi_cdrcmple              
000044e9  __aeabi_d2iz                  
00003527  __aeabi_dadd                  
00003971  __aeabi_ddiv                  
00003e01  __aeabi_dmul                  
0000351d  __aeabi_dsub                  
0000476d  __aeabi_errno_addr            
00004629  __aeabi_i2d                   
00001e2f  __aeabi_idiv0                 
00001e2f  __aeabi_ldiv0                 
000041ed  __aeabi_memclr                
000041ed  __aeabi_memclr4               
000041ed  __aeabi_memclr8               
00003faf  __aeabi_memcpy                
00003faf  __aeabi_memcpy4               
00003faf  __aeabi_memcpy8               
000041ef  __aeabi_memset                
000041ef  __aeabi_memset4               
000041ef  __aeabi_memset8               
0000404b  __aeabi_uldivmod              
ffffffff  __binit__                     
ffffffff  __c_args__                    
UNDEFED   __mpu_init                    
20000000  __stack                       
20000000  __start___llvm_prf_cnts       
20000000  __stop___llvm_prf_cnts        
000045f5  _c_int00_noargs               
0000477c  _ctypes_                      
UNDEFED   _system_post_cinit            
00004775  _system_pre_init              
00004779  abort                         
0000449d  atoi                          
ffffffff  binit                         
20001000  chartxBuffer                  
00002865  checkCommand                  
000046b3  copysign                      
000046b3  copysignl                     
2000107d  dhcpEnabled                   
00002461  disablePinInterrupt           
00002199  disablePinPulldown            
00002151  disablePinPullup              
00001eed  disablePort                   
00002625  displayConnectionInfo         
000027c7  displayUart0                  
0000243d  enablePinInterrupt            
00002175  enablePinPulldown             
00002123  enablePinPullup               
00001e31  enablePort                    
2000108c  errno                         
0000093d  etherCalcIpChecksum           
0000032b  etherClearReg                 
00000283  etherCsOff                    
0000026d  etherCsOn                     
00001183  etherDisableDhcpMode          
0000117b  etherEnableDhcpMode           
00001165  etherGetId                    
000011f5  etherGetIpAddress             
000012d9  etherGetIpGatewayAddress      
00001267  etherGetIpSubnetMask          
00001355  etherGetMacAddress            
000006a3  etherGetPacket                
00000f97  etherGetUdpData               
00001171  etherIncId                    
00000477  etherInit                     
00000bd1  etherIsArpRequest             
00000c6f  etherIsArpResponse            
00000659  etherIsDataAvailable          
0000118b  etherIsDhcpEnabled            
00000999  etherIsIp                     
00000a11  etherIsIpUnicast              
00001191  etherIsIpValid                
0000063f  etherIsLinkUp                 
00000673  etherIsOverflow               
00000a75  etherIsPingRequest            
00000eef  etherIsUdp                    
00000795  etherPutPacket                
0000045f  etherReadMem                  
0000044d  etherReadMemStart             
0000046f  etherReadMemStop              
000003b3  etherReadPhy                  
000002c5  etherReadReg                  
00000de1  etherSendArpRequest           
00000d11  etherSendArpResponse          
00000ac1  etherSendPingResponse         
00000fc9  etherSendUdpResponse          
0000035f  etherSetBank                  
000011bd  etherSetIpAddress             
000012a1  etherSetIpGatewayAddress      
0000122f  etherSetIpSubnetMask          
00001313  etherSetMacAddress            
000002f7  etherSetReg                   
0000087b  etherSumWords                 
00000431  etherWriteMem                 
0000041f  etherWriteMemStart            
00000445  etherWriteMemStop             
0000037b  etherWritePhy                 
00000291  etherWriteReg                 
0000433d  frexp                         
0000433d  frexpl                        
00000000  g_pfnVectors                  
00000901  getEtherChecksum              
00002d85  getFieldInteger               
00002d19  getFieldString                
000024ab  getPinValue                   
00002561  getPortValue                  
00003c9f  getcUart0                     
00003077  getsUart0                     
00000975  htons                         
000025f1  initHw                        
000036d5  initSpi0                      
00004739  initSystemClockTo40Mhz        
00003bcd  initUart0                     
2000107e  ipAddress                     
20001082  ipGwAddress                   
20001086  ipSubnetMask                  
00002c9d  isCommand                     
00003cb3  kbhitUart0                    
00003cf1  ldexp                         
00003cf1  ldexpl                        
20001074  macAddress                    
000029b9  main                          
00004697  memccpy                       
00003faf  memcpy                        
000041f5  memset                        
20001064  mqtt_ip                       
2000107a  nextPacketLsb                 
2000107b  nextPacketMsb                 
00002dff  parseFields                   
00003c57  putcUart0                     
00003c73  putsUart0                     
0000380d  readSpi0Data                  
00003cf1  scalbn                        
00003cf1  scalbnl                       
00002057  selectPinAnalogInput          
00002009  selectPinDigitalInput         
00002373  selectPinInterruptBothEdges   
00002323  selectPinInterruptFallingEdge 
000023c9  selectPinInterruptHighLevel   
00002403  selectPinInterruptLowLevel    
000022d3  selectPinInterruptRisingEdge  
00001fbb  selectPinOpenDrainOutput      
00001f6d  selectPinPushPullOutput       
2000107c  sequenceId                    
000021c1  setPinAuxFunction             
000020a7  setPinCommitControl           
00002485  setPinValue                   
000024dd  setPortValue                  
00003771  setSpi0BaudRate               
000037a7  setSpi0Mode                   
00003c17  setUart0BaudRate              
00004575  sprintf                       
000046fd  strchr                        
000046e5  strcmp                        
00004713  strlen                        
00004657  waitMicrosecond               
00004727  wcslen                        
000037f5  writeSpi0Data                 


GLOBAL SYMBOLS: SORTED BY Symbol Address 

address   name                          
-------   ----                          
00000000  __TI_static_base__            
00000000  g_pfnVectors                  
0000026d  etherCsOn                     
00000283  etherCsOff                    
00000291  etherWriteReg                 
000002c5  etherReadReg                  
000002f7  etherSetReg                   
0000032b  etherClearReg                 
0000035f  etherSetBank                  
0000037b  etherWritePhy                 
000003b3  etherReadPhy                  
0000041f  etherWriteMemStart            
00000431  etherWriteMem                 
00000445  etherWriteMemStop             
0000044d  etherReadMemStart             
0000045f  etherReadMem                  
0000046f  etherReadMemStop              
00000477  etherInit                     
0000063f  etherIsLinkUp                 
00000659  etherIsDataAvailable          
00000673  etherIsOverflow               
000006a3  etherGetPacket                
00000795  etherPutPacket                
0000087b  etherSumWords                 
00000901  getEtherChecksum              
0000093d  etherCalcIpChecksum           
00000975  htons                         
00000999  etherIsIp                     
00000a11  etherIsIpUnicast              
00000a75  etherIsPingRequest            
00000ac1  etherSendPingResponse         
00000bd1  etherIsArpRequest             
00000c6f  etherIsArpResponse            
00000d11  etherSendArpResponse          
00000de1  etherSendArpRequest           
00000eef  etherIsUdp                    
00000f97  etherGetUdpData               
00000fc9  etherSendUdpResponse          
00001000  __STACK_SIZE                  
00001165  etherGetId                    
00001171  etherIncId                    
0000117b  etherEnableDhcpMode           
00001183  etherDisableDhcpMode          
0000118b  etherIsDhcpEnabled            
00001191  etherIsIpValid                
000011bd  etherSetIpAddress             
000011f5  etherGetIpAddress             
0000122f  etherSetIpSubnetMask          
00001267  etherGetIpSubnetMask          
000012a1  etherSetIpGatewayAddress      
000012d9  etherGetIpGatewayAddress      
00001313  etherSetMacAddress            
00001355  etherGetMacAddress            
000013e1  __TI_printfi                  
00001e2f  __aeabi_idiv0                 
00001e2f  __aeabi_ldiv0                 
00001e31  enablePort                    
00001eed  disablePort                   
00001f6d  selectPinPushPullOutput       
00001fbb  selectPinOpenDrainOutput      
00002009  selectPinDigitalInput         
00002057  selectPinAnalogInput          
000020a7  setPinCommitControl           
00002123  enablePinPullup               
00002151  disablePinPullup              
00002175  enablePinPulldown             
00002199  disablePinPulldown            
000021c1  setPinAuxFunction             
000022d3  selectPinInterruptRisingEdge  
00002323  selectPinInterruptFallingEdge 
00002373  selectPinInterruptBothEdges   
000023c9  selectPinInterruptHighLevel   
00002403  selectPinInterruptLowLevel    
0000243d  enablePinInterrupt            
00002461  disablePinInterrupt           
00002485  setPinValue                   
000024ab  getPinValue                   
000024dd  setPortValue                  
00002561  getPortValue                  
000025f1  initHw                        
00002625  displayConnectionInfo         
000027c7  displayUart0                  
00002865  checkCommand                  
000029b9  main                          
00002c9d  isCommand                     
00002d19  getFieldString                
00002d85  getFieldInteger               
00002dff  parseFields                   
00003077  getsUart0                     
0000351d  __aeabi_dsub                  
00003527  __aeabi_dadd                  
000036d5  initSpi0                      
00003771  setSpi0BaudRate               
000037a7  setSpi0Mode                   
000037f5  writeSpi0Data                 
0000380d  readSpi0Data                  
00003971  __aeabi_ddiv                  
00003bcd  initUart0                     
00003c17  setUart0BaudRate              
00003c57  putcUart0                     
00003c73  putsUart0                     
00003c9f  getcUart0                     
00003cb3  kbhitUart0                    
00003cf1  ldexp                         
00003cf1  ldexpl                        
00003cf1  scalbn                        
00003cf1  scalbnl                       
00003e01  __aeabi_dmul                  
00003faf  __aeabi_memcpy                
00003faf  __aeabi_memcpy4               
00003faf  __aeabi_memcpy8               
00003faf  memcpy                        
0000404b  __aeabi_uldivmod              
000040e1  __aeabi_cdcmpeq               
000040e1  __aeabi_cdcmple               
00004167  __aeabi_cdrcmple              
000041ed  __aeabi_memclr                
000041ed  __aeabi_memclr4               
000041ed  __aeabi_memclr8               
000041ef  __aeabi_memset                
000041ef  __aeabi_memset4               
000041ef  __aeabi_memset8               
000041f5  memset                        
000042d5  __TI_decompress_lzss          
0000433d  frexp                         
0000433d  frexpl                        
000043f7  __TI_ltoa                     
0000449d  atoi                          
000044e9  __aeabi_d2iz                  
00004531  __TI_auto_init_nobinit_nopinit
00004575  sprintf                       
000045f5  _c_int00_noargs               
00004629  __aeabi_i2d                   
00004657  waitMicrosecond               
0000467b  __TI_zero_init_nomemset       
00004697  memccpy                       
000046b3  copysign                      
000046b3  copysignl                     
000046e5  strcmp                        
000046fd  strchr                        
00004713  strlen                        
00004727  wcslen                        
00004739  initSystemClockTo40Mhz        
00004749  __TI_decompress_none          
00004757  ResetISR                      
0000476d  __aeabi_errno_addr            
00004775  _system_pre_init              
00004779  C$$EXIT                       
00004779  abort                         
0000477c  _ctypes_                      
000048a0  __TI_Handler_Table_Base       
000048ac  __TI_Handler_Table_Limit      
000048b8  __TI_CINIT_Base               
000048c8  __TI_CINIT_Limit              
20000000  __stack                       
20000000  __start___llvm_prf_cnts       
20000000  __stop___llvm_prf_cnts        
20000200  __STACK_TOP                   
20001000  __STACK_END                   
20001000  chartxBuffer                  
20001064  mqtt_ip                       
20001068  ReadIndex                     
2000106c  WriteIndex                    
20001070  BUFFER_LENGTH                 
20001074  macAddress                    
2000107a  nextPacketLsb                 
2000107b  nextPacketMsb                 
2000107c  sequenceId                    
2000107d  dhcpEnabled                   
2000107e  ipAddress                     
20001082  ipGwAddress                   
20001086  ipSubnetMask                  
2000108c  errno                         
ffffffff  __TI_pprof_out_hndl           
ffffffff  __TI_prof_data_size           
ffffffff  __TI_prof_data_start          
ffffffff  __binit__                     
ffffffff  __c_args__                    
ffffffff  binit                         
UNDEFED   __mpu_init                    
UNDEFED   _system_post_cinit            

[181 symbols]
