******************************************************************************
                  TI ARM Linker Unix v20.2.1                   
******************************************************************************
>> Linked Sat Mar  6 01:40:06 2021

OUTPUT FILE NAME:   <IOT_project1.out>
ENTRY POINT SYMBOL: "_c_int00_noargs"  address: 000044ad


MEMORY CONFIGURATION

         name            origin    length      used     unused   attr    fill
----------------------  --------  ---------  --------  --------  ----  --------
  FLASH                 00000000   00040000  0000477d  0003b883  R  X
  SRAM                  20000000   00008000  00001090  00006f70  RW X


SEGMENT ALLOCATION MAP

run origin  load origin   length   init length attrs members
----------  ----------- ---------- ----------- ----- -------
00000000    00000000    00004780   00004780    r-x
  00000000    00000000    0000026c   0000026c    r-- .intvecs
  0000026c    0000026c    000043c8   000043c8    r-x .text
  00004634    00004634    00000101   00000101    r-- .const
  00004738    00004738    00000048   00000048    r-- .cinit
20000000    20000000    00001090   00000000    rw-
  20000000    20000000    00001000   00000000    rw- .stack
  20001000    20001000    00000068   00000000    rw- .bss
  20001068    20001068    00000028   00000000    rw- .data


SECTION ALLOCATION MAP

 output                                  attributes/
section   page    origin      length       input sections
--------  ----  ----------  ----------   ----------------
.intvecs   0    00000000    0000026c     
                  00000000    0000026c     tm4c123gh6pm_startup_ccs.obj (.intvecs)

.text      0    0000026c    000043c8     
                  0000026c    000010d8     eth0.obj (.text)
                  00001344    00000a4e     rtsv7M4_T_le_v4SPD16_eabi.lib : _printfi.c.obj (.text:__TI_printfi)
                  00001d92    00000002                                   : div0.asm.obj (.text)
                  00001d94    000007c0     gpio.obj (.text)
                  00002554    00000600     ethernet.obj (.text)
                  00002b54    00000440     uart_input.obj (.text)
                  00002f94    00000270     rtsv7M4_T_le_v4SPD16_eabi.lib : _printfi.c.obj (.text:_pconv_a)
                  00003204    000001d0                                   : _printfi.c.obj (.text:_pconv_g)
                  000033d4    000001b6                                   : fd_add_t2.asm.obj (.text)
                  0000358a    00000002     --HOLE-- [fill = 0]
                  0000358c    00000160     spi0.obj (.text)
                  000036ec    0000013c     rtsv7M4_T_le_v4SPD16_eabi.lib : _printfi.c.obj (.text:_pconv_e)
                  00003828    00000136                                   : fd_div_t2.asm.obj (.text)
                  0000395e    00000002     --HOLE-- [fill = 0]
                  00003960    00000124                                   : _printfi.c.obj (.text:fcvt)
                  00003a84    00000124     uart0.obj (.text)
                  00003ba8    00000110     rtsv7M4_T_le_v4SPD16_eabi.lib : s_scalbn.c.obj (.text:scalbn)
                  00003cb8    000000fc                                   : fd_mul_t2.asm.obj (.text)
                  00003db4    000000b1                                   : _printfi.c.obj (.text:_ltostr)
                  00003e65    00000001     --HOLE-- [fill = 0]
                  00003e66    0000009c                                   : memcpy_t2.asm.obj (.text)
                  00003f02    00000096                                   : ull_div_t2.asm.obj (.text)
                  00003f98    00000086                                   : fd_cmp_t2.asm.obj (.text:__aeabi_cdcmple)
                  0000401e    00000086                                   : fd_cmp_t2.asm.obj (.text:__aeabi_cdrcmple)
                  000040a4    0000007a                                   : memset_t2.asm.obj (.text)
                  0000411e    0000006e                                   : _printfi.c.obj (.text:_mcpy)
                  0000418c    00000068                                   : copy_decompress_lzss.c.obj (.text:decompress:lzss:__TI_decompress_lzss)
                  000041f4    00000064                                   : s_frexp.c.obj (.text:frexp)
                  00004258    00000056                                   : _printfi.c.obj (.text:_pconv_f)
                  000042ae    00000054                                   : _ltoa.c.obj (.text:__TI_ltoa)
                  00004302    00000052                                   : _printfi.c.obj (.text:_ecpy)
                  00004354    0000004c                                   : atoi.c.obj (.text:atoi)
                  000043a0    00000048                                   : fd_toi_t2.asm.obj (.text)
                  000043e8    00000044                                   : autoinit.c.obj (.text:__TI_auto_init_nobinit_nopinit:__TI_auto_init_nobinit_nopinit)
                  0000442c    00000040                                   : sprintf.c.obj (.text:sprintf)
                  0000446c    0000003e                                   : _printfi.c.obj (.text:_fcpy)
                  000044aa    00000002     --HOLE-- [fill = 0]
                  000044ac    00000034                                   : boot_cortex_m.c.obj (.text:_c_int00_noargs:_c_int00_noargs)
                  000044e0    0000002e                                   : i_tofd_t2.asm.obj (.text)
                  0000450e    00000024     wait.obj (.text)
                  00004532    0000001c     rtsv7M4_T_le_v4SPD16_eabi.lib : copy_zero_init.c.obj (.text:decompress:ZI:__TI_zero_init_nomemset:__TI_zero_init_nomemset)
                  0000454e    0000001c                                   : memccpy.c.obj (.text:memccpy)
                  0000456a    0000001a                                   : s_copysign.c.obj (.text:copysign)
                  00004584    00000018                                   : sprintf.c.obj (.text:_outs)
                  0000459c    00000018                                   : strcmp.c.obj (.text:strcmp)
                  000045b4    00000016                                   : strchr.c.obj (.text:strchr)
                  000045ca    00000014                                   : strlen.c.obj (.text:strlen)
                  000045de    00000012                                   : wcslen.c.obj (.text:wcslen)
                  000045f0    00000010     clock.obj (.text)
                  00004600    0000000e     rtsv7M4_T_le_v4SPD16_eabi.lib : copy_decompress_none.c.obj (.text:decompress:none:__TI_decompress_none)
                  0000460e    0000000c     tm4c123gh6pm_startup_ccs.obj (.text)
                  0000461a    0000000a     rtsv7M4_T_le_v4SPD16_eabi.lib : sprintf.c.obj (.text:_outc)
                  00004624    00000008                                   : errno.c.obj (.text:__aeabi_errno_addr)
                  0000462c    00000004                                   : pre_init.c.obj (.text:_system_pre_init)
                  00004630    00000004                                   : exit.c.obj (.text:abort:abort)

.const     0    00004634    00000101     
                  00004634    00000101     rtsv7M4_T_le_v4SPD16_eabi.lib : ctype.c.obj (.const:.string:_ctypes_)

.cinit     0    00004738    00000048     
                  00004738    0000001d     (.cinit..data.load) [load image, compression = lzss]
                  00004755    00000003     --HOLE-- [fill = 0]
                  00004758    0000000c     (__TI_handler_table)
                  00004764    00000004     --HOLE-- [fill = 0]
                  00004768    00000008     (.cinit..bss.load) [load image, compression = zero_init]
                  00004770    00000010     (__TI_cinit_table)

.init_array 
*          0    00000000    00000000     UNINITIALIZED

.bss       0    20001000    00000068     UNINITIALIZED
                  20001000    00000064     (.common:chartxBuffer)
                  20001064    00000004     (.common:mqtt_ip)

.data      0    20001068    00000028     UNINITIALIZED
                  20001068    0000000c     ethernet.obj (.data)
                  20001074    00000006     eth0.obj (.data:macAddress)
                  2000107a    00000004     eth0.obj (.data)
                  2000107e    00000004     eth0.obj (.data:ipAddress)
                  20001082    00000004     eth0.obj (.data:ipGwAddress)
                  20001086    00000004     eth0.obj (.data:ipSubnetMask)
                  2000108a    00000002     --HOLE--
                  2000108c    00000004     rtsv7M4_T_le_v4SPD16_eabi.lib : errno.c.obj (.data)

.stack     0    20000000    00001000     UNINITIALIZED
                  20000000    00000004     rtsv7M4_T_le_v4SPD16_eabi.lib : boot_cortex_m.c.obj (.stack)
                  20000004    00000ffc     --HOLE--

__llvm_prf_cnts 
*          0    20000000    00000000     UNINITIALIZED

MODULE SUMMARY

       Module                         code    ro data   rw data
       ------                         ----    -------   -------
    ./
       eth0.obj                       4312    0         22     
       gpio.obj                       1984    0         0      
       ethernet.obj                   1536    0         116    
       uart_input.obj                 1088    0         0      
       tm4c123gh6pm_startup_ccs.obj   12      620       0      
       spi0.obj                       352     0         0      
       uart0.obj                      292     0         0      
       wait.obj                       36      0         0      
       clock.obj                      16      0         0      
    +--+------------------------------+-------+---------+---------+
       Total:                         9628    620       138    
                                                               
    /Applications/ti/ccs1011/ccs/tools/compiler/ti-cgt-arm_20.2.1.LTS/lib/rtsv7M4_T_le_v4SPD16_eabi.lib
       _printfi.c.obj                 4851    0         0      
       fd_add_t2.asm.obj              438     0         0      
       fd_div_t2.asm.obj              310     0         0      
       s_scalbn.c.obj                 272     0         0      
       fd_cmp_t2.asm.obj              268     0         0      
       ctype.c.obj                    0       257       0      
       fd_mul_t2.asm.obj              252     0         0      
       memcpy_t2.asm.obj              156     0         0      
       ull_div_t2.asm.obj             150     0         0      
       memset_t2.asm.obj              122     0         0      
       copy_decompress_lzss.c.obj     104     0         0      
       s_frexp.c.obj                  100     0         0      
       sprintf.c.obj                  98      0         0      
       _ltoa.c.obj                    84      0         0      
       atoi.c.obj                     76      0         0      
       fd_toi_t2.asm.obj              72      0         0      
       autoinit.c.obj                 68      0         0      
       boot_cortex_m.c.obj            52      0         0      
       i_tofd_t2.asm.obj              46      0         0      
       copy_zero_init.c.obj           28      0         0      
       memccpy.c.obj                  28      0         0      
       s_copysign.c.obj               26      0         0      
       strcmp.c.obj                   24      0         0      
       strchr.c.obj                   22      0         0      
       strlen.c.obj                   20      0         0      
       wcslen.c.obj                   18      0         0      
       copy_decompress_none.c.obj     14      0         0      
       errno.c.obj                    8       0         4      
       exit.c.obj                     4       0         0      
       pre_init.c.obj                 4       0         0      
       div0.asm.obj                   2       0         0      
    +--+------------------------------+-------+---------+---------+
       Total:                         7717    257       4      
                                                               
       Stack:                         0       0         4096   
       Linker Generated:              0       65        0      
    +--+------------------------------+-------+---------+---------+
       Grand Total:                   17345   942       4238   


LINKER GENERATED COPY TABLES

__TI_cinit_table @ 00004770 records: 2, size/record: 8, table size: 16
	.data: load addr=00004738, load size=0000001d bytes, run addr=20001068, run size=00000028 bytes, compression=lzss
	.bss: load addr=00004768, load size=00000008 bytes, run addr=20001000, run size=00000068 bytes, compression=zero_init


LINKER GENERATED HANDLER TABLE

__TI_handler_table @ 00004758 records: 3, size/record: 4, table size: 12
	index: 0, handler: __TI_decompress_lzss
	index: 1, handler: __TI_decompress_none
	index: 2, handler: __TI_zero_init


GLOBAL SYMBOLS: SORTED ALPHABETICALLY BY Name 

address   name                          
-------   ----                          
20001070  BUFFER_LENGTH                 
00004631  C$$EXIT                       
20001068  ReadIndex                     
0000460f  ResetISR                      
2000106c  WriteIndex                    
20001000  __STACK_END                   
00001000  __STACK_SIZE                  
20000200  __STACK_TOP                   
00004770  __TI_CINIT_Base               
00004780  __TI_CINIT_Limit              
00004758  __TI_Handler_Table_Base       
00004764  __TI_Handler_Table_Limit      
000043e9  __TI_auto_init_nobinit_nopinit
0000418d  __TI_decompress_lzss          
00004601  __TI_decompress_none          
000042af  __TI_ltoa                     
ffffffff  __TI_pprof_out_hndl           
00001345  __TI_printfi                  
ffffffff  __TI_prof_data_size           
ffffffff  __TI_prof_data_start          
00000000  __TI_static_base__            
00004533  __TI_zero_init_nomemset       
00003f99  __aeabi_cdcmpeq               
00003f99  __aeabi_cdcmple               
0000401f  __aeabi_cdrcmple              
000043a1  __aeabi_d2iz                  
000033df  __aeabi_dadd                  
00003829  __aeabi_ddiv                  
00003cb9  __aeabi_dmul                  
000033d5  __aeabi_dsub                  
00004625  __aeabi_errno_addr            
000044e1  __aeabi_i2d                   
00001d93  __aeabi_idiv0                 
00001d93  __aeabi_ldiv0                 
000040a5  __aeabi_memclr                
000040a5  __aeabi_memclr4               
000040a5  __aeabi_memclr8               
00003e67  __aeabi_memcpy                
00003e67  __aeabi_memcpy4               
00003e67  __aeabi_memcpy8               
000040a7  __aeabi_memset                
000040a7  __aeabi_memset4               
000040a7  __aeabi_memset8               
00003f03  __aeabi_uldivmod              
ffffffff  __binit__                     
ffffffff  __c_args__                    
UNDEFED   __mpu_init                    
20000000  __stack                       
20000000  __start___llvm_prf_cnts       
20000000  __stop___llvm_prf_cnts        
000044ad  _c_int00_noargs               
00004634  _ctypes_                      
UNDEFED   _system_post_cinit            
0000462d  _system_pre_init              
00004631  abort                         
00004355  atoi                          
ffffffff  binit                         
20001000  chartxBuffer                  
000027c9  checkCommand                  
0000456b  copysign                      
0000456b  copysignl                     
2000107d  dhcpEnabled                   
000023c5  disablePinInterrupt           
000020fd  disablePinPulldown            
000020b5  disablePinPullup              
00001e51  disablePort                   
00002589  displayConnectionInfo         
0000272b  displayUart0                  
000023a1  enablePinInterrupt            
000020d9  enablePinPulldown             
00002087  enablePinPullup               
00001d95  enablePort                    
2000108c  errno                         
0000093d  etherCalcIpChecksum           
0000032b  etherClearReg                 
00000283  etherCsOff                    
0000026d  etherCsOn                     
000010e7  etherDisableDhcpMode          
000010df  etherEnableDhcpMode           
000010c9  etherGetId                    
00001159  etherGetIpAddress             
0000123d  etherGetIpGatewayAddress      
000011cb  etherGetIpSubnetMask          
000012b9  etherGetMacAddress            
000006a3  etherGetPacket                
00000efb  etherGetUdpData               
000010d5  etherIncId                    
00000477  etherInit                     
00000bd1  etherIsArpRequest             
00000659  etherIsDataAvailable          
000010ef  etherIsDhcpEnabled            
00000999  etherIsIp                     
00000a11  etherIsIpUnicast              
000010f5  etherIsIpValid                
0000063f  etherIsLinkUp                 
00000673  etherIsOverflow               
00000a75  etherIsPingRequest            
00000e53  etherIsUdp                    
00000795  etherPutPacket                
0000045f  etherReadMem                  
0000044d  etherReadMemStart             
0000046f  etherReadMemStop              
000003b3  etherReadPhy                  
000002c5  etherReadReg                  
00000d45  etherSendArpRequest           
00000c6f  etherSendArpResponse          
00000ac1  etherSendPingResponse         
00000f2d  etherSendUdpResponse          
0000035f  etherSetBank                  
00001121  etherSetIpAddress             
00001205  etherSetIpGatewayAddress      
00001193  etherSetIpSubnetMask          
00001277  etherSetMacAddress            
000002f7  etherSetReg                   
0000087b  etherSumWords                 
00000431  etherWriteMem                 
0000041f  etherWriteMemStart            
00000445  etherWriteMemStop             
0000037b  etherWritePhy                 
00000291  etherWriteReg                 
000041f5  frexp                         
000041f5  frexpl                        
00000000  g_pfnVectors                  
00000901  getEtherChecksum              
00002c3d  getFieldInteger               
00002bd1  getFieldString                
0000240f  getPinValue                   
000024c5  getPortValue                  
00003b57  getcUart0                     
00002f2f  getsUart0                     
00000975  htons                         
00002555  initHw                        
0000358d  initSpi0                      
000045f1  initSystemClockTo40Mhz        
00003a85  initUart0                     
2000107e  ipAddress                     
20001082  ipGwAddress                   
20001086  ipSubnetMask                  
00002b55  isCommand                     
00003b6b  kbhitUart0                    
00003ba9  ldexp                         
00003ba9  ldexpl                        
20001074  macAddress                    
000028e9  main                          
0000454f  memccpy                       
00003e67  memcpy                        
000040ad  memset                        
20001064  mqtt_ip                       
2000107a  nextPacketLsb                 
2000107b  nextPacketMsb                 
00002cb7  parseFields                   
00003b0f  putcUart0                     
00003b2b  putsUart0                     
000036c5  readSpi0Data                  
00003ba9  scalbn                        
00003ba9  scalbnl                       
00001fbb  selectPinAnalogInput          
00001f6d  selectPinDigitalInput         
000022d7  selectPinInterruptBothEdges   
00002287  selectPinInterruptFallingEdge 
0000232d  selectPinInterruptHighLevel   
00002367  selectPinInterruptLowLevel    
00002237  selectPinInterruptRisingEdge  
00001f1f  selectPinOpenDrainOutput      
00001ed1  selectPinPushPullOutput       
2000107c  sequenceId                    
00002125  setPinAuxFunction             
0000200b  setPinCommitControl           
000023e9  setPinValue                   
00002441  setPortValue                  
00003629  setSpi0BaudRate               
0000365f  setSpi0Mode                   
00003acf  setUart0BaudRate              
0000442d  sprintf                       
000045b5  strchr                        
0000459d  strcmp                        
000045cb  strlen                        
0000450f  waitMicrosecond               
000045df  wcslen                        
000036ad  writeSpi0Data                 


GLOBAL SYMBOLS: SORTED BY Symbol Address 

address   name                          
-------   ----                          
00000000  __TI_static_base__            
00000000  g_pfnVectors                  
0000026d  etherCsOn                     
00000283  etherCsOff                    
00000291  etherWriteReg                 
000002c5  etherReadReg                  
000002f7  etherSetReg                   
0000032b  etherClearReg                 
0000035f  etherSetBank                  
0000037b  etherWritePhy                 
000003b3  etherReadPhy                  
0000041f  etherWriteMemStart            
00000431  etherWriteMem                 
00000445  etherWriteMemStop             
0000044d  etherReadMemStart             
0000045f  etherReadMem                  
0000046f  etherReadMemStop              
00000477  etherInit                     
0000063f  etherIsLinkUp                 
00000659  etherIsDataAvailable          
00000673  etherIsOverflow               
000006a3  etherGetPacket                
00000795  etherPutPacket                
0000087b  etherSumWords                 
00000901  getEtherChecksum              
0000093d  etherCalcIpChecksum           
00000975  htons                         
00000999  etherIsIp                     
00000a11  etherIsIpUnicast              
00000a75  etherIsPingRequest            
00000ac1  etherSendPingResponse         
00000bd1  etherIsArpRequest             
00000c6f  etherSendArpResponse          
00000d45  etherSendArpRequest           
00000e53  etherIsUdp                    
00000efb  etherGetUdpData               
00000f2d  etherSendUdpResponse          
00001000  __STACK_SIZE                  
000010c9  etherGetId                    
000010d5  etherIncId                    
000010df  etherEnableDhcpMode           
000010e7  etherDisableDhcpMode          
000010ef  etherIsDhcpEnabled            
000010f5  etherIsIpValid                
00001121  etherSetIpAddress             
00001159  etherGetIpAddress             
00001193  etherSetIpSubnetMask          
000011cb  etherGetIpSubnetMask          
00001205  etherSetIpGatewayAddress      
0000123d  etherGetIpGatewayAddress      
00001277  etherSetMacAddress            
000012b9  etherGetMacAddress            
00001345  __TI_printfi                  
00001d93  __aeabi_idiv0                 
00001d93  __aeabi_ldiv0                 
00001d95  enablePort                    
00001e51  disablePort                   
00001ed1  selectPinPushPullOutput       
00001f1f  selectPinOpenDrainOutput      
00001f6d  selectPinDigitalInput         
00001fbb  selectPinAnalogInput          
0000200b  setPinCommitControl           
00002087  enablePinPullup               
000020b5  disablePinPullup              
000020d9  enablePinPulldown             
000020fd  disablePinPulldown            
00002125  setPinAuxFunction             
00002237  selectPinInterruptRisingEdge  
00002287  selectPinInterruptFallingEdge 
000022d7  selectPinInterruptBothEdges   
0000232d  selectPinInterruptHighLevel   
00002367  selectPinInterruptLowLevel    
000023a1  enablePinInterrupt            
000023c5  disablePinInterrupt           
000023e9  setPinValue                   
0000240f  getPinValue                   
00002441  setPortValue                  
000024c5  getPortValue                  
00002555  initHw                        
00002589  displayConnectionInfo         
0000272b  displayUart0                  
000027c9  checkCommand                  
000028e9  main                          
00002b55  isCommand                     
00002bd1  getFieldString                
00002c3d  getFieldInteger               
00002cb7  parseFields                   
00002f2f  getsUart0                     
000033d5  __aeabi_dsub                  
000033df  __aeabi_dadd                  
0000358d  initSpi0                      
00003629  setSpi0BaudRate               
0000365f  setSpi0Mode                   
000036ad  writeSpi0Data                 
000036c5  readSpi0Data                  
00003829  __aeabi_ddiv                  
00003a85  initUart0                     
00003acf  setUart0BaudRate              
00003b0f  putcUart0                     
00003b2b  putsUart0                     
00003b57  getcUart0                     
00003b6b  kbhitUart0                    
00003ba9  ldexp                         
00003ba9  ldexpl                        
00003ba9  scalbn                        
00003ba9  scalbnl                       
00003cb9  __aeabi_dmul                  
00003e67  __aeabi_memcpy                
00003e67  __aeabi_memcpy4               
00003e67  __aeabi_memcpy8               
00003e67  memcpy                        
00003f03  __aeabi_uldivmod              
00003f99  __aeabi_cdcmpeq               
00003f99  __aeabi_cdcmple               
0000401f  __aeabi_cdrcmple              
000040a5  __aeabi_memclr                
000040a5  __aeabi_memclr4               
000040a5  __aeabi_memclr8               
000040a7  __aeabi_memset                
000040a7  __aeabi_memset4               
000040a7  __aeabi_memset8               
000040ad  memset                        
0000418d  __TI_decompress_lzss          
000041f5  frexp                         
000041f5  frexpl                        
000042af  __TI_ltoa                     
00004355  atoi                          
000043a1  __aeabi_d2iz                  
000043e9  __TI_auto_init_nobinit_nopinit
0000442d  sprintf                       
000044ad  _c_int00_noargs               
000044e1  __aeabi_i2d                   
0000450f  waitMicrosecond               
00004533  __TI_zero_init_nomemset       
0000454f  memccpy                       
0000456b  copysign                      
0000456b  copysignl                     
0000459d  strcmp                        
000045b5  strchr                        
000045cb  strlen                        
000045df  wcslen                        
000045f1  initSystemClockTo40Mhz        
00004601  __TI_decompress_none          
0000460f  ResetISR                      
00004625  __aeabi_errno_addr            
0000462d  _system_pre_init              
00004631  C$$EXIT                       
00004631  abort                         
00004634  _ctypes_                      
00004758  __TI_Handler_Table_Base       
00004764  __TI_Handler_Table_Limit      
00004770  __TI_CINIT_Base               
00004780  __TI_CINIT_Limit              
20000000  __stack                       
20000000  __start___llvm_prf_cnts       
20000000  __stop___llvm_prf_cnts        
20000200  __STACK_TOP                   
20001000  __STACK_END                   
20001000  chartxBuffer                  
20001064  mqtt_ip                       
20001068  ReadIndex                     
2000106c  WriteIndex                    
20001070  BUFFER_LENGTH                 
20001074  macAddress                    
2000107a  nextPacketLsb                 
2000107b  nextPacketMsb                 
2000107c  sequenceId                    
2000107d  dhcpEnabled                   
2000107e  ipAddress                     
20001082  ipGwAddress                   
20001086  ipSubnetMask                  
2000108c  errno                         
ffffffff  __TI_pprof_out_hndl           
ffffffff  __TI_prof_data_size           
ffffffff  __TI_prof_data_start          
ffffffff  __binit__                     
ffffffff  __c_args__                    
ffffffff  binit                         
UNDEFED   __mpu_init                    
UNDEFED   _system_post_cinit            

[180 symbols]
